 addon

 Timestamp is 5ab18ab7 (Wed Mar 21 00:27:03 2018)

 Preferred load address is 0000000180000000

 Start         Length     Name                   Class
 0001:00000000 000b9cd0H .text$mn                CODE
 0001:000b9cd0 00001110H .text$mn$00             CODE
 0001:000bade0 00002007H .text$x                 CODE
 0002:00000000 00000110H .CRT$XCA                DATA
 0002:00000110 00000110H .CRT$XCU                DATA
 0002:00000220 00000110H .CRT$XCZ                DATA
 0002:00000330 00000110H .CRT$XIA                DATA
 0002:00000440 00000130H .CRT$XIC                DATA
 0002:00000570 00000110H .CRT$XIZ                DATA
 0002:00000680 00000110H .CRT$XPA                DATA
 0002:00000790 00000120H .CRT$XPX                DATA
 0002:000008b0 00000110H .CRT$XPXA               DATA
 0002:000009c0 00000110H .CRT$XPZ                DATA
 0002:00000ad0 00000110H .CRT$XTA                DATA
 0002:00000be0 00000110H .CRT$XTZ                DATA
 0002:00000cf0 00024598H .rdata                  DATA
 0002:00025288 0000060cH .rdata$r                DATA
 0002:00025894 0000018cH .rdata$zzzdbg           DATA
 0002:00025a20 00000110H .rtc$IAA                DATA
 0002:00025b30 00000120H .rtc$IMZ                DATA
 0002:00025c50 00000110H .rtc$IZZ                DATA
 0002:00025d60 00000110H .rtc$TAA                DATA
 0002:00025e70 00000120H .rtc$TMZ                DATA
 0002:00025f90 00000110H .rtc$TZZ                DATA
 0002:000260a0 00006f58H .xdata                  DATA
 0002:0002cff8 00000198H .xdata$x                DATA
 0002:0002d190 0000015dH .edata                  DATA
 0003:00000000 00000d08H .data                   DATA
 0003:00000d08 000002b8H .data$r                 DATA
 0003:00000fc0 00002119H .bss                    DATA
 0004:00000000 000086a0H .pdata                  DATA
 0005:00000000 000003c8H .idata$5                DATA
 0005:000003c8 00000014H .idata$2                DATA
 0005:000003dc 00000014H .idata$3                DATA
 0005:000003f0 000003c8H .idata$4                DATA
 0005:000007b8 0000089dH .idata$6                DATA
 0006:00000000 00000020H .didat$2                DATA
 0006:00000020 00000020H .didat$3                DATA
 0006:00000040 000000a8H .didat$4                DATA
 0006:000000e8 000000a8H .didat$5                DATA
 0006:00000190 000003a8H .didat$6                DATA
 0006:00000538 00000158H .didat$7                DATA
 0007:00000000 0000013fH .00cfg                  DATA
 0008:00000000 00000170H .rsrc$01                DATA
 0008:00000170 000002ccH .rsrc$02                DATA

  Address         Publics by Value              Rva+Base               Lib:Object

 0000:00000000       __guard_iat_table          0000000000000000     <absolute>
 0000:00000000       __enclave_config           0000000000000000     <absolute>
 0000:00000000       __hybrid_code_map_count    0000000000000000     <absolute>
 0000:00000000       __hybrid_code_map          0000000000000000     <absolute>
 0000:00000000       __guard_iat_count          0000000000000000     <absolute>
 0000:00000000       __guard_longjmp_table      0000000000000000     <absolute>
 0000:00000000       ___safe_se_handler_count   0000000000000000     <absolute>
 0000:00000000       __guard_longjmp_count      0000000000000000     <absolute>
 0000:00000000       __guard_fids_table         0000000000000000     <absolute>
 0000:00000000       __guard_fids_count         0000000000000000     <absolute>
 0000:00000000       __dynamic_value_reloc_table 0000000000000000     <absolute>
 0000:00000000       ___safe_se_handler_table   0000000000000000     <absolute>
 0000:00000000       __hybrid_auxiliary_iat     0000000000000000     <absolute>
 0000:00000100       __guard_flags              0000000000000100     <absolute>
 0000:00000000       __ImageBase                0000000180000000     <linker-defined>
 0001:00005c10       ?Method@demo@@YAXAEBV?$FunctionCallbackInfo@VValue@v8@@@v8@@@Z 0000000180006c10 f   hello.obj
 0001:00005c90       ?init@demo@@YAXV?$Local@VObject@v8@@@v8@@@Z 0000000180006c90 f   hello.obj
 0001:00005d50       ??$?0VFunction@v8@@@?$Local@VValue@v8@@@v8@@QEAA@V?$Local@VFunction@v8@@@1@@Z 0000000180006d50 f i hello.obj
 0001:00005dc0       ??$?0VString@v8@@@?$Local@VValue@v8@@@v8@@QEAA@V?$Local@VString@v8@@@1@@Z 0000000180006dc0 f i hello.obj
 0001:00005e30       ??$Set@VString@v8@@@?$ReturnValue@VValue@v8@@@v8@@QEAAXV?$Local@VString@v8@@@1@@Z 0000000180006e30 f i hello.obj
 0001:00005ed0       ??0?$Local@VSignature@v8@@@v8@@QEAA@XZ 0000000180006ed0 f i hello.obj
 0001:00005ef0       ??0?$Local@VValue@v8@@@v8@@QEAA@XZ 0000000180006ef0 f i hello.obj
 0001:00005f10       ??0?$ReturnValue@VValue@v8@@@v8@@AEAA@PEAPEAVObject@internal@1@@Z 0000000180006f10 f i hello.obj
 0001:00005f40       ??C?$Local@VFunction@v8@@@v8@@QEBAPEAVFunction@1@XZ 0000000180006f40 f i hello.obj
 0001:00005f60       ??C?$Local@VFunctionTemplate@v8@@@v8@@QEBAPEAVFunctionTemplate@1@XZ 0000000180006f60 f i hello.obj
 0001:00005f80       ??C?$Local@VObject@v8@@@v8@@QEBAPEAVObject@1@XZ 0000000180006f80 f i hello.obj
 0001:00005fa0       ??D?$Local@VFunction@v8@@@v8@@QEBAPEAVFunction@1@XZ 0000000180006fa0 f i hello.obj
 0001:00005fc0       ??D?$Local@VString@v8@@@v8@@QEBAPEAVString@1@XZ 0000000180006fc0 f i hello.obj
 0001:00005fe0       ?GetDefaultValue@?$ReturnValue@VValue@v8@@@v8@@AEAAPEAVObject@internal@2@XZ 0000000180006fe0 f i hello.obj
 0001:00006010       ?GetIsolate@?$FunctionCallbackInfo@VValue@v8@@@v8@@QEBAPEAVIsolate@2@XZ 0000000180007010 f i hello.obj
 0001:00006040       ?GetReturnValue@?$FunctionCallbackInfo@VValue@v8@@@v8@@QEBA?AV?$ReturnValue@VValue@v8@@@2@XZ 0000000180007040 f i hello.obj
 0001:000060a0       ?IsEmpty@?$Local@VString@v8@@@v8@@QEBA_NXZ 00000001800070a0 f i hello.obj
 0001:00006100       ?NODE_SET_METHOD@node@@YAXV?$Local@VObject@v8@@@v8@@PEBDP6AXAEBV?$FunctionCallbackInfo@VValue@v8@@@3@@Z@Z 0000000180007100 f i hello.obj
 0001:00006330       ?__empty_global_delete@@YAXPEAX@Z 0000000180007330 f i hello.obj
 0001:00006340       ?__empty_global_delete@@YAXPEAX_K@Z 0000000180007340 f i hello.obj
 0001:000063e8       GetModuleHandleA           00000001800073e8 f   kernel32:KERNEL32.dll
 0001:000063ee       __imp_load_??0HandleScope@v8@@QEAA@PEAVIsolate@1@@Z 00000001800073ee f   node:node.exe
 0001:000063fa       ??0HandleScope@v8@@QEAA@PEAVIsolate@1@@Z 00000001800073fa f   node:node.exe
 0001:00006400       __tailMerge_node_exe       0000000180007400     node:node.exe
 0001:00006479       __imp_load_??1HandleScope@v8@@QEAA@XZ 0000000180007479 f   node:node.exe
 0001:00006485       ??1HandleScope@v8@@QEAA@XZ 0000000180007485 f   node:node.exe
 0001:0000648b       __imp_load_?NewFromUtf8@String@v8@@SA?AV?$Local@VString@v8@@@2@PEAVIsolate@2@PEBDW4NewStringType@12@H@Z 000000018000748b f   node:node.exe
 0001:00006497       ?NewFromUtf8@String@v8@@SA?AV?$Local@VString@v8@@@2@PEAVIsolate@2@PEBDW4NewStringType@12@H@Z 0000000180007497 f   node:node.exe
 0001:0000649d       __imp_load_?Set@Object@v8@@QEAA_NV?$Local@VValue@v8@@@2@0@Z 000000018000749d f   node:node.exe
 0001:000064a9       ?Set@Object@v8@@QEAA_NV?$Local@VValue@v8@@@2@0@Z 00000001800074a9 f   node:node.exe
 0001:000064af       __imp_load_?SetName@Function@v8@@QEAAXV?$Local@VString@v8@@@2@@Z 00000001800074af f   node:node.exe
 0001:000064bb       ?SetName@Function@v8@@QEAAXV?$Local@VString@v8@@@2@@Z 00000001800074bb f   node:node.exe
 0001:000064c1       __imp_load_?New@FunctionTemplate@v8@@SA?AV?$Local@VFunctionTemplate@v8@@@2@PEAVIsolate@2@P6AXAEBV?$FunctionCallbackInfo@VValue@v8@@@2@@ZV?$Local@VValue@v8@@@2@V?$Local@VSignature@v8@@@2@HW4ConstructorBehavior@2@@Z 00000001800074c1 f   node:node.exe
 0001:000064cd       ?New@FunctionTemplate@v8@@SA?AV?$Local@VFunctionTemplate@v8@@@2@PEAVIsolate@2@P6AXAEBV?$FunctionCallbackInfo@VValue@v8@@@2@@ZV?$Local@VValue@v8@@@2@V?$Local@VSignature@v8@@@2@HW4ConstructorBehavior@2@@Z 00000001800074cd f   node:node.exe
 0001:000064d3       __imp_load_?GetFunction@FunctionTemplate@v8@@QEAA?AV?$Local@VFunction@v8@@@2@XZ 00000001800074d3 f   node:node.exe
 0001:000064df       ?GetFunction@FunctionTemplate@v8@@QEAA?AV?$Local@VFunction@v8@@@2@XZ 00000001800074df f   node:node.exe
 0001:000064e5       __imp_load_?GetCurrent@Isolate@v8@@SAPEAV12@XZ 00000001800074e5 f   node:node.exe
 0001:000064f1       ?GetCurrent@Isolate@v8@@SAPEAV12@XZ 00000001800074f1 f   node:node.exe
 0001:000064f7       __imp_load_node_module_register 00000001800074f7 f   node:node.exe
 0001:00006503       node_module_register       0000000180007503 f   node:node.exe
 0001:00006510       _RTC_AllocaHelper          0000000180007510 f   LIBCMTD:_stack_.obj
 0001:00006560       _RTC_CheckStackVars        0000000180007560 f   LIBCMTD:_stack_.obj
 0001:00006610       _RTC_CheckStackVars2       0000000180007610 f   LIBCMTD:_stack_.obj
 0001:00006760       _CRT_RTC_INIT              0000000180007760 f   LIBCMTD:_init_.obj
 0001:00006770       _CRT_RTC_INITW             0000000180007770 f   LIBCMTD:_init_.obj
 0001:00006780       _RTC_InitBase              0000000180007780 f   LIBCMTD:_init_.obj
 0001:000067d0       _RTC_Shutdown              00000001800077d0 f   LIBCMTD:_init_.obj
 0001:00006ce0       _CRT_INIT                  0000000180007ce0 f   LIBCMTD:dll_dllmain.obj
 0001:00006d20       _DllMainCRTStartup         0000000180007d20 f   LIBCMTD:dll_dllmain.obj
 0001:00006d70       ??$__vcrt_va_start_verify_argument_type@QEBD@@YAXXZ 0000000180007d70 f i LIBCMTD:_error_.obj
 0001:00006e30       ?_RTC_AllocaFailure@@YAXPEAXPEAU_RTC_ALLOCA_NODE@@H@Z 0000000180007e30 f   LIBCMTD:_error_.obj
 0001:00006fe0       ?_RTC_Failure@@YAXPEAXH@Z  0000000180007fe0 f   LIBCMTD:_error_.obj
 0001:00007050       ?_RTC_StackFailure@@YAXPEAXPEBD@Z 0000000180008050 f   LIBCMTD:_error_.obj
 0001:000075a0       _RTC_UninitUse             00000001800085a0 f   LIBCMTD:_error_.obj
 0001:000076a0       __local_stdio_printf_options 00000001800086a0 f i LIBCMTD:_error_.obj
 0001:000076b0       _vsprintf_s_l              00000001800086b0 f i LIBCMTD:_error_.obj
 0001:00007730       sprintf_s                  0000000180008730 f i LIBCMTD:_error_.obj
 0001:00007780       ?_RTC_GetErrorFunc@@YAP6AHHPEBDH00ZZPEBX@Z 0000000180008780 f   LIBCMTD:_userapi_.obj
 0001:00007790       ?_RTC_GetErrorFuncW@@YAP6AHHPEB_WH00ZZPEBX@Z 0000000180008790 f   LIBCMTD:_userapi_.obj
 0001:000077a0       _RTC_GetErrDesc            00000001800087a0 f   LIBCMTD:_userapi_.obj
 0001:000077c0       _RTC_NumErrors             00000001800087c0 f   LIBCMTD:_userapi_.obj
 0001:000077d0       _RTC_SetErrorFunc          00000001800087d0 f   LIBCMTD:_userapi_.obj
 0001:000077f0       _RTC_SetErrorFuncW         00000001800087f0 f   LIBCMTD:_userapi_.obj
 0001:00007810       _RTC_SetErrorType          0000000180008810 f   LIBCMTD:_userapi_.obj
 0001:00007930       __security_init_cookie     0000000180008930 f   LIBCMTD:gs_support.obj
 0001:000079d0       DllMain                    00000001800089d0 f   LIBCMTD:dll_dllmain_stub.obj
 0001:000079f0       ?__scrt_initialize_type_info@@YAXXZ 00000001800089f0 f   LIBCMTD:tncleanup.obj
 0001:00007a10       ?__scrt_uninitialize_type_info@@YAXXZ 0000000180008a10 f   LIBCMTD:tncleanup.obj
 0001:00007a30       __local_stdio_scanf_options 0000000180008a30 f i LIBCMTD:default_local_stdio_options.obj
 0001:00007a40       __scrt_initialize_default_local_stdio_options 0000000180008a40 f   LIBCMTD:default_local_stdio_options.obj
 0001:00007aa0       ??$__crt_fast_decode_pointer@PEAP6AXXZ@@YAPEAP6AXXZQEAP6AXXZ@Z 0000000180008aa0 f i LIBCMTD:utility.obj
 0001:00007af0       ??$__crt_fast_encode_pointer@PEAP6AXXZ@@YAPEAP6AXXZQEAP6AXXZ@Z 0000000180008af0 f i LIBCMTD:utility.obj
 0001:00007b40       ?__crt_rotate_pointer_value@@YA_K_KH@Z 0000000180008b40 f i LIBCMTD:utility.obj
 0001:00007b60       ?configure_argv@__scrt_narrow_argv_policy@@SAHXZ 0000000180008b60 f i LIBCMTD:utility.obj
 0001:00007c80       ?initialize_environment@__scrt_narrow_environment_policy@@SAHXZ 0000000180008c80 f i LIBCMTD:utility.obj
 0001:00007d50       NtCurrentTeb               0000000180008d50 f i LIBCMTD:utility.obj
 0001:00007d60       __scrt_acquire_startup_lock 0000000180008d60 f   LIBCMTD:utility.obj
 0001:00007de0       __scrt_dllmain_after_initialize_c 0000000180008de0 f   LIBCMTD:utility.obj
 0001:00007e20       __scrt_dllmain_before_initialize_c 0000000180008e20 f   LIBCMTD:utility.obj
 0001:00007e50       __scrt_dllmain_crt_thread_attach 0000000180008e50 f   LIBCMTD:utility.obj
 0001:00007e90       __scrt_dllmain_crt_thread_detach 0000000180008e90 f   LIBCMTD:utility.obj
 0001:00007eb0       __scrt_dllmain_exception_filter 0000000180008eb0 f   LIBCMTD:utility.obj
 0001:00007f30       __scrt_dllmain_uninitialize_c 0000000180008f30 f   LIBCMTD:utility.obj
 0001:00007f70       __scrt_dllmain_uninitialize_critical 0000000180008f70 f   LIBCMTD:utility.obj
 0001:00007f90       __scrt_initialize_crt      0000000180008f90 f   LIBCMTD:utility.obj
 0001:00007ff0       __scrt_initialize_onexit_tables 0000000180008ff0 f   LIBCMTD:utility.obj
 0001:00008140       __scrt_is_nonwritable_in_current_image 0000000180009140 f   LIBCMTD:utility.obj
 0001:000081f0       __scrt_release_startup_lock 00000001800091f0 f   LIBCMTD:utility.obj
 0001:00008230       __scrt_uninitialize_crt    0000000180009230 f   LIBCMTD:utility.obj
 0001:00008280       _onexit                    0000000180009280 f   LIBCMTD:utility.obj
 0001:00008330       at_quick_exit              0000000180009330 f   LIBCMTD:utility.obj
 0001:000083a0       atexit                     00000001800093a0 f   LIBCMTD:utility.obj
 0001:000083e0       __scrt_get_dyn_tls_init_callback 00000001800093e0 f   LIBCMTD:dyn_tls_init.obj
 0001:000083f0       __crt_debugger_hook        00000001800093f0 f   LIBCMTD:utility_desktop.obj
 0001:00008410       __scrt_fastfail            0000000180009410 f   LIBCMTD:utility_desktop.obj
 0001:00008610       __scrt_get_show_window_mode 0000000180009610 f   LIBCMTD:utility_desktop.obj
 0001:00008680       __scrt_initialize_winrt    0000000180009680 f   LIBCMTD:utility_desktop.obj
 0001:00008690       __scrt_is_managed_app      0000000180009690 f   LIBCMTD:utility_desktop.obj
 0001:00008760       __scrt_set_unhandled_exception_filter 0000000180009760 f   LIBCMTD:utility_desktop.obj
 0001:00008780       __scrt_unhandled_exception_filter 0000000180009780 f   LIBCMTD:utility_desktop.obj
 0001:00008810       _RTC_Initialize            0000000180009810 f   LIBCMTD:_initsect_.obj
 0001:00008870       _RTC_Terminate             0000000180009870 f   LIBCMTD:_initsect_.obj
 0001:000088d0       _guard_check_icall         00000001800098d0 f i LIBCMTD:checkcfg.obj
 0001:00008f60       ?_RTC_GetSrcLine@@YAHPEAEPEA_WKPEAH1K@Z 0000000180009f60 f   LIBCMTD:_pdblkup_.obj
 0001:000094f0       __GSHandlerCheck           000000018000a4f0 f   LIBCMTD:_gshandler_.obj
 0001:00009540       __GSHandlerCheckCommon     000000018000a540 f   LIBCMTD:_gshandler_.obj
 0001:00009690       __security_check_cookie    000000018000a690 f   LIBCMTD:_amdsecgs_.obj
 0001:000096c0       __isa_available_init       000000018000a6c0 f   LIBCMTD:_cpu_disp_.obj
 0001:00009b10       _get_startup_argv_mode     000000018000ab10 f   LIBCMTD:argv_mode.obj
 0001:00009b20       __scrt_is_ucrt_dll_in_use  000000018000ab20 f   LIBCMTD:ucrt_detection.obj
 0001:00009b50       _guard_check_icall_nop     000000018000ab50 f i LIBCMTD:guard_support.obj
 0001:00009b60       ReadNoFence64              000000018000ab60 f i LIBCMTD:guard_support.obj
 0001:00009b90       ReadPointerNoFence         000000018000ab90 f i LIBCMTD:guard_support.obj
 0001:00009bb0       __guard_ss_common_verify_stub 000000018000abb0 f i LIBCMTD:guard_support.obj
 0001:00009bc0       _guard_icall_checks_enforced 000000018000abc0 f i LIBCMTD:guard_support.obj
 0001:00009c10       _guard_rf_checks_enforced  000000018000ac10 f i LIBCMTD:guard_support.obj
 0001:00009c60       __raise_securityfailure    000000018000ac60 f   LIBCMTD:gs_report.obj
 0001:00009cb0       __report_gsfailure         000000018000acb0 f   LIBCMTD:gs_report.obj
 0001:00009dc0       __report_rangecheckfailure 000000018000adc0 f   LIBCMTD:gs_report.obj
 0001:00009de0       __report_securityfailure   000000018000ade0 f   LIBCMTD:gs_report.obj
 0001:00009eb0       __report_securityfailureEx 000000018000aeb0 f   LIBCMTD:gs_report.obj
 0001:0000a1b0       __C_specific_handler       000000018000b1b0 f   libvcruntimed:_riscchandler_.obj
 0001:0000a740       ??$?RD@__crt_internal_free_policy@@QEBAXQEBD@Z 000000018000b740 f i libvcruntimed:std_type_info.obj
 0001:0000a770       ??$?RX@__crt_internal_free_policy@@QEBAXQEBX@Z 000000018000b770 f i libvcruntimed:std_type_info.obj
 0001:0000a7a0       ??$__crt_interlocked_compare_exchange_pointer@$$CBDPEAD$$T@@YAPEBDPEDSEBDQEAD$$T@Z 000000018000b7a0 f i libvcruntimed:std_type_info.obj
 0001:0000a7f0       ??$__crt_interlocked_read_pointer@$$CBD@@YAPEBDPEDSEBD@Z 000000018000b7f0 f i libvcruntimed:std_type_info.obj
 0001:0000a810       ??0?$__crt_unique_heap_ptr@DU__crt_internal_free_policy@@@@QEAA@QEAD@Z 000000018000b810 f i libvcruntimed:std_type_info.obj
 0001:0000a840       ??0?$__crt_unique_heap_ptr@XU__crt_internal_free_policy@@@@QEAA@QEAX@Z 000000018000b840 f i libvcruntimed:std_type_info.obj
 0001:0000a870       ??1?$__crt_unique_heap_ptr@DU__crt_internal_free_policy@@@@QEAA@XZ 000000018000b870 f i libvcruntimed:std_type_info.obj
 0001:0000a890       ??1?$__crt_unique_heap_ptr@XU__crt_internal_free_policy@@@@QEAA@XZ 000000018000b890 f i libvcruntimed:std_type_info.obj
 0001:0000a8d0       ??B?$__crt_unique_heap_ptr@DU__crt_internal_free_policy@@@@QEBA_NXZ 000000018000b8d0 f i libvcruntimed:std_type_info.obj
 0001:0000a8f0       ??B?$__crt_unique_heap_ptr@XU__crt_internal_free_policy@@@@QEBA_NXZ 000000018000b8f0 f i libvcruntimed:std_type_info.obj
 0001:0000a980       ?__crt_interlocked_read_64@@YA_JPED_J@Z 000000018000b980 f i libvcruntimed:std_type_info.obj
 0001:0000a9b0       ?detach@?$__crt_unique_heap_ptr@XU__crt_internal_free_policy@@@@QEAAPEAXXZ 000000018000b9b0 f i libvcruntimed:std_type_info.obj
 0001:0000a9f0       ?get@?$__crt_unique_heap_ptr@DU__crt_internal_free_policy@@@@QEBAPEADXZ 000000018000b9f0 f i libvcruntimed:std_type_info.obj
 0001:0000aa10       ?get@?$__crt_unique_heap_ptr@XU__crt_internal_free_policy@@@@QEBAPEAXXZ 000000018000ba10 f i libvcruntimed:std_type_info.obj
 0001:0000aa30       ?is_valid@?$__crt_unique_heap_ptr@DU__crt_internal_free_policy@@@@QEBA_NXZ 000000018000ba30 f i libvcruntimed:std_type_info.obj
 0001:0000aa70       ?is_valid@?$__crt_unique_heap_ptr@XU__crt_internal_free_policy@@@@QEBA_NXZ 000000018000ba70 f i libvcruntimed:std_type_info.obj
 0001:0000aab0       ?release@?$__crt_unique_heap_ptr@DU__crt_internal_free_policy@@@@QEAAXXZ 000000018000bab0 f i libvcruntimed:std_type_info.obj
 0001:0000aaf0       ?release@?$__crt_unique_heap_ptr@XU__crt_internal_free_policy@@@@QEAAXXZ 000000018000baf0 f i libvcruntimed:std_type_info.obj
 0001:0000ab30       __std_type_info_compare    000000018000bb30 f   libvcruntimed:std_type_info.obj
 0001:0000ab80       __std_type_info_destroy_list 000000018000bb80 f   libvcruntimed:std_type_info.obj
 0001:0000abf0       __std_type_info_hash       000000018000bbf0 f   libvcruntimed:std_type_info.obj
 0001:0000acd0       __std_type_info_name       000000018000bcd0 f   libvcruntimed:std_type_info.obj
 0001:0000b050       __vcrt_initialize          000000018000c050 f   libvcruntimed:initialization.obj
 0001:0000b0a0       __vcrt_thread_attach       000000018000c0a0 f   libvcruntimed:initialization.obj
 0001:0000b0c0       __vcrt_thread_detach       000000018000c0c0 f   libvcruntimed:initialization.obj
 0001:0000b0e0       __vcrt_uninitialize        000000018000c0e0 f   libvcruntimed:initialization.obj
 0001:0000b110       __vcrt_uninitialize_critical 000000018000c110 f   libvcruntimed:initialization.obj
 0001:0000b140       __vcrt_GetModuleFileNameW  000000018000c140 f   libvcruntimed:winapi_thunks.obj
 0001:0000b180       __vcrt_GetModuleHandleW    000000018000c180 f   libvcruntimed:winapi_thunks.obj
 0001:0000b1a0       __vcrt_LoadLibraryExW      000000018000c1a0 f   libvcruntimed:winapi_thunks.obj
 0001:0000b1f0       _local_unwind              000000018000c1f0 f   libvcruntimed:_jmpuwind_.obj
 0001:0000b220       _NLG_Notify                000000018000c220 f   libvcruntimed:_jmpuwind_.obj
 0001:0000b240       __NLG_Dispatch2            000000018000c240 f   libvcruntimed:_jmpuwind_.obj
 0001:0000b250       __NLG_Return2              000000018000c250 f   libvcruntimed:_jmpuwind_.obj
 0001:0000b290       __except_validate_context_record 000000018000c290 f   libvcruntimed:jbcxrval.obj
 0001:0000b300       __except_validate_jump_buffer 000000018000c300 f   libvcruntimed:jbcxrval.obj
 0001:0000b330       __except_validate_jump_buffer_common 000000018000c330 f i libvcruntimed:jbcxrval.obj
 0001:0000b3e0       ??0Block@_HeapManager@@QEAA@XZ 000000018000c3e0 f i libvcruntimed:undname.obj
 0001:0000b400       ??0DName@@QEAA@AEAPEBDD@Z  000000018000c400 f   libvcruntimed:undname.obj
 0001:0000b750       ??0DName@@QEAA@AEBV0@@Z    000000018000c750 f i libvcruntimed:undname.obj
 0001:0000b790       ??0DName@@QEAA@D@Z         000000018000c790 f   libvcruntimed:undname.obj
 0001:0000b7f0       ??0DName@@QEAA@PEAV0@@Z    000000018000c7f0 f   libvcruntimed:undname.obj
 0001:0000b910       ??0DName@@QEAA@PEBD@Z      000000018000c910 f   libvcruntimed:undname.obj
 0001:0000b990       ??0DName@@QEAA@W4DNameStatus@@@Z 000000018000c990 f   libvcruntimed:undname.obj
 0001:0000ba70       ??0DName@@QEAA@XZ          000000018000ca70 f i libvcruntimed:undname.obj
 0001:0000baa0       ??0DName@@QEAA@_J@Z        000000018000caa0 f   libvcruntimed:undname.obj
 0001:0000bbf0       ??0DName@@QEAA@_K@Z        000000018000cbf0 f   libvcruntimed:undname.obj
 0001:0000bd00       ??0DNameNode@@IEAA@XZ      000000018000cd00 f i libvcruntimed:undname.obj
 0001:0000bd20       ??0Replicator@@QEAA@XZ     000000018000cd20 f i libvcruntimed:undname.obj
 0001:0000bd40       ??0UnDecorator@@QEAA@PEADPEBDHP6APEADJ@ZK@Z 000000018000cd40 f i libvcruntimed:undname.obj
 0001:0000be40       ??0charNode@@QEAA@D@Z      000000018000ce40 f i libvcruntimed:undname.obj
 0001:0000be90       ??0pDNameNode@@QEAA@PEAVDName@@@Z 000000018000ce90 f   libvcruntimed:undname.obj
 0001:0000bf30       ??0pairNode@@QEAA@PEBVDNameNode@@0@Z 000000018000cf30 f i libvcruntimed:undname.obj
 0001:0000bfb0       ??0pcharNode@@QEAA@PEBDH@Z 000000018000cfb0 f   libvcruntimed:undname.obj
 0001:0000c0b0       ??2@YAPEAX_KAEAV_HeapManager@@H@Z 000000018000d0b0 f i libvcruntimed:undname.obj
 0001:0000c0f0       ??4DName@@QEAAAEAV0@AEBV0@@Z 000000018000d0f0 f   libvcruntimed:undname.obj
 0001:0000c130       ??4DName@@QEAAAEAV0@D@Z    000000018000d130 f i libvcruntimed:undname.obj
 0001:0000c190       ??4DName@@QEAAAEAV0@PEAV0@@Z 000000018000d190 f   libvcruntimed:undname.obj
 0001:0000c290       ??4DName@@QEAAAEAV0@PEBD@Z 000000018000d290 f   libvcruntimed:undname.obj
 0001:0000c2f0       ??4DName@@QEAAAEAV0@W4DNameStatus@@@Z 000000018000d2f0 f   libvcruntimed:undname.obj
 0001:0000c3b0       ??AReplicator@@QEBA?AVDName@@H@Z 000000018000d3b0 f   libvcruntimed:undname.obj
 0001:0000c460       ??BUnDecorator@@QEAAPEADXZ 000000018000d460 f i libvcruntimed:undname.obj
 0001:0000c860       ??H@YA?AVDName@@DAEBV0@@Z  000000018000d860 f i libvcruntimed:undname.obj
 0001:0000c8b0       ??H@YA?AVDName@@PEBDAEBV0@@Z 000000018000d8b0 f i libvcruntimed:undname.obj
 0001:0000c900       ??H@YA?AVDName@@W4DNameStatus@@AEBV0@@Z 000000018000d900 f i libvcruntimed:undname.obj
 0001:0000c950       ??HDName@@QEBA?AV0@AEBV0@@Z 000000018000d950 f   libvcruntimed:undname.obj
 0001:0000c9b0       ??HDName@@QEBA?AV0@D@Z     000000018000d9b0 f   libvcruntimed:undname.obj
 0001:0000ca10       ??HDName@@QEBA?AV0@PEAV0@@Z 000000018000da10 f   libvcruntimed:undname.obj
 0001:0000ca70       ??HDName@@QEBA?AV0@PEBD@Z  000000018000da70 f   libvcruntimed:undname.obj
 0001:0000cad0       ??HDName@@QEBA?AV0@W4DNameStatus@@@Z 000000018000dad0 f   libvcruntimed:undname.obj
 0001:0000cb30       ??YDName@@QEAAAEAV0@AEBV0@@Z 000000018000db30 f   libvcruntimed:undname.obj
 0001:0000cbd0       ??YDName@@QEAAAEAV0@D@Z    000000018000dbd0 f   libvcruntimed:undname.obj
 0001:0000cca0       ??YDName@@QEAAAEAV0@PEAV0@@Z 000000018000dca0 f   libvcruntimed:undname.obj
 0001:0000cdc0       ??YDName@@QEAAAEAV0@PEBD@Z 000000018000ddc0 f   libvcruntimed:undname.obj
 0001:0000ceb0       ??YDName@@QEAAAEAV0@W4DNameStatus@@@Z 000000018000deb0 f   libvcruntimed:undname.obj
 0001:0000cf40       ??YReplicator@@QEAAAEAV0@AEBVDName@@@Z 000000018000df40 f   libvcruntimed:undname.obj
 0001:0000d030       ??_5DName@@QEAAAEAV0@AEBV0@@Z 000000018000e030 f   libvcruntimed:undname.obj
 0001:0000d0b0       ?Constructor@_HeapManager@@QEAAXP6APEAX_K@ZP6AXPEAX@Z@Z 000000018000e0b0 f i libvcruntimed:undname.obj
 0001:0000d120       ?Destructor@_HeapManager@@QEAAXXZ 000000018000e120 f i libvcruntimed:undname.obj
 0001:0000d1c0       ?UScore@UnDecorator@@SAPEBDW4Tokens@@@Z 000000018000e1c0 f   libvcruntimed:undname.obj
 0001:0000d210       ?append@DName@@AEAAXPEBVDNameNode@@@Z 000000018000e210 f   libvcruntimed:undname.obj
 0001:0000d2f0       ?composeDeclaration@UnDecorator@@CA?AVDName@@AEBV2@@Z 000000018000e2f0 f i libvcruntimed:undname.obj
 0001:0000fc00       ?dbGetString@DName@@QEBAPEADXZ 0000000180010c00 f   libvcruntimed:undname.obj
 0001:0000fc40       ?doAccessSpecifiers@UnDecorator@@SAHXZ 0000000180010c40 f i libvcruntimed:undname.obj
 0001:0000fc80       ?doAllocationLanguage@UnDecorator@@SAHXZ 0000000180010c80 f i libvcruntimed:undname.obj
 0001:0000fcc0       ?doAllocationModel@UnDecorator@@SAHXZ 0000000180010cc0 f i libvcruntimed:undname.obj
 0001:0000fd00       ?doEcsu@UnDecorator@@SAHXZ 0000000180010d00 f i libvcruntimed:undname.obj
 0001:0000fd40       ?doEllipsis@UnDecorator@@SAHXZ 0000000180010d40 f i libvcruntimed:undname.obj
 0001:0000fd80       ?doFunctionReturns@UnDecorator@@SAHXZ 0000000180010d80 f i libvcruntimed:undname.obj
 0001:0000fdc0       ?doMSKeywords@UnDecorator@@SAHXZ 0000000180010dc0 f i libvcruntimed:undname.obj
 0001:0000fe00       ?doMemberTypes@UnDecorator@@SAHXZ 0000000180010e00 f i libvcruntimed:undname.obj
 0001:0000fe40       ?doNameOnly@UnDecorator@@SAHXZ 0000000180010e40 f i libvcruntimed:undname.obj
 0001:0000fe50       ?doNoIdentCharCheck@UnDecorator@@SAHXZ 0000000180010e50 f i libvcruntimed:undname.obj
 0001:0000fe60       ?doPchar@DName@@AEAAXPEBDH@Z 0000000180010e60 f   libvcruntimed:undname.obj
 0001:00010050       ?doPtr64@UnDecorator@@SAHXZ 0000000180011050 f i libvcruntimed:undname.obj
 0001:00010090       ?doRestrictionSpec@UnDecorator@@SAHXZ 0000000180011090 f i libvcruntimed:undname.obj
 0001:000100d0       ?doThisTypes@UnDecorator@@SAHXZ 00000001800110d0 f i libvcruntimed:undname.obj
 0001:00010110       ?doThrowTypes@UnDecorator@@SAHXZ 0000000180011110 f i libvcruntimed:undname.obj
 0001:00010150       ?doTypeOnly@UnDecorator@@SAHXZ 0000000180011150 f i libvcruntimed:undname.obj
 0001:00010160       ?doUnderScore@UnDecorator@@SAHXZ 0000000180011160 f i libvcruntimed:undname.obj
 0001:000101a0       ?getArgumentList@UnDecorator@@CA?AVDName@@XZ 00000001800111a0 f   libvcruntimed:undname.obj
 0001:000103a0       ?getArgumentTypes@UnDecorator@@CA?AVDName@@XZ 00000001800113a0 f   libvcruntimed:undname.obj
 0001:000105d0       ?getArrayType@UnDecorator@@CA?AVDName@@AEBV2@@Z 00000001800115d0 f i libvcruntimed:undname.obj
 0001:00010980       ?getBasedType@UnDecorator@@CA?AVDName@@XZ 0000000180011980 f   libvcruntimed:undname.obj
 0001:00010ab0       ?getBasicDataType@UnDecorator@@CA?AVDName@@AEBV2@@Z 0000000180011ab0 f   libvcruntimed:undname.obj
 0001:000113d0       ?getCallIndex@UnDecorator@@CA?AVDName@@XZ 00000001800123d0 f i libvcruntimed:undname.obj
 0001:00011400       ?getCallingConvention@UnDecorator@@CA?AVDName@@XZ 0000000180012400 f   libvcruntimed:undname.obj
 0001:00011670       ?getDataIndirectType@UnDecorator@@CA?AVDName@@AEBV2@PEBD0H@Z 0000000180012670 f   libvcruntimed:undname.obj
 0001:00012350       ?getDataIndirectType@UnDecorator@@CA?AVDName@@XZ 0000000180013350 f i libvcruntimed:undname.obj
 0001:000123c0       ?getDataType@UnDecorator@@CA?AVDName@@PEAV2@@Z 00000001800133c0 f   libvcruntimed:undname.obj
 0001:000125b0       ?getDecoratedName@UnDecorator@@CA?AVDName@@XZ 00000001800135b0 f   libvcruntimed:undname.obj
 0001:00012ab0       ?getDimension@UnDecorator@@CA?AVDName@@_N@Z 0000000180013ab0 f   libvcruntimed:undname.obj
 0001:00012ef0       ?getDispatchTarget@UnDecorator@@CA?AVDName@@XZ 0000000180013ef0 f   libvcruntimed:undname.obj
 0001:00012ff0       ?getDisplacement@UnDecorator@@CA?AVDName@@XZ 0000000180013ff0 f i libvcruntimed:undname.obj
 0001:00013020       ?getECSUDataType@UnDecorator@@CA?AVDName@@XZ 0000000180014020 f   libvcruntimed:undname.obj
 0001:000132f0       ?getECSUName@UnDecorator@@CA?AVDName@@XZ 00000001800142f0 f i libvcruntimed:undname.obj
 0001:00013320       ?getEnumType@UnDecorator@@CA?AVDName@@XZ 0000000180014320 f i libvcruntimed:undname.obj
 0001:00013500       ?getExtendedDataIndirectType@UnDecorator@@CA?AVDName@@AEAPEBDAEA_NH@Z 0000000180014500 f   libvcruntimed:undname.obj
 0001:000138f0       ?getExternalDataType@UnDecorator@@CA?AVDName@@AEBV2@@Z 00000001800148f0 f i libvcruntimed:undname.obj
 0001:000139f0       ?getFunctionIndirectType@UnDecorator@@CA?AVDName@@AEBV2@@Z 00000001800149f0 f   libvcruntimed:undname.obj
 0001:00014120       ?getGuardNumber@UnDecorator@@CA?AVDName@@XZ 0000000180015120 f i libvcruntimed:undname.obj
 0001:00014150       ?getLastChar@DName@@QEBADXZ 0000000180015150 f i libvcruntimed:undname.obj
 0001:000141c0       ?getLastChar@DNameStatusNode@@UEBADXZ 00000001800151c0 f i libvcruntimed:undname.obj
 0001:00014210       ?getLastChar@charNode@@UEBADXZ 0000000180015210 f i libvcruntimed:undname.obj
 0001:00014230       ?getLastChar@pDNameNode@@UEBADXZ 0000000180015230 f i libvcruntimed:undname.obj
 0001:00014280       ?getLastChar@pairNode@@UEBADXZ 0000000180015280 f i libvcruntimed:undname.obj
 0001:00014340       ?getLastChar@pcharNode@@UEBADXZ 0000000180015340 f i libvcruntimed:undname.obj
 0001:00014390       ?getLexicalFrame@UnDecorator@@CA?AVDName@@XZ 0000000180015390 f i libvcruntimed:undname.obj
 0001:000143e0       ?getMemory@_HeapManager@@QEAAPEAX_KH@Z 00000001800153e0 f   libvcruntimed:undname.obj
 0001:000145c0       ?getNoexcept@UnDecorator@@CA?AVDName@@XZ 00000001800155c0 f   libvcruntimed:undname.obj
 0001:00014670       ?getNumberOfDimensions@UnDecorator@@CAHXZ 0000000180015670 f   libvcruntimed:undname.obj
 0001:000147e0       ?getOperatorName@UnDecorator@@CA?AVDName@@_NPEA_N@Z 00000001800157e0 f i libvcruntimed:undname.obj
 0001:000158c0       ?getPointerType@UnDecorator@@CA?AVDName@@AEBV2@0@Z 00000001800168c0 f i libvcruntimed:undname.obj
 0001:00015920       ?getPointerTypeArray@UnDecorator@@CA?AVDName@@AEBV2@0@Z 0000000180016920 f i libvcruntimed:undname.obj
 0001:00015980       ?getPrimaryDataType@UnDecorator@@CA?AVDName@@AEBV2@@Z 0000000180016980 f   libvcruntimed:undname.obj
 0001:00015fa0       ?getPtrRefDataType@UnDecorator@@CA?AVDName@@AEBV2@H@Z 0000000180016fa0 f   libvcruntimed:undname.obj
 0001:000162d0       ?getPtrRefType@UnDecorator@@CA?AVDName@@AEBV2@0PEBD@Z 00000001800172d0 f   libvcruntimed:undname.obj
 0001:00016570       ?getReferenceType@UnDecorator@@CA?AVDName@@AEBV2@0PEBD@Z 0000000180017570 f i libvcruntimed:undname.obj
 0001:000165c0       ?getRestrictionSpec@UnDecorator@@CA?AVDName@@XZ 00000001800175c0 f   libvcruntimed:undname.obj
 0001:000167f0       ?getReturnType@UnDecorator@@CA?AVDName@@PEAV2@@Z 00000001800177f0 f   libvcruntimed:undname.obj
 0001:00016870       ?getScope@UnDecorator@@CA?AVDName@@XZ 0000000180017870 f   libvcruntimed:undname.obj
 0001:00016fe0       ?getScopedName@UnDecorator@@CA?AVDName@@XZ 0000000180017fe0 f   libvcruntimed:undname.obj
 0001:000171a0       ?getSignedDimension@UnDecorator@@CA?AVDName@@XZ 00000001800181a0 f   libvcruntimed:undname.obj
 0001:00017250       ?getStorageConvention@UnDecorator@@CA?AVDName@@XZ 0000000180018250 f i libvcruntimed:undname.obj
 0001:00017280       ?getString@DName@@QEBAPEADPEAD0@Z 0000000180018280 f i libvcruntimed:undname.obj
 0001:00017310       ?getString@DName@@QEBAPEADPEADH@Z 0000000180018310 f i libvcruntimed:undname.obj
 0001:000173f0       ?getString@DNameStatusNode@@UEBAPEADPEAD0@Z 00000001800183f0 f i libvcruntimed:undname.obj
 0001:00017450       ?getString@charNode@@UEBAPEADPEAD0@Z 0000000180018450 f i libvcruntimed:undname.obj
 0001:000174a0       ?getString@pDNameNode@@UEBAPEADPEAD0@Z 00000001800184a0 f i libvcruntimed:undname.obj
 0001:00017510       ?getString@pairNode@@UEBAPEADPEAD0@Z 0000000180018510 f i libvcruntimed:undname.obj
 0001:00017600       ?getString@pcharNode@@UEBAPEADPEAD0@Z 0000000180018600 f i libvcruntimed:undname.obj
 0001:00017650       ?getStringEncoding@UnDecorator@@CA?AVDName@@PEBDH@Z 0000000180018650 f   libvcruntimed:undname.obj
 0001:000177e0       ?getStringHelper@@YAPEADPEADPEBD1H@Z 00000001800187e0 f i libvcruntimed:undname.obj
 0001:00017860       ?getSymbolName@UnDecorator@@CA?AVDName@@XZ 0000000180018860 f i libvcruntimed:undname.obj
 0001:00017920       ?getTemplateArgumentList@UnDecorator@@CA?AVDName@@XZ 0000000180018920 f   libvcruntimed:undname.obj
 0001:00017eb0       ?getTemplateConstant@UnDecorator@@CA?AVDName@@XZ 0000000180018eb0 f   libvcruntimed:undname.obj
 0001:00018700       ?getTemplateName@UnDecorator@@CA?AVDName@@_N@Z 0000000180019700 f   libvcruntimed:undname.obj
 0001:000189d0       ?getThisType@UnDecorator@@CA?AVDName@@XZ 00000001800199d0 f i libvcruntimed:undname.obj
 0001:00018a40       ?getThrowTypes@UnDecorator@@CA?AVDName@@XZ 0000000180019a40 f   libvcruntimed:undname.obj
 0001:00018ac0       ?getTypeEncoding@UnDecorator@@CAHXZ 0000000180019ac0 f i libvcruntimed:undname.obj
 0001:00019990       ?getVCallThunkType@UnDecorator@@CA?AVDName@@XZ 000000018001a990 f i libvcruntimed:undname.obj
 0001:00019a30       ?getVbTableType@UnDecorator@@CA?AVDName@@AEBV2@@Z 000000018001aa30 f i libvcruntimed:undname.obj
 0001:00019a60       ?getVdispMapType@UnDecorator@@CA?AVDName@@AEBV2@@Z 000000018001aa60 f i libvcruntimed:undname.obj
 0001:00019b10       ?getVfTableType@UnDecorator@@CA?AVDName@@AEBV2@@Z 000000018001ab10 f i libvcruntimed:undname.obj
 0001:00019dc0       ?getZName@UnDecorator@@CA?AVDName@@_N0@Z 000000018001adc0 f   libvcruntimed:undname.obj
 0001:0001a250       ?haveTemplateParameters@UnDecorator@@SAHXZ 000000018001b250 f i libvcruntimed:undname.obj
 0001:0001a260       ?isArray@DName@@QEBAHXZ    000000018001b260 f i libvcruntimed:undname.obj
 0001:0001a280       ?isComArray@DName@@QEBAHXZ 000000018001b280 f i libvcruntimed:undname.obj
 0001:0001a2a0       ?isEmpty@DName@@QEBAHXZ    000000018001b2a0 f i libvcruntimed:undname.obj
 0001:0001a2e0       ?isFull@Replicator@@QEBAHXZ 000000018001b2e0 f i libvcruntimed:undname.obj
 0001:0001a320       ?isNoTE@DName@@QEBAHXZ     000000018001b320 f i libvcruntimed:undname.obj
 0001:0001a340       ?isPinPtr@DName@@QEBAHXZ   000000018001b340 f i libvcruntimed:undname.obj
 0001:0001a360       ?isPtrRef@DName@@QEBAHXZ   000000018001b360 f i libvcruntimed:undname.obj
 0001:0001a380       ?isUDC@DName@@QEBAHXZ      000000018001b380 f i libvcruntimed:undname.obj
 0001:0001a3e0       ?isUDTThunk@DName@@QEBAHXZ 000000018001b3e0 f i libvcruntimed:undname.obj
 0001:0001a440       ?isVCallThunk@DName@@QEBAHXZ 000000018001b440 f i libvcruntimed:undname.obj
 0001:0001a460       ?isValid@DName@@QEBAHXZ    000000018001b460 f i libvcruntimed:undname.obj
 0001:0001a4b0       ?length@DName@@QEBAHXZ     000000018001b4b0 f i libvcruntimed:undname.obj
 0001:0001a520       ?length@DNameStatusNode@@UEBAHXZ 000000018001b520 f i libvcruntimed:undname.obj
 0001:0001a540       ?length@charNode@@UEBAHXZ  000000018001b540 f i libvcruntimed:undname.obj
 0001:0001a550       ?length@pDNameNode@@UEBAHXZ 000000018001b550 f i libvcruntimed:undname.obj
 0001:0001a5a0       ?length@pairNode@@UEBAHXZ  000000018001b5a0 f i libvcruntimed:undname.obj
 0001:0001a680       ?length@pcharNode@@UEBAHXZ 000000018001b680 f i libvcruntimed:undname.obj
 0001:0001a6a0       ?make@DNameStatusNode@@SAPEBV1@W4DNameStatus@@@Z 000000018001b6a0 f i libvcruntimed:undname.obj
 0001:0001a700       ?setIsArray@DName@@QEAAXXZ 000000018001b700 f i libvcruntimed:undname.obj
 0001:0001a720       ?setIsComArray@DName@@QEAAXXZ 000000018001b720 f i libvcruntimed:undname.obj
 0001:0001a740       ?setIsNoTE@DName@@QEAAXXZ  000000018001b740 f i libvcruntimed:undname.obj
 0001:0001a760       ?setIsPinPtr@DName@@QEAAXXZ 000000018001b760 f i libvcruntimed:undname.obj
 0001:0001a780       ?setIsUDC@DName@@QEAAXXZ   000000018001b780 f i libvcruntimed:undname.obj
 0001:0001a7c0       ?setIsVCallThunk@DName@@QEAAXXZ 000000018001b7c0 f i libvcruntimed:undname.obj
 0001:0001a7e0       ?setPtrRef@DName@@QEAAAEAV1@XZ 000000018001b7e0 f i libvcruntimed:undname.obj
 0001:0001a810       ?status@DName@@QEBA?AW4DNameStatus@@XZ 000000018001b810 f i libvcruntimed:undname.obj
 0001:0001a980       __unDName                  000000018001b980 f   libvcruntimed:undname.obj
 0001:0001aa80       __unDNameEx                000000018001ba80 f   libvcruntimed:undname.obj
 0001:0001ab80       ??$?RU__vcrt_ptd@@@__crt_internal_free_policy@@QEBAXQEBU__vcrt_ptd@@@Z 000000018001bb80 f i libvcruntimed:per_thread_data.obj
 0001:0001abb0       ??0?$__crt_unique_heap_ptr@U__vcrt_ptd@@U__crt_internal_free_policy@@@@QEAA@QEAU__vcrt_ptd@@@Z 000000018001bbb0 f i libvcruntimed:per_thread_data.obj
 0001:0001ac10       ??1?$__crt_unique_heap_ptr@U__vcrt_ptd@@U__crt_internal_free_policy@@@@QEAA@XZ 000000018001bc10 f i libvcruntimed:per_thread_data.obj
 0001:0001ac60       ??B?$__crt_unique_heap_ptr@U__vcrt_ptd@@U__crt_internal_free_policy@@@@QEBA_NXZ 000000018001bc60 f i libvcruntimed:per_thread_data.obj
 0001:0001ac80       ?detach@?$__crt_unique_heap_ptr@U__vcrt_ptd@@U__crt_internal_free_policy@@@@QEAAPEAU__vcrt_ptd@@XZ 000000018001bc80 f i libvcruntimed:per_thread_data.obj
 0001:0001acc0       ?get@?$__crt_unique_heap_ptr@U__vcrt_ptd@@U__crt_internal_free_policy@@@@QEBAPEAU__vcrt_ptd@@XZ 000000018001bcc0 f i libvcruntimed:per_thread_data.obj
 0001:0001ace0       ?is_valid@?$__crt_unique_heap_ptr@U__vcrt_ptd@@U__crt_internal_free_policy@@@@QEBA_NXZ 000000018001bce0 f i libvcruntimed:per_thread_data.obj
 0001:0001ad20       ?release@?$__crt_unique_heap_ptr@U__vcrt_ptd@@U__crt_internal_free_policy@@@@QEAAXXZ 000000018001bd20 f i libvcruntimed:per_thread_data.obj
 0001:0001ada0       __vcrt_freefls             000000018001bda0 f   libvcruntimed:per_thread_data.obj
 0001:0001adf0       __vcrt_freeptd             000000018001bdf0 f   libvcruntimed:per_thread_data.obj
 0001:0001ae70       __vcrt_getptd              000000018001be70 f   libvcruntimed:per_thread_data.obj
 0001:0001aea0       __vcrt_getptd_noexit       000000018001bea0 f   libvcruntimed:per_thread_data.obj
 0001:0001b0b0       __vcrt_getptd_noinit       000000018001c0b0 f   libvcruntimed:per_thread_data.obj
 0001:0001b130       __vcrt_initialize_ptd      000000018001c130 f   libvcruntimed:per_thread_data.obj
 0001:0001b190       __vcrt_uninitialize_ptd    000000018001c190 f   libvcruntimed:per_thread_data.obj
 0001:0001b1d0       __vcrt_initialize_locks    000000018001c1d0 f   libvcruntimed:locks.obj
 0001:0001b260       __vcrt_lock                000000018001c260 f   libvcruntimed:locks.obj
 0001:0001b2a0       __vcrt_uninitialize_locks  000000018001c2a0 f   libvcruntimed:locks.obj
 0001:0001b310       __vcrt_unlock              000000018001c310 f   libvcruntimed:locks.obj
 0001:0001b350       ??$?BX@__crt_fast_encoded_nullptr_t@@QEBAPEAXXZ 000000018001c350 f i libvcruntimed:winapi_downlevel.obj
 0001:0001b370       ??$__crt_fast_decode_pointer@PEAX@@YAPEAXQEAX@Z 000000018001c370 f i libvcruntimed:winapi_downlevel.obj
 0001:0001b3c0       ??$__crt_fast_encode_pointer@PEAX@@YAPEAXQEAX@Z 000000018001c3c0 f i libvcruntimed:winapi_downlevel.obj
 0001:0001b410       ??$__crt_interlocked_exchange_pointer@UHINSTANCE__@@PEAU1@@@YAPEAUHINSTANCE__@@PEDSEAU0@QEAU0@@Z 000000018001c410 f i libvcruntimed:winapi_downlevel.obj
 0001:0001b430       ??$__crt_interlocked_exchange_pointer@UHINSTANCE__@@PEAX@@YAPEAUHINSTANCE__@@PEDSEAU0@QEAX@Z 000000018001c430 f i libvcruntimed:winapi_downlevel.obj
 0001:0001b450       ??$__crt_interlocked_exchange_pointer@XPEAX@@YAPEAXPEDSEAXQEAX@Z 000000018001c450 f i libvcruntimed:winapi_downlevel.obj
 0001:0001b470       ??$__crt_interlocked_read_pointer@UHINSTANCE__@@@@YAPEAUHINSTANCE__@@PEDSEAU0@@Z 000000018001c470 f i libvcruntimed:winapi_downlevel.obj
 0001:0001b490       ??$__crt_interlocked_read_pointer@X@@YAPEAXPEDSEAX@Z 000000018001c490 f i libvcruntimed:winapi_downlevel.obj
 0001:0001b4b0       ?__crt_fast_encode_pointer@@YA?AU__crt_fast_encoded_nullptr_t@@$$T@Z 000000018001c4b0 f i libvcruntimed:winapi_downlevel.obj
 0001:0001bb70       __vcrt_FlsAlloc            000000018001cb70 f   libvcruntimed:winapi_downlevel.obj
 0001:0001bbd0       __vcrt_FlsFree             000000018001cbd0 f   libvcruntimed:winapi_downlevel.obj
 0001:0001bc30       __vcrt_FlsGetValue         000000018001cc30 f   libvcruntimed:winapi_downlevel.obj
 0001:0001bc90       __vcrt_FlsSetValue         000000018001cc90 f   libvcruntimed:winapi_downlevel.obj
 0001:0001bd00       __vcrt_InitializeCriticalSectionEx 000000018001cd00 f   libvcruntimed:winapi_downlevel.obj
 0001:0001bd80       __vcrt_initialize_winapi_thunks 000000018001cd80 f   libvcruntimed:winapi_downlevel.obj
 0001:0001be20       __vcrt_uninitialize_winapi_thunks 000000018001ce20 f   libvcruntimed:winapi_downlevel.obj
 0001:0001bee0       ??$?B$$A6AXXZ@__crt_fast_encoded_nullptr_t@@QEBAP6AXXZXZ 000000018001cee0 f i libvcruntimed:purevirt_data.obj
 0001:0001bf00       ??$__crt_fast_encode_pointer@P6AXXZ@@YAP6AXXZQ6AXXZ@Z 000000018001cf00 f i libvcruntimed:purevirt_data.obj
 0001:0001bf50       __vcrt_initialize_pure_virtual_call_handler 000000018001cf50 f   libvcruntimed:purevirt_data.obj
 0001:0001bf80       ??$__crt_fast_decode_pointer@P6AXXZ@@YAP6AXXZQ6AXXZ@Z 000000018001cf80 f i libvcruntimed:purevirt.obj
 0001:0001bfd0       ??$__crt_interlocked_exchange_pointer@$$A6AXXZP6AXXZ@@YAP6AXXZPEDS6AXXZQ6AXXZ@Z 000000018001cfd0 f i libvcruntimed:purevirt.obj
 0001:0001bff0       ??$__crt_interlocked_read_pointer@$$A6AXXZ@@YAP6AXXZPEDS6AXXZ@Z 000000018001cff0 f i libvcruntimed:purevirt.obj
 0001:0001c010       _get_purecall_handler      000000018001d010 f   libvcruntimed:purevirt.obj
 0001:0001c040       _purecall                  000000018001d040 f   libvcruntimed:purevirt.obj
 0001:0001c090       _set_purecall_handler      000000018001d090 f   libvcruntimed:purevirt.obj
 0001:0001c0d0       ??0_LocaleUpdate@@QEAA@QEAU__crt_locale_pointers@@@Z 000000018001d0d0 f i libucrtd:stricmp.obj
 0001:0001c240       ??1_LocaleUpdate@@QEAA@XZ  000000018001d240 f i libucrtd:stricmp.obj
 0001:0001c280       ?GetLocaleT@_LocaleUpdate@@QEAAPEAU__crt_locale_pointers@@XZ 000000018001d280 f i libucrtd:stricmp.obj
 0001:0001c2a0       __acrt_locale_changed      000000018001d2a0 f i libucrtd:stricmp.obj
 0001:0001c2d0       __ascii_stricmp            000000018001d2d0 f   libucrtd:stricmp.obj
 0001:0001c3a0       _stricmp                   000000018001d3a0 f   libucrtd:stricmp.obj
 0001:0001c5a0       _stricmp_l                 000000018001d5a0 f   libucrtd:stricmp.obj
 0001:0001c8f0       ??$?RU?$__crt_report_hook_node@D@@@__crt_internal_free_policy@@QEBAXQEBU?$__crt_report_hook_node@D@@@Z 000000018001d8f0 f i libucrtd:dbgrpt.obj
 0001:0001c920       ??$?RU?$__crt_report_hook_node@_W@@@__crt_internal_free_policy@@QEBAXQEBU?$__crt_report_hook_node@_W@@@Z 000000018001d920 f i libucrtd:dbgrpt.obj
 0001:0001caf0       ??$__vcrt_va_start_verify_argument_type@QEB_W@@YAXXZ 000000018001daf0 f i libucrtd:dbgrpt.obj
 0001:0001e010       ??$get_module_file_name@AEAPEAUHINSTANCE__@@AEAY0BAF@DK@?$__crt_char_traits@D@@SAKAEAPEAUHINSTANCE__@@AEAY0BAF@D$$QEAK@Z 000000018001f010 f i libucrtd:dbgrpt.obj
 0001:0001e050       ??$get_module_file_name@AEAPEAUHINSTANCE__@@AEAY0BAF@_WK@?$__crt_char_traits@_W@@SAKAEAPEAUHINSTANCE__@@AEAY0BAF@_W$$QEAK@Z 000000018001f050 f i libucrtd:dbgrpt.obj
 0001:0001e090       ??$tcscpy_s@AEAY0BAF@D_KPEBD@?$__crt_char_traits@D@@SAHAEAY0BAF@D$$QEA_K$$QEAPEBD@Z 000000018001f090 f i libucrtd:dbgrpt.obj
 0001:0001e0d0       ??$tcscpy_s@AEAY0BAF@_W_KPEB_W@?$__crt_char_traits@_W@@SAHAEAY0BAF@_W$$QEA_K$$QEAPEB_W@Z 000000018001f0d0 f i libucrtd:dbgrpt.obj
 0001:0001e110       ??$tcslen@AEAY0BAF@D@?$__crt_char_traits@D@@SA_KAEAY0BAF@D@Z 000000018001f110 f i libucrtd:dbgrpt.obj
 0001:0001e130       ??$tcslen@AEAY0BAF@_W@?$__crt_char_traits@_W@@SA_KAEAY0BAF@_W@Z 000000018001f130 f i libucrtd:dbgrpt.obj
 0001:0001e150       ??$tcslen@AEBQEBD@?$__crt_char_traits@D@@SA_KAEBQEBD@Z 000000018001f150 f i libucrtd:dbgrpt.obj
 0001:0001e180       ??$tcslen@AEBQEB_W@?$__crt_char_traits@_W@@SA_KAEBQEB_W@Z 000000018001f180 f i libucrtd:dbgrpt.obj
 0001:0001e2f0       ??0?$__crt_unique_heap_ptr@U?$__crt_report_hook_node@D@@U__crt_internal_free_policy@@@@QEAA@QEAU?$__crt_report_hook_node@D@@@Z 000000018001f2f0 f i libucrtd:dbgrpt.obj
 0001:0001e320       ??0?$__crt_unique_heap_ptr@U?$__crt_report_hook_node@_W@@U__crt_internal_free_policy@@@@QEAA@QEAU?$__crt_report_hook_node@_W@@@Z 000000018001f320 f i libucrtd:dbgrpt.obj
 0001:0001e350       ??1?$__crt_unique_heap_ptr@U?$__crt_report_hook_node@D@@U__crt_internal_free_policy@@@@QEAA@XZ 000000018001f350 f i libucrtd:dbgrpt.obj
 0001:0001e370       ??1?$__crt_unique_heap_ptr@U?$__crt_report_hook_node@_W@@U__crt_internal_free_policy@@@@QEAA@XZ 000000018001f370 f i libucrtd:dbgrpt.obj
 0001:0001e390       ??B?$__crt_unique_heap_ptr@U?$__crt_report_hook_node@D@@U__crt_internal_free_policy@@@@QEBA_NXZ 000000018001f390 f i libucrtd:dbgrpt.obj
 0001:0001e3b0       ??B?$__crt_unique_heap_ptr@U?$__crt_report_hook_node@_W@@U__crt_internal_free_policy@@@@QEBA_NXZ 000000018001f3b0 f i libucrtd:dbgrpt.obj
 0001:0001ec10       ?detach@?$__crt_unique_heap_ptr@U?$__crt_report_hook_node@D@@U__crt_internal_free_policy@@@@QEAAPEAU?$__crt_report_hook_node@D@@XZ 000000018001fc10 f i libucrtd:dbgrpt.obj
 0001:0001ec50       ?detach@?$__crt_unique_heap_ptr@U?$__crt_report_hook_node@_W@@U__crt_internal_free_policy@@@@QEAAPEAU?$__crt_report_hook_node@_W@@XZ 000000018001fc50 f i libucrtd:dbgrpt.obj
 0001:0001ec90       ?get@?$__crt_unique_heap_ptr@U?$__crt_report_hook_node@D@@U__crt_internal_free_policy@@@@QEBAPEAU?$__crt_report_hook_node@D@@XZ 000000018001fc90 f i libucrtd:dbgrpt.obj
 0001:0001ecb0       ?get@?$__crt_unique_heap_ptr@U?$__crt_report_hook_node@_W@@U__crt_internal_free_policy@@@@QEBAPEAU?$__crt_report_hook_node@_W@@XZ 000000018001fcb0 f i libucrtd:dbgrpt.obj
 0001:0001ed30       ?is_valid@?$__crt_unique_heap_ptr@U?$__crt_report_hook_node@D@@U__crt_internal_free_policy@@@@QEBA_NXZ 000000018001fd30 f i libucrtd:dbgrpt.obj
 0001:0001ed70       ?is_valid@?$__crt_unique_heap_ptr@U?$__crt_report_hook_node@_W@@U__crt_internal_free_policy@@@@QEBA_NXZ 000000018001fd70 f i libucrtd:dbgrpt.obj
 0001:0001edb0       ?release@?$__crt_unique_heap_ptr@U?$__crt_report_hook_node@D@@U__crt_internal_free_policy@@@@QEAAXXZ 000000018001fdb0 f i libucrtd:dbgrpt.obj
 0001:0001edf0       ?release@?$__crt_unique_heap_ptr@U?$__crt_report_hook_node@_W@@U__crt_internal_free_policy@@@@QEAAXXZ 000000018001fdf0 f i libucrtd:dbgrpt.obj
 0001:0001ee30       _CrtDbgReport              000000018001fe30 f   libucrtd:dbgrpt.obj
 0001:0001eed0       _CrtDbgReportW             000000018001fed0 f   libucrtd:dbgrpt.obj
 0001:0001ef70       _CrtSetReportHook2         000000018001ff70 f   libucrtd:dbgrpt.obj
 0001:0001efa0       _CrtSetReportHookW2        000000018001ffa0 f   libucrtd:dbgrpt.obj
 0001:0001efd0       __acrt_MessageWindowA      000000018001ffd0 f   libucrtd:dbgrpt.obj
 0001:0001f030       __acrt_MessageWindowW      0000000180020030 f   libucrtd:dbgrpt.obj
 0001:0001f090       _invoke_watson_if_error    0000000180020090 f i libucrtd:dbgrpt.obj
 0001:0001f0f0       _invoke_watson_if_oneof    00000001800200f0 f i libucrtd:dbgrpt.obj
 0001:0001f170       _snwprintf_s               0000000180020170 f i libucrtd:dbgrpt.obj
 0001:0001f200       _vsnwprintf_s_l            0000000180020200 f i libucrtd:dbgrpt.obj
 0001:0001f2a0       _initterm                  00000001800202a0 f   libucrtd:initterm.obj
 0001:0001f320       _initterm_e                0000000180020320 f   libucrtd:initterm.obj
 0001:0001f9b0       strcpy_s                   00000001800209b0 f   libucrtd:strcpy_s.obj
 0001:000201f0       strcat_s                   00000001800211f0 f   libucrtd:strcat_s.obj
 0001:00020230       ??$?0AEBV?$stream_output_adapter@D@__crt_stdio_output@@AEB_KAEBQEBDAEBQEAU__crt_locale_pointers@@AEBQEAD@?$format_validation_base@DV?$stream_output_adapter@D@__crt_stdio_output@@@__crt_stdio_output@@IEAA@AEBV?$stream_output_adapter@D@1@AEB_KAEBQEBDAEBQEAU__crt_locale_pointers@@AEBQEAD@Z 0000000180021230 f i libucrtd:output.obj
 0001:000202a0       ??$?0AEBV?$stream_output_adapter@D@__crt_stdio_output@@AEB_KAEBQEBDAEBQEAU__crt_locale_pointers@@AEBQEAD@?$positional_parameter_base@DV?$stream_output_adapter@D@__crt_stdio_output@@@__crt_stdio_output@@IEAA@AEBV?$stream_output_adapter@D@1@AEB_KAEBQEBDAEBQEAU__crt_locale_pointers@@AEBQEAD@Z 00000001800212a0 f i libucrtd:output.obj
 0001:00020370       ??$?0AEBV?$stream_output_adapter@D@__crt_stdio_output@@AEB_KAEBQEBDAEBQEAU__crt_locale_pointers@@AEBQEAD@?$standard_base@DV?$stream_output_adapter@D@__crt_stdio_output@@@__crt_stdio_output@@IEAA@AEBV?$stream_output_adapter@D@1@AEB_KAEBQEBDAEBQEAU__crt_locale_pointers@@AEBQEAD@Z 0000000180021370 f i libucrtd:output.obj
 0001:00020400       ??$?0AEBV?$stream_output_adapter@_W@__crt_stdio_output@@AEB_KAEBQEB_WAEBQEAU__crt_locale_pointers@@AEBQEAD@?$format_validation_base@_WV?$stream_output_adapter@_W@__crt_stdio_output@@@__crt_stdio_output@@IEAA@AEBV?$stream_output_adapter@_W@1@AEB_KAEBQEB_WAEBQEAU__crt_locale_pointers@@AEBQEAD@Z 0000000180021400 f i libucrtd:output.obj
 0001:00020470       ??$?0AEBV?$stream_output_adapter@_W@__crt_stdio_output@@AEB_KAEBQEB_WAEBQEAU__crt_locale_pointers@@AEBQEAD@?$positional_parameter_base@_WV?$stream_output_adapter@_W@__crt_stdio_output@@@__crt_stdio_output@@IEAA@AEBV?$stream_output_adapter@_W@1@AEB_KAEBQEB_WAEBQEAU__crt_locale_pointers@@AEBQEAD@Z 0000000180021470 f i libucrtd:output.obj
 0001:00020540       ??$?0AEBV?$stream_output_adapter@_W@__crt_stdio_output@@AEB_KAEBQEB_WAEBQEAU__crt_locale_pointers@@AEBQEAD@?$standard_base@_WV?$stream_output_adapter@_W@__crt_stdio_output@@@__crt_stdio_output@@IEAA@AEBV?$stream_output_adapter@_W@1@AEB_KAEBQEB_WAEBQEAU__crt_locale_pointers@@AEBQEAD@Z 0000000180021540 f i libucrtd:output.obj
 0001:000205d0       ??$?0AEBV?$string_output_adapter@D@__crt_stdio_output@@AEB_KAEBQEBDAEBQEAU__crt_locale_pointers@@AEBQEAD@?$format_validation_base@DV?$string_output_adapter@D@__crt_stdio_output@@@__crt_stdio_output@@IEAA@AEBV?$string_output_adapter@D@1@AEB_KAEBQEBDAEBQEAU__crt_locale_pointers@@AEBQEAD@Z 00000001800215d0 f i libucrtd:output.obj
 0001:00020640       ??$?0AEBV?$string_output_adapter@D@__crt_stdio_output@@AEB_KAEBQEBDAEBQEAU__crt_locale_pointers@@AEBQEAD@?$positional_parameter_base@DV?$string_output_adapter@D@__crt_stdio_output@@@__crt_stdio_output@@IEAA@AEBV?$string_output_adapter@D@1@AEB_KAEBQEBDAEBQEAU__crt_locale_pointers@@AEBQEAD@Z 0000000180021640 f i libucrtd:output.obj
 0001:00020710       ??$?0AEBV?$string_output_adapter@D@__crt_stdio_output@@AEB_KAEBQEBDAEBQEAU__crt_locale_pointers@@AEBQEAD@?$standard_base@DV?$string_output_adapter@D@__crt_stdio_output@@@__crt_stdio_output@@IEAA@AEBV?$string_output_adapter@D@1@AEB_KAEBQEBDAEBQEAU__crt_locale_pointers@@AEBQEAD@Z 0000000180021710 f i libucrtd:output.obj
 0001:000207a0       ??$?0AEBV?$string_output_adapter@_W@__crt_stdio_output@@AEB_KAEBQEB_WAEBQEAU__crt_locale_pointers@@AEBQEAD@?$format_validation_base@_WV?$string_output_adapter@_W@__crt_stdio_output@@@__crt_stdio_output@@IEAA@AEBV?$string_output_adapter@_W@1@AEB_KAEBQEB_WAEBQEAU__crt_locale_pointers@@AEBQEAD@Z 00000001800217a0 f i libucrtd:output.obj
 0001:00020810       ??$?0AEBV?$string_output_adapter@_W@__crt_stdio_output@@AEB_KAEBQEB_WAEBQEAU__crt_locale_pointers@@AEBQEAD@?$positional_parameter_base@_WV?$string_output_adapter@_W@__crt_stdio_output@@@__crt_stdio_output@@IEAA@AEBV?$string_output_adapter@_W@1@AEB_KAEBQEB_WAEBQEAU__crt_locale_pointers@@AEBQEAD@Z 0000000180021810 f i libucrtd:output.obj
 0001:000208e0       ??$?0AEBV?$string_output_adapter@_W@__crt_stdio_output@@AEB_KAEBQEB_WAEBQEAU__crt_locale_pointers@@AEBQEAD@?$standard_base@_WV?$string_output_adapter@_W@__crt_stdio_output@@@__crt_stdio_output@@IEAA@AEBV?$string_output_adapter@_W@1@AEB_KAEBQEB_WAEBQEAU__crt_locale_pointers@@AEBQEAD@Z 00000001800218e0 f i libucrtd:output.obj
 0001:00020e50       ??$__crt_interlocked_read@J@@YAJPEDJ@Z 0000000180021e50 f i libucrtd:output.obj
 0001:000257c0       ??$count@D@formatting_buffer@__crt_stdio_output@@QEBA_KXZ 00000001800267c0 f i libucrtd:output.obj
 0001:00025820       ??$count@_W@formatting_buffer@__crt_stdio_output@@QEBA_KXZ 0000000180026820 f i libucrtd:output.obj
 0001:00025890       ??$data@D@formatting_buffer@__crt_stdio_output@@QEAAPEADXZ 0000000180026890 f i libucrtd:output.obj
 0001:000258f0       ??$data@_W@formatting_buffer@__crt_stdio_output@@QEAAPEA_WXZ 00000001800268f0 f i libucrtd:output.obj
 0001:00025950       ??$ensure_buffer_is_big_enough@D@formatting_buffer@__crt_stdio_output@@QEAA_N_K@Z 0000000180026950 f i libucrtd:output.obj
 0001:00025ac0       ??$ensure_buffer_is_big_enough@_W@formatting_buffer@__crt_stdio_output@@QEAA_N_K@Z 0000000180026ac0 f i libucrtd:output.obj
 0001:00025c40       ??$extract_argument_from_va_list@C_J@?$positional_parameter_base@DV?$stream_output_adapter@D@__crt_stdio_output@@@__crt_stdio_output@@IEAA_NAEA_J@Z 0000000180026c40 f i libucrtd:output.obj
 0001:00025e20       ??$extract_argument_from_va_list@C_J@?$positional_parameter_base@DV?$string_output_adapter@D@__crt_stdio_output@@@__crt_stdio_output@@IEAA_NAEA_J@Z 0000000180026e20 f i libucrtd:output.obj
 0001:00026000       ??$extract_argument_from_va_list@C_J@?$positional_parameter_base@_WV?$stream_output_adapter@_W@__crt_stdio_output@@@__crt_stdio_output@@IEAA_NAEA_J@Z 0000000180027000 f i libucrtd:output.obj
 0001:000261e0       ??$extract_argument_from_va_list@C_J@?$positional_parameter_base@_WV?$string_output_adapter@_W@__crt_stdio_output@@@__crt_stdio_output@@IEAA_NAEA_J@Z 00000001800271e0 f i libucrtd:output.obj
 0001:000263c0       ??$extract_argument_from_va_list@C_J@?$standard_base@DV?$stream_output_adapter@D@__crt_stdio_output@@@__crt_stdio_output@@IEAA_NAEA_J@Z 00000001800273c0 f i libucrtd:output.obj
 0001:00026400       ??$extract_argument_from_va_list@C_J@?$standard_base@DV?$string_output_adapter@D@__crt_stdio_output@@@__crt_stdio_output@@IEAA_NAEA_J@Z 0000000180027400 f i libucrtd:output.obj
 0001:00026440       ??$extract_argument_from_va_list@C_J@?$standard_base@_WV?$stream_output_adapter@_W@__crt_stdio_output@@@__crt_stdio_output@@IEAA_NAEA_J@Z 0000000180027440 f i libucrtd:output.obj
 0001:00026480       ??$extract_argument_from_va_list@C_J@?$standard_base@_WV?$string_output_adapter@_W@__crt_stdio_output@@@__crt_stdio_output@@IEAA_NAEA_J@Z 0000000180027480 f i libucrtd:output.obj
 0001:000264c0       ??$extract_argument_from_va_list@E_J@?$positional_parameter_base@DV?$stream_output_adapter@D@__crt_stdio_output@@@__crt_stdio_output@@IEAA_NAEA_J@Z 00000001800274c0 f i libucrtd:output.obj
 0001:000266a0       ??$extract_argument_from_va_list@E_J@?$positional_parameter_base@DV?$string_output_adapter@D@__crt_stdio_output@@@__crt_stdio_output@@IEAA_NAEA_J@Z 00000001800276a0 f i libucrtd:output.obj
 0001:00026880       ??$extract_argument_from_va_list@E_J@?$positional_parameter_base@_WV?$stream_output_adapter@_W@__crt_stdio_output@@@__crt_stdio_output@@IEAA_NAEA_J@Z 0000000180027880 f i libucrtd:output.obj
 0001:00026a60       ??$extract_argument_from_va_list@E_J@?$positional_parameter_base@_WV?$string_output_adapter@_W@__crt_stdio_output@@@__crt_stdio_output@@IEAA_NAEA_J@Z 0000000180027a60 f i libucrtd:output.obj
 0001:00026c40       ??$extract_argument_from_va_list@E_J@?$standard_base@DV?$stream_output_adapter@D@__crt_stdio_output@@@__crt_stdio_output@@IEAA_NAEA_J@Z 0000000180027c40 f i libucrtd:output.obj
 0001:00026c80       ??$extract_argument_from_va_list@E_J@?$standard_base@DV?$string_output_adapter@D@__crt_stdio_output@@@__crt_stdio_output@@IEAA_NAEA_J@Z 0000000180027c80 f i libucrtd:output.obj
 0001:00026cc0       ??$extract_argument_from_va_list@E_J@?$standard_base@_WV?$stream_output_adapter@_W@__crt_stdio_output@@@__crt_stdio_output@@IEAA_NAEA_J@Z 0000000180027cc0 f i libucrtd:output.obj
 0001:00026d00       ??$extract_argument_from_va_list@E_J@?$standard_base@_WV?$string_output_adapter@_W@__crt_stdio_output@@@__crt_stdio_output@@IEAA_NAEA_J@Z 0000000180027d00 f i libucrtd:output.obj
 0001:00026d40       ??$extract_argument_from_va_list@F_J@?$positional_parameter_base@DV?$stream_output_adapter@D@__crt_stdio_output@@@__crt_stdio_output@@IEAA_NAEA_J@Z 0000000180027d40 f i libucrtd:output.obj
 0001:00026f20       ??$extract_argument_from_va_list@F_J@?$positional_parameter_base@DV?$string_output_adapter@D@__crt_stdio_output@@@__crt_stdio_output@@IEAA_NAEA_J@Z 0000000180027f20 f i libucrtd:output.obj
 0001:00027100       ??$extract_argument_from_va_list@F_J@?$positional_parameter_base@_WV?$stream_output_adapter@_W@__crt_stdio_output@@@__crt_stdio_output@@IEAA_NAEA_J@Z 0000000180028100 f i libucrtd:output.obj
 0001:000272e0       ??$extract_argument_from_va_list@F_J@?$positional_parameter_base@_WV?$string_output_adapter@_W@__crt_stdio_output@@@__crt_stdio_output@@IEAA_NAEA_J@Z 00000001800282e0 f i libucrtd:output.obj
 0001:000274c0       ??$extract_argument_from_va_list@F_J@?$standard_base@DV?$stream_output_adapter@D@__crt_stdio_output@@@__crt_stdio_output@@IEAA_NAEA_J@Z 00000001800284c0 f i libucrtd:output.obj
 0001:00027500       ??$extract_argument_from_va_list@F_J@?$standard_base@DV?$string_output_adapter@D@__crt_stdio_output@@@__crt_stdio_output@@IEAA_NAEA_J@Z 0000000180028500 f i libucrtd:output.obj
 0001:00027540       ??$extract_argument_from_va_list@F_J@?$standard_base@_WV?$stream_output_adapter@_W@__crt_stdio_output@@@__crt_stdio_output@@IEAA_NAEA_J@Z 0000000180028540 f i libucrtd:output.obj
 0001:00027580       ??$extract_argument_from_va_list@F_J@?$standard_base@_WV?$string_output_adapter@_W@__crt_stdio_output@@@__crt_stdio_output@@IEAA_NAEA_J@Z 0000000180028580 f i libucrtd:output.obj
 0001:000275c0       ??$extract_argument_from_va_list@GD@?$positional_parameter_base@DV?$stream_output_adapter@D@__crt_stdio_output@@@__crt_stdio_output@@IEAA_NAEAD@Z 00000001800285c0 f i libucrtd:output.obj
 0001:000277a0       ??$extract_argument_from_va_list@GD@?$positional_parameter_base@DV?$string_output_adapter@D@__crt_stdio_output@@@__crt_stdio_output@@IEAA_NAEAD@Z 00000001800287a0 f i libucrtd:output.obj
 0001:00027980       ??$extract_argument_from_va_list@GD@?$standard_base@DV?$stream_output_adapter@D@__crt_stdio_output@@@__crt_stdio_output@@IEAA_NAEAD@Z 0000000180028980 f i libucrtd:output.obj
 0001:000279c0       ??$extract_argument_from_va_list@GD@?$standard_base@DV?$string_output_adapter@D@__crt_stdio_output@@@__crt_stdio_output@@IEAA_NAEAD@Z 00000001800289c0 f i libucrtd:output.obj
 0001:00027a00       ??$extract_argument_from_va_list@G_J@?$positional_parameter_base@DV?$stream_output_adapter@D@__crt_stdio_output@@@__crt_stdio_output@@IEAA_NAEA_J@Z 0000000180028a00 f i libucrtd:output.obj
 0001:00027be0       ??$extract_argument_from_va_list@G_J@?$positional_parameter_base@DV?$string_output_adapter@D@__crt_stdio_output@@@__crt_stdio_output@@IEAA_NAEA_J@Z 0000000180028be0 f i libucrtd:output.obj
 0001:00027dc0       ??$extract_argument_from_va_list@G_J@?$positional_parameter_base@_WV?$stream_output_adapter@_W@__crt_stdio_output@@@__crt_stdio_output@@IEAA_NAEA_J@Z 0000000180028dc0 f i libucrtd:output.obj
 0001:00027fa0       ??$extract_argument_from_va_list@G_J@?$positional_parameter_base@_WV?$string_output_adapter@_W@__crt_stdio_output@@@__crt_stdio_output@@IEAA_NAEA_J@Z 0000000180028fa0 f i libucrtd:output.obj
 0001:00028180       ??$extract_argument_from_va_list@G_J@?$standard_base@DV?$stream_output_adapter@D@__crt_stdio_output@@@__crt_stdio_output@@IEAA_NAEA_J@Z 0000000180029180 f i libucrtd:output.obj
 0001:000281c0       ??$extract_argument_from_va_list@G_J@?$standard_base@DV?$string_output_adapter@D@__crt_stdio_output@@@__crt_stdio_output@@IEAA_NAEA_J@Z 00000001800291c0 f i libucrtd:output.obj
 0001:00028200       ??$extract_argument_from_va_list@G_J@?$standard_base@_WV?$stream_output_adapter@_W@__crt_stdio_output@@@__crt_stdio_output@@IEAA_NAEA_J@Z 0000000180029200 f i libucrtd:output.obj
 0001:00028240       ??$extract_argument_from_va_list@G_J@?$standard_base@_WV?$string_output_adapter@_W@__crt_stdio_output@@@__crt_stdio_output@@IEAA_NAEA_J@Z 0000000180029240 f i libucrtd:output.obj
 0001:00028280       ??$extract_argument_from_va_list@H_J@?$positional_parameter_base@DV?$stream_output_adapter@D@__crt_stdio_output@@@__crt_stdio_output@@IEAA_NAEA_J@Z 0000000180029280 f i libucrtd:output.obj
 0001:00028460       ??$extract_argument_from_va_list@H_J@?$positional_parameter_base@DV?$string_output_adapter@D@__crt_stdio_output@@@__crt_stdio_output@@IEAA_NAEA_J@Z 0000000180029460 f i libucrtd:output.obj
 0001:00028640       ??$extract_argument_from_va_list@H_J@?$positional_parameter_base@_WV?$stream_output_adapter@_W@__crt_stdio_output@@@__crt_stdio_output@@IEAA_NAEA_J@Z 0000000180029640 f i libucrtd:output.obj
 0001:00028820       ??$extract_argument_from_va_list@H_J@?$positional_parameter_base@_WV?$string_output_adapter@_W@__crt_stdio_output@@@__crt_stdio_output@@IEAA_NAEA_J@Z 0000000180029820 f i libucrtd:output.obj
 0001:00028a00       ??$extract_argument_from_va_list@H_J@?$standard_base@DV?$stream_output_adapter@D@__crt_stdio_output@@@__crt_stdio_output@@IEAA_NAEA_J@Z 0000000180029a00 f i libucrtd:output.obj
 0001:00028a40       ??$extract_argument_from_va_list@H_J@?$standard_base@DV?$string_output_adapter@D@__crt_stdio_output@@@__crt_stdio_output@@IEAA_NAEA_J@Z 0000000180029a40 f i libucrtd:output.obj
 0001:00028a80       ??$extract_argument_from_va_list@H_J@?$standard_base@_WV?$stream_output_adapter@_W@__crt_stdio_output@@@__crt_stdio_output@@IEAA_NAEA_J@Z 0000000180029a80 f i libucrtd:output.obj
 0001:00028ac0       ??$extract_argument_from_va_list@H_J@?$standard_base@_WV?$string_output_adapter@_W@__crt_stdio_output@@@__crt_stdio_output@@IEAA_NAEA_J@Z 0000000180029ac0 f i libucrtd:output.obj
 0001:00028b00       ??$extract_argument_from_va_list@I_J@?$positional_parameter_base@DV?$stream_output_adapter@D@__crt_stdio_output@@@__crt_stdio_output@@IEAA_NAEA_J@Z 0000000180029b00 f i libucrtd:output.obj
 0001:00028ce0       ??$extract_argument_from_va_list@I_J@?$positional_parameter_base@DV?$string_output_adapter@D@__crt_stdio_output@@@__crt_stdio_output@@IEAA_NAEA_J@Z 0000000180029ce0 f i libucrtd:output.obj
 0001:00028ec0       ??$extract_argument_from_va_list@I_J@?$positional_parameter_base@_WV?$stream_output_adapter@_W@__crt_stdio_output@@@__crt_stdio_output@@IEAA_NAEA_J@Z 0000000180029ec0 f i libucrtd:output.obj
 0001:000290a0       ??$extract_argument_from_va_list@I_J@?$positional_parameter_base@_WV?$string_output_adapter@_W@__crt_stdio_output@@@__crt_stdio_output@@IEAA_NAEA_J@Z 000000018002a0a0 f i libucrtd:output.obj
 0001:00029280       ??$extract_argument_from_va_list@I_J@?$standard_base@DV?$stream_output_adapter@D@__crt_stdio_output@@@__crt_stdio_output@@IEAA_NAEA_J@Z 000000018002a280 f i libucrtd:output.obj
 0001:000292c0       ??$extract_argument_from_va_list@I_J@?$standard_base@DV?$string_output_adapter@D@__crt_stdio_output@@@__crt_stdio_output@@IEAA_NAEA_J@Z 000000018002a2c0 f i libucrtd:output.obj
 0001:00029300       ??$extract_argument_from_va_list@I_J@?$standard_base@_WV?$stream_output_adapter@_W@__crt_stdio_output@@@__crt_stdio_output@@IEAA_NAEA_J@Z 000000018002a300 f i libucrtd:output.obj
 0001:00029340       ??$extract_argument_from_va_list@I_J@?$standard_base@_WV?$string_output_adapter@_W@__crt_stdio_output@@@__crt_stdio_output@@IEAA_NAEA_J@Z 000000018002a340 f i libucrtd:output.obj
 0001:00029380       ??$extract_argument_from_va_list@PEADPEAD@?$positional_parameter_base@DV?$stream_output_adapter@D@__crt_stdio_output@@@__crt_stdio_output@@IEAA_NAEAPEAD@Z 000000018002a380 f i libucrtd:output.obj
 0001:00029560       ??$extract_argument_from_va_list@PEADPEAD@?$positional_parameter_base@DV?$string_output_adapter@D@__crt_stdio_output@@@__crt_stdio_output@@IEAA_NAEAPEAD@Z 000000018002a560 f i libucrtd:output.obj
 0001:00029740       ??$extract_argument_from_va_list@PEADPEAD@?$positional_parameter_base@_WV?$stream_output_adapter@_W@__crt_stdio_output@@@__crt_stdio_output@@IEAA_NAEAPEAD@Z 000000018002a740 f i libucrtd:output.obj
 0001:00029920       ??$extract_argument_from_va_list@PEADPEAD@?$positional_parameter_base@_WV?$string_output_adapter@_W@__crt_stdio_output@@@__crt_stdio_output@@IEAA_NAEAPEAD@Z 000000018002a920 f i libucrtd:output.obj
 0001:00029b00       ??$extract_argument_from_va_list@PEADPEAD@?$standard_base@DV?$stream_output_adapter@D@__crt_stdio_output@@@__crt_stdio_output@@IEAA_NAEAPEAD@Z 000000018002ab00 f i libucrtd:output.obj
 0001:00029b40       ??$extract_argument_from_va_list@PEADPEAD@?$standard_base@DV?$string_output_adapter@D@__crt_stdio_output@@@__crt_stdio_output@@IEAA_NAEAPEAD@Z 000000018002ab40 f i libucrtd:output.obj
 0001:00029b80       ??$extract_argument_from_va_list@PEADPEAD@?$standard_base@_WV?$stream_output_adapter@_W@__crt_stdio_output@@@__crt_stdio_output@@IEAA_NAEAPEAD@Z 000000018002ab80 f i libucrtd:output.obj
 0001:00029bc0       ??$extract_argument_from_va_list@PEADPEAD@?$standard_base@_WV?$string_output_adapter@_W@__crt_stdio_output@@@__crt_stdio_output@@IEAA_NAEAPEAD@Z 000000018002abc0 f i libucrtd:output.obj
 0001:0002a680       ??$extract_argument_from_va_list@PEAXPEAX@?$positional_parameter_base@DV?$stream_output_adapter@D@__crt_stdio_output@@@__crt_stdio_output@@IEAA_NAEAPEAX@Z 000000018002b680 f i libucrtd:output.obj
 0001:0002a860       ??$extract_argument_from_va_list@PEAXPEAX@?$positional_parameter_base@DV?$string_output_adapter@D@__crt_stdio_output@@@__crt_stdio_output@@IEAA_NAEAPEAX@Z 000000018002b860 f i libucrtd:output.obj
 0001:0002aa40       ??$extract_argument_from_va_list@PEAXPEAX@?$positional_parameter_base@_WV?$stream_output_adapter@_W@__crt_stdio_output@@@__crt_stdio_output@@IEAA_NAEAPEAX@Z 000000018002ba40 f i libucrtd:output.obj
 0001:0002ac20       ??$extract_argument_from_va_list@PEAXPEAX@?$positional_parameter_base@_WV?$string_output_adapter@_W@__crt_stdio_output@@@__crt_stdio_output@@IEAA_NAEAPEAX@Z 000000018002bc20 f i libucrtd:output.obj
 0001:0002ae00       ??$extract_argument_from_va_list@PEAXPEAX@?$standard_base@DV?$stream_output_adapter@D@__crt_stdio_output@@@__crt_stdio_output@@IEAA_NAEAPEAX@Z 000000018002be00 f i libucrtd:output.obj
 0001:0002ae40       ??$extract_argument_from_va_list@PEAXPEAX@?$standard_base@DV?$string_output_adapter@D@__crt_stdio_output@@@__crt_stdio_output@@IEAA_NAEAPEAX@Z 000000018002be40 f i libucrtd:output.obj
 0001:0002ae80       ??$extract_argument_from_va_list@PEAXPEAX@?$standard_base@_WV?$stream_output_adapter@_W@__crt_stdio_output@@@__crt_stdio_output@@IEAA_NAEAPEAX@Z 000000018002be80 f i libucrtd:output.obj
 0001:0002aec0       ??$extract_argument_from_va_list@PEAXPEAX@?$standard_base@_WV?$string_output_adapter@_W@__crt_stdio_output@@@__crt_stdio_output@@IEAA_NAEAPEAX@Z 000000018002bec0 f i libucrtd:output.obj
 0001:0002af00       ??$extract_argument_from_va_list@U_CRT_DOUBLE@@U1@@?$positional_parameter_base@DV?$stream_output_adapter@D@__crt_stdio_output@@@__crt_stdio_output@@IEAA_NAEAU_CRT_DOUBLE@@@Z 000000018002bf00 f i libucrtd:output.obj
 0001:0002b110       ??$extract_argument_from_va_list@U_CRT_DOUBLE@@U1@@?$positional_parameter_base@DV?$string_output_adapter@D@__crt_stdio_output@@@__crt_stdio_output@@IEAA_NAEAU_CRT_DOUBLE@@@Z 000000018002c110 f i libucrtd:output.obj
 0001:0002b320       ??$extract_argument_from_va_list@U_CRT_DOUBLE@@U1@@?$positional_parameter_base@_WV?$stream_output_adapter@_W@__crt_stdio_output@@@__crt_stdio_output@@IEAA_NAEAU_CRT_DOUBLE@@@Z 000000018002c320 f i libucrtd:output.obj
 0001:0002b530       ??$extract_argument_from_va_list@U_CRT_DOUBLE@@U1@@?$positional_parameter_base@_WV?$string_output_adapter@_W@__crt_stdio_output@@@__crt_stdio_output@@IEAA_NAEAU_CRT_DOUBLE@@@Z 000000018002c530 f i libucrtd:output.obj
 0001:0002b740       ??$extract_argument_from_va_list@U_CRT_DOUBLE@@U1@@?$standard_base@DV?$stream_output_adapter@D@__crt_stdio_output@@@__crt_stdio_output@@IEAA_NAEAU_CRT_DOUBLE@@@Z 000000018002c740 f i libucrtd:output.obj
 0001:0002b7a0       ??$extract_argument_from_va_list@U_CRT_DOUBLE@@U1@@?$standard_base@DV?$string_output_adapter@D@__crt_stdio_output@@@__crt_stdio_output@@IEAA_NAEAU_CRT_DOUBLE@@@Z 000000018002c7a0 f i libucrtd:output.obj
 0001:0002b800       ??$extract_argument_from_va_list@U_CRT_DOUBLE@@U1@@?$standard_base@_WV?$stream_output_adapter@_W@__crt_stdio_output@@@__crt_stdio_output@@IEAA_NAEAU_CRT_DOUBLE@@@Z 000000018002c800 f i libucrtd:output.obj
 0001:0002b860       ??$extract_argument_from_va_list@U_CRT_DOUBLE@@U1@@?$standard_base@_WV?$string_output_adapter@_W@__crt_stdio_output@@@__crt_stdio_output@@IEAA_NAEAU_CRT_DOUBLE@@@Z 000000018002c860 f i libucrtd:output.obj
 0001:0002b8c0       ??$extract_argument_from_va_list@_J_J@?$positional_parameter_base@DV?$stream_output_adapter@D@__crt_stdio_output@@@__crt_stdio_output@@IEAA_NAEA_J@Z 000000018002c8c0 f i libucrtd:output.obj
 0001:0002baa0       ??$extract_argument_from_va_list@_J_J@?$positional_parameter_base@DV?$string_output_adapter@D@__crt_stdio_output@@@__crt_stdio_output@@IEAA_NAEA_J@Z 000000018002caa0 f i libucrtd:output.obj
 0001:0002bc80       ??$extract_argument_from_va_list@_J_J@?$positional_parameter_base@_WV?$stream_output_adapter@_W@__crt_stdio_output@@@__crt_stdio_output@@IEAA_NAEA_J@Z 000000018002cc80 f i libucrtd:output.obj
 0001:0002be60       ??$extract_argument_from_va_list@_J_J@?$positional_parameter_base@_WV?$string_output_adapter@_W@__crt_stdio_output@@@__crt_stdio_output@@IEAA_NAEA_J@Z 000000018002ce60 f i libucrtd:output.obj
 0001:0002c040       ??$extract_argument_from_va_list@_J_J@?$standard_base@DV?$stream_output_adapter@D@__crt_stdio_output@@@__crt_stdio_output@@IEAA_NAEA_J@Z 000000018002d040 f i libucrtd:output.obj
 0001:0002c080       ??$extract_argument_from_va_list@_J_J@?$standard_base@DV?$string_output_adapter@D@__crt_stdio_output@@@__crt_stdio_output@@IEAA_NAEA_J@Z 000000018002d080 f i libucrtd:output.obj
 0001:0002c0c0       ??$extract_argument_from_va_list@_J_J@?$standard_base@_WV?$stream_output_adapter@_W@__crt_stdio_output@@@__crt_stdio_output@@IEAA_NAEA_J@Z 000000018002d0c0 f i libucrtd:output.obj
 0001:0002c100       ??$extract_argument_from_va_list@_J_J@?$standard_base@_WV?$string_output_adapter@_W@__crt_stdio_output@@@__crt_stdio_output@@IEAA_NAEA_J@Z 000000018002d100 f i libucrtd:output.obj
 0001:0002c140       ??$extract_argument_from_va_list@_K_J@?$positional_parameter_base@DV?$stream_output_adapter@D@__crt_stdio_output@@@__crt_stdio_output@@IEAA_NAEA_J@Z 000000018002d140 f i libucrtd:output.obj
 0001:0002c320       ??$extract_argument_from_va_list@_K_J@?$positional_parameter_base@DV?$string_output_adapter@D@__crt_stdio_output@@@__crt_stdio_output@@IEAA_NAEA_J@Z 000000018002d320 f i libucrtd:output.obj
 0001:0002c500       ??$extract_argument_from_va_list@_K_J@?$positional_parameter_base@_WV?$stream_output_adapter@_W@__crt_stdio_output@@@__crt_stdio_output@@IEAA_NAEA_J@Z 000000018002d500 f i libucrtd:output.obj
 0001:0002c6e0       ??$extract_argument_from_va_list@_K_J@?$positional_parameter_base@_WV?$string_output_adapter@_W@__crt_stdio_output@@@__crt_stdio_output@@IEAA_NAEA_J@Z 000000018002d6e0 f i libucrtd:output.obj
 0001:0002c8c0       ??$extract_argument_from_va_list@_K_J@?$standard_base@DV?$stream_output_adapter@D@__crt_stdio_output@@@__crt_stdio_output@@IEAA_NAEA_J@Z 000000018002d8c0 f i libucrtd:output.obj
 0001:0002c900       ??$extract_argument_from_va_list@_K_J@?$standard_base@DV?$string_output_adapter@D@__crt_stdio_output@@@__crt_stdio_output@@IEAA_NAEA_J@Z 000000018002d900 f i libucrtd:output.obj
 0001:0002c940       ??$extract_argument_from_va_list@_K_J@?$standard_base@_WV?$stream_output_adapter@_W@__crt_stdio_output@@@__crt_stdio_output@@IEAA_NAEA_J@Z 000000018002d940 f i libucrtd:output.obj
 0001:0002c980       ??$extract_argument_from_va_list@_K_J@?$standard_base@_WV?$string_output_adapter@_W@__crt_stdio_output@@@__crt_stdio_output@@IEAA_NAEA_J@Z 000000018002d980 f i libucrtd:output.obj
 0001:0002c9c0       ??$extract_argument_from_va_list@_W_W@?$positional_parameter_base@DV?$stream_output_adapter@D@__crt_stdio_output@@@__crt_stdio_output@@IEAA_NAEA_W@Z 000000018002d9c0 f i libucrtd:output.obj
 0001:0002cba0       ??$extract_argument_from_va_list@_W_W@?$positional_parameter_base@DV?$string_output_adapter@D@__crt_stdio_output@@@__crt_stdio_output@@IEAA_NAEA_W@Z 000000018002dba0 f i libucrtd:output.obj
 0001:0002cd80       ??$extract_argument_from_va_list@_W_W@?$positional_parameter_base@_WV?$stream_output_adapter@_W@__crt_stdio_output@@@__crt_stdio_output@@IEAA_NAEA_W@Z 000000018002dd80 f i libucrtd:output.obj
 0001:0002cf60       ??$extract_argument_from_va_list@_W_W@?$positional_parameter_base@_WV?$string_output_adapter@_W@__crt_stdio_output@@@__crt_stdio_output@@IEAA_NAEA_W@Z 000000018002df60 f i libucrtd:output.obj
 0001:0002d140       ??$extract_argument_from_va_list@_W_W@?$standard_base@DV?$stream_output_adapter@D@__crt_stdio_output@@@__crt_stdio_output@@IEAA_NAEA_W@Z 000000018002e140 f i libucrtd:output.obj
 0001:0002d180       ??$extract_argument_from_va_list@_W_W@?$standard_base@DV?$string_output_adapter@D@__crt_stdio_output@@@__crt_stdio_output@@IEAA_NAEA_W@Z 000000018002e180 f i libucrtd:output.obj
 0001:0002d1c0       ??$extract_argument_from_va_list@_W_W@?$standard_base@_WV?$stream_output_adapter@_W@__crt_stdio_output@@@__crt_stdio_output@@IEAA_NAEA_W@Z 000000018002e1c0 f i libucrtd:output.obj
 0001:0002d200       ??$extract_argument_from_va_list@_W_W@?$standard_base@_WV?$string_output_adapter@_W@__crt_stdio_output@@@__crt_stdio_output@@IEAA_NAEA_W@Z 000000018002e200 f i libucrtd:output.obj
 0001:0002d240       ??$get_parameter_type@D@?$positional_parameter_base@DV?$stream_output_adapter@D@__crt_stdio_output@@@__crt_stdio_output@@CA?AW4parameter_type@01@PEAD@Z 000000018002e240 f i libucrtd:output.obj
 0001:0002d250       ??$get_parameter_type@D@?$positional_parameter_base@DV?$string_output_adapter@D@__crt_stdio_output@@@__crt_stdio_output@@CA?AW4parameter_type@01@PEAD@Z 000000018002e250 f i libucrtd:output.obj
 0001:0002d260       ??$get_parameter_type@D@?$positional_parameter_base@_WV?$stream_output_adapter@_W@__crt_stdio_output@@@__crt_stdio_output@@CA?AW4parameter_type@01@PEAD@Z 000000018002e260 f i libucrtd:output.obj
 0001:0002d270       ??$get_parameter_type@D@?$positional_parameter_base@_WV?$string_output_adapter@_W@__crt_stdio_output@@@__crt_stdio_output@@CA?AW4parameter_type@01@PEAD@Z 000000018002e270 f i libucrtd:output.obj
 0001:0002d2c0       ??$get_parameter_type@X@?$positional_parameter_base@DV?$stream_output_adapter@D@__crt_stdio_output@@@__crt_stdio_output@@CA?AW4parameter_type@01@PEAX@Z 000000018002e2c0 f i libucrtd:output.obj
 0001:0002d2d0       ??$get_parameter_type@X@?$positional_parameter_base@DV?$string_output_adapter@D@__crt_stdio_output@@@__crt_stdio_output@@CA?AW4parameter_type@01@PEAX@Z 000000018002e2d0 f i libucrtd:output.obj
 0001:0002d2e0       ??$get_parameter_type@X@?$positional_parameter_base@_WV?$stream_output_adapter@_W@__crt_stdio_output@@@__crt_stdio_output@@CA?AW4parameter_type@01@PEAX@Z 000000018002e2e0 f i libucrtd:output.obj
 0001:0002d2f0       ??$get_parameter_type@X@?$positional_parameter_base@_WV?$string_output_adapter@_W@__crt_stdio_output@@@__crt_stdio_output@@CA?AW4parameter_type@01@PEAX@Z 000000018002e2f0 f i libucrtd:output.obj
 0001:0002d300       ??$is_character_specifier@D@?$positional_parameter_base@DV?$stream_output_adapter@D@__crt_stdio_output@@@__crt_stdio_output@@CA_ND@Z 000000018002e300 f i libucrtd:output.obj
 0001:0002d350       ??$is_character_specifier@D@?$positional_parameter_base@DV?$string_output_adapter@D@__crt_stdio_output@@@__crt_stdio_output@@CA_ND@Z 000000018002e350 f i libucrtd:output.obj
 0001:0002d3a0       ??$is_character_specifier@_W@?$positional_parameter_base@_WV?$stream_output_adapter@_W@__crt_stdio_output@@@__crt_stdio_output@@CA_N_W@Z 000000018002e3a0 f i libucrtd:output.obj
 0001:0002d3f0       ??$is_character_specifier@_W@?$positional_parameter_base@_WV?$string_output_adapter@_W@__crt_stdio_output@@@__crt_stdio_output@@CA_N_W@Z 000000018002e3f0 f i libucrtd:output.obj
 0001:0002d440       ??$is_integral_specifier@D@?$positional_parameter_base@DV?$stream_output_adapter@D@__crt_stdio_output@@@__crt_stdio_output@@CA_ND@Z 000000018002e440 f i libucrtd:output.obj
 0001:0002d4c0       ??$is_integral_specifier@D@?$positional_parameter_base@DV?$string_output_adapter@D@__crt_stdio_output@@@__crt_stdio_output@@CA_ND@Z 000000018002e4c0 f i libucrtd:output.obj
 0001:0002d540       ??$is_integral_specifier@_W@?$positional_parameter_base@_WV?$stream_output_adapter@_W@__crt_stdio_output@@@__crt_stdio_output@@CA_N_W@Z 000000018002e540 f i libucrtd:output.obj
 0001:0002d5d0       ??$is_integral_specifier@_W@?$positional_parameter_base@_WV?$string_output_adapter@_W@__crt_stdio_output@@@__crt_stdio_output@@CA_N_W@Z 000000018002e5d0 f i libucrtd:output.obj
 0001:0002d660       ??$is_pointer_specifier@D@?$positional_parameter_base@DV?$stream_output_adapter@D@__crt_stdio_output@@@__crt_stdio_output@@CA_ND@Z 000000018002e660 f i libucrtd:output.obj
 0001:0002d6a0       ??$is_pointer_specifier@D@?$positional_parameter_base@DV?$string_output_adapter@D@__crt_stdio_output@@@__crt_stdio_output@@CA_ND@Z 000000018002e6a0 f i libucrtd:output.obj
 0001:0002d6e0       ??$is_pointer_specifier@_W@?$positional_parameter_base@_WV?$stream_output_adapter@_W@__crt_stdio_output@@@__crt_stdio_output@@CA_N_W@Z 000000018002e6e0 f i libucrtd:output.obj
 0001:0002d720       ??$is_pointer_specifier@_W@?$positional_parameter_base@_WV?$string_output_adapter@_W@__crt_stdio_output@@@__crt_stdio_output@@CA_N_W@Z 000000018002e720 f i libucrtd:output.obj
 0001:0002d760       ??$is_string_specifier@D@?$positional_parameter_base@DV?$stream_output_adapter@D@__crt_stdio_output@@@__crt_stdio_output@@CA_ND@Z 000000018002e760 f i libucrtd:output.obj
 0001:0002d7b0       ??$is_string_specifier@D@?$positional_parameter_base@DV?$string_output_adapter@D@__crt_stdio_output@@@__crt_stdio_output@@CA_ND@Z 000000018002e7b0 f i libucrtd:output.obj
 0001:0002d800       ??$is_string_specifier@_W@?$positional_parameter_base@_WV?$stream_output_adapter@_W@__crt_stdio_output@@@__crt_stdio_output@@CA_N_W@Z 000000018002e800 f i libucrtd:output.obj
 0001:0002d850       ??$is_string_specifier@_W@?$positional_parameter_base@_WV?$string_output_adapter@_W@__crt_stdio_output@@@__crt_stdio_output@@CA_N_W@Z 000000018002e850 f i libucrtd:output.obj
 0001:0002d8a0       ??$is_wide_character_specifier@D@__crt_stdio_output@@YA_N_KDW4length_modifier@0@@Z 000000018002e8a0 f i libucrtd:output.obj
[...]
 0003:000000b0       __abort_behavior           00000001800ec0b0     libucrtd:abort.obj
 0003:000000cc       __mb_cur_max               00000001800ec0cc     libucrtd:nlsdata.obj
 0003:000000d0       __acrt_initial_locale_data 00000001800ec0d0     libucrtd:nlsdata.obj
 0003:00000270       __acrt_initial_locale_pointers 00000001800ec270     libucrtd:nlsdata.obj
 0003:00000284       __acrt_wide_c_locale_string 00000001800ec284     libucrtd:nlsdata.obj
 0003:00000288       _crtAssertBusy             00000001800ec288     libucrtd:dbgrptt.obj
 0003:00000290       _CrtDbgMode                00000001800ec290     libucrtd:dbgrptt.obj
 0003:000002a0       _CrtDbgFile                00000001800ec2a0     libucrtd:dbgrptt.obj
 0003:000002d0       _iob                       00000001800ec2d0     libucrtd:_file.obj
 0003:00000410       __badioinfo                00000001800ec410     libucrtd:ioinit.obj
 0003:00000800       __acrt_initial_multibyte_data 00000001800ec800     libucrtd:mbctype.obj
 0003:00000a98       _pfnAllocHook              00000001800eca98     libucrtd:debug_heap_hook.obj
 0003:00000aa4       __globallocalestatus       00000001800ecaa4     libucrtd:glstatus.obj
 0003:00000aa8       _pctype                    00000001800ecaa8     libucrtd:ctype.obj
 0003:00000ab8       _pwctype                   00000001800ecab8     libucrtd:ctype.obj
 0003:00000ac4       __acrt_lconv_static_decimal 00000001800ecac4     libucrtd:localeconv.obj
 0003:00000ac8       __acrt_lconv_static_W_decimal 00000001800ecac8     libucrtd:localeconv.obj
 0003:00000ad0       __acrt_lconv_c             00000001800ecad0     libucrtd:localeconv.obj
 0003:00000b88       __acrt_lconv               00000001800ecb88     libucrtd:localeconv.obj
 0003:00000bc0       _fltused                   00000001800ecbc0     LIBCMTD:fltused.obj
 0003:00000d08       ??_R0?AVDNameNode@@@8      00000001800ecd08     libvcruntimed:undname.obj
 0003:00000d30       ??_R0?AVcharNode@@@8       00000001800ecd30     libvcruntimed:undname.obj
 0003:00000d58       ??_R0?AVpcharNode@@@8      00000001800ecd58     libvcruntimed:undname.obj
 0003:00000d80       ??_R0?AVpDNameNode@@@8     00000001800ecd80     libvcruntimed:undname.obj
 0003:00000da8       ??_R0?AVDNameStatusNode@@@8 00000001800ecda8     libvcruntimed:undname.obj
 0003:00000dd8       ??_R0?AVpairNode@@@8       00000001800ecdd8     libvcruntimed:undname.obj
 0003:00000e00       ??_R0?AVtype_info@@@8      00000001800ece00     LIBCMTD:std_type_info_static.obj
 0003:00000e28       ??_R0?AVbad_exception@std@@@8 00000001800ece28     libvcruntimed:frame.obj
 0003:00000e58       ??_R0?AVexception@std@@@8  00000001800ece58     libvcruntimed:frame.obj
 0003:00000e88       ??_R0?AVbad_alloc@std@@@8  00000001800ece88     libvcruntimed:ehhelpers.obj
 0003:00000fc0       __hmod__node_exe           00000001800ecfc0     node:node.exe
 0003:00000fd0       ?_OptionsStorage@?1??__local_stdio_printf_options@@9@4_KA 00000001800ecfd0     LIBCMTD:_error_.obj
 0003:00001000       ?__type_info_root_node@@3U__type_info_node@@A 00000001800ed000     LIBCMTD:tncleanup.obj
 0003:00001018       ?_OptionsStorage@?1??__local_stdio_scanf_options@@9@4_KA 00000001800ed018     LIBCMTD:default_local_stdio_options.obj
 0003:0000105c       __scrt_current_native_startup_state 00000001800ed05c     LIBCMTD:utility.obj
 0003:00001060       __scrt_native_startup_lock 00000001800ed060     LIBCMTD:utility.obj
 0003:00001078       __scrt_debugger_hook_flag  00000001800ed078     LIBCMTD:utility_desktop.obj
 0003:0000108c       __favor                    00000001800ed08c     LIBCMTD:_cpu_disp_.obj
 0003:00001718       ?pArgList@UnDecorator@@0PEAVReplicator@@EA 00000001800ed718     libvcruntimed:undname.obj
 0003:00001720       ?pZNameList@UnDecorator@@0PEAVReplicator@@EA 00000001800ed720     libvcruntimed:undname.obj
 0003:00001728       ?pTemplateArgList@UnDecorator@@0PEAVReplicator@@EA 00000001800ed728     libvcruntimed:undname.obj
 0003:00001730       ?gName@UnDecorator@@0PEBDEB 00000001800ed730     libvcruntimed:undname.obj
 0003:00001738       ?name@UnDecorator@@0PEBDEB 00000001800ed738     libvcruntimed:undname.obj
 0003:00001740       ?outputString@UnDecorator@@0PEADEA 00000001800ed740     libvcruntimed:undname.obj
 0003:00001748       ?maxStringLength@UnDecorator@@0HA 00000001800ed748     libvcruntimed:undname.obj
 0003:0000174c       ?disableFlags@UnDecorator@@0KA 00000001800ed74c     libvcruntimed:undname.obj
 0003:00001750       ?fExplicitTemplateParams@UnDecorator@@0_NA 00000001800ed750     libvcruntimed:undname.obj
 0003:00001751       ?fGetTemplateArgumentList@UnDecorator@@0_NA 00000001800ed751     libvcruntimed:undname.obj
 0003:00001758       ?m_pGetParameter@UnDecorator@@0P6APEADJ@ZEA 00000001800ed758     libvcruntimed:undname.obj
 0003:00001918       __pPurecall                00000001800ed918     libvcruntimed:purevirt_data.obj
 0003:00001931       ?c_exit_complete@?1???R<lambda_6e4b09c48022b2350581041d5f6b0c4c>@@QEBA@XZ@4_NA 00000001800ed931     libucrtd:exit.obj
 0003:00001cf8       _environ_table             00000001800edcf8     libucrtd:environment_initialization.obj
 0003:00001d00       _wenviron_table            00000001800edd00     libucrtd:environment_initialization.obj
 0003:00001d10       __dcrt_initial_wide_environment 00000001800edd10     libucrtd:environment_initialization.obj
 0003:00001d20       __dcrt_initial_narrow_environment 00000001800edd20     libucrtd:environment_initialization.obj
 0003:00001d30       __acrt_atexit_table        00000001800edd30     libucrtd:onexit.obj
 0003:00001d50       __acrt_at_quick_exit_table 00000001800edd50     libucrtd:onexit.obj
 0003:00001dc8       _pfnDumpClient             00000001800eddc8     libucrtd:debug_heap.obj
 0003:00001de4       __acrt_locale_changed_data 00000001800edde4     libucrtd:wsetlocale.obj
 0003:00001de8       __acrt_current_locale_data 00000001800edde8     libucrtd:nlsdata.obj
 0003:00001df8       _pfnReportHook             00000001800eddf8     libucrtd:dbgrptt.obj
 0003:00001e00       _pReportHookList           00000001800ede00     libucrtd:dbgrptt.obj
 0003:00001e08       _pReportHookListW          00000001800ede08     libucrtd:dbgrptt.obj
 0003:000020f0       _nstream                   00000001800ee0f0     libucrtd:_file.obj
 0003:000020f8       __piob                     00000001800ee0f8     libucrtd:_file.obj
 0003:00002104       _cflush                    00000001800ee104     libucrtd:_file.obj
 0003:00002118       __acrt_stdout_buffer       00000001800ee118     libucrtd:_sftbuf.obj
 0003:00002128       __acrt_stderr_buffer       00000001800ee128     libucrtd:_sftbuf.obj
 0003:00002140       __pioinfo                  00000001800ee140     libucrtd:ioinit.obj
 0003:0000260c       _nhandle                   00000001800ee60c     libucrtd:ioinit.obj
 0003:00002620       _mbctype                   00000001800ee620     libucrtd:mbctype.obj
 0003:00002628       _mbcasemap                 00000001800ee628     libucrtd:mbctype.obj
 0003:00002630       __acrt_current_multibyte_data 00000001800ee630     libucrtd:mbctype.obj
 0003:00002648       _pgmptr                    00000001800ee648     libucrtd:argv_data.obj
 0003:00002658       _wpgmptr                   00000001800ee658     libucrtd:argv_data.obj
 0003:00002664       __argc                     00000001800ee664     libucrtd:argv_data.obj
 0003:00002668       __argv                     00000001800ee668     libucrtd:argv_data.obj
 0003:00002678       __wargv                    00000001800ee678     libucrtd:argv_data.obj
 0003:00002688       _acmdln                    00000001800ee688     libucrtd:argv_data.obj
 0003:00002698       _wcmdln                    00000001800ee698     libucrtd:argv_data.obj
 0003:000028c8       __acrt_heap                00000001800ee8c8     libucrtd:heap_handle.obj
 0003:00003063       __acrt_lconv_static_null   00000001800ef063     libucrtd:localeconv.obj
 0003:00003064       __acrt_lconv_static_W_null 00000001800ef064     libucrtd:localeconv.obj
 0003:0000306c       __fma3_is_available        00000001800ef06c     libucrtd:fma3_available.obj
 0003:00003070       __use_fma3_lib             00000001800ef070     libucrtd:fma3_available.obj
 0003:00003078       ?DloadKernel32@@3PEAUHINSTANCE__@@EA 00000001800ef078     DelayImp:delayhlp.obj
 0003:00003080       ?DloadAcquireSRWLockExclusive@@3P6AXPEA_K@ZEA 00000001800ef080     DelayImp:delayhlp.obj
 0003:00003088       ?DloadReleaseSRWLockExclusive@@3P6AXPEA_K@ZEA 00000001800ef088     DelayImp:delayhlp.obj
 0003:00003090       ?DloadSrwLock@@3_KA        00000001800ef090     DelayImp:delayhlp.obj
 0003:00003098       ?DloadSectionLockCount@@3KA 00000001800ef098     DelayImp:delayhlp.obj
 0003:0000309c       ?DloadSectionOldProtection@@3KA 00000001800ef09c     DelayImp:delayhlp.obj
 0003:000030a0       ?DloadSectionCommitPermanent@@3KA 00000001800ef0a0     DelayImp:delayhlp.obj
 0003:000030b0       ?__WinRTOutOfMemoryExceptionCallback@@3P6APEAXXZEA 00000001800ef0b0     libvcruntimed:ehhelpers.obj
 0003:000030bc       __scrt_ucrt_dll_is_in_use  00000001800ef0bc     <common>
 0003:000030c8       __dyn_tls_init_callback    00000001800ef0c8     <common>
 0005:00000000       __imp_GetModuleHandleA     00000001800f9000     kernel32:KERNEL32.dll
 0005:00000008       __imp_EncodePointer        00000001800f9008     kernel32:KERNEL32.dll
 0005:00000010       __imp_IsDebuggerPresent    00000001800f9010     kernel32:KERNEL32.dll
 0005:00000018       __imp_RaiseException       00000001800f9018     kernel32:KERNEL32.dll
 0005:00000020       __imp_MultiByteToWideChar  00000001800f9020     kernel32:KERNEL32.dll
 0005:00000028       __imp_WideCharToMultiByte  00000001800f9028     kernel32:KERNEL32.dll
 0005:00000030       __imp_QueryPerformanceCounter 00000001800f9030     kernel32:KERNEL32.dll
 0005:00000038       __imp_GetCurrentProcessId  00000001800f9038     kernel32:KERNEL32.dll
 0005:00000040       __imp_GetCurrentThreadId   00000001800f9040     kernel32:KERNEL32.dll
 0005:00000048       __imp_GetSystemTimeAsFileTime 00000001800f9048     kernel32:KERNEL32.dll
 0005:00000050       __imp_InitializeSListHead  00000001800f9050     kernel32:KERNEL32.dll
 0005:00000058       __imp_RtlCaptureContext    00000001800f9058     kernel32:KERNEL32.dll
 0005:00000060       __imp_RtlLookupFunctionEntry 00000001800f9060     kernel32:KERNEL32.dll
 0005:00000068       __imp_RtlVirtualUnwind     00000001800f9068     kernel32:KERNEL32.dll
 0005:00000070       __imp_UnhandledExceptionFilter 00000001800f9070     kernel32:KERNEL32.dll
 0005:00000078       __imp_SetUnhandledExceptionFilter 00000001800f9078     kernel32:KERNEL32.dll
 0005:00000080       __imp_GetStartupInfoW      00000001800f9080     kernel32:KERNEL32.dll
 0005:00000088       __imp_IsProcessorFeaturePresent 00000001800f9088     kernel32:KERNEL32.dll
 0005:00000090       __imp_GetModuleHandleW     00000001800f9090     kernel32:KERNEL32.dll
 0005:00000098       __imp_GetLastError         00000001800f9098     kernel32:KERNEL32.dll
 0005:000000a0       __imp_HeapAlloc            00000001800f90a0     kernel32:KERNEL32.dll
 0005:000000a8       __imp_HeapFree             00000001800f90a8     kernel32:KERNEL32.dll
 0005:000000b0       __imp_GetProcessHeap       00000001800f90b0     kernel32:KERNEL32.dll
 0005:000000b8       __imp_VirtualQuery         00000001800f90b8     kernel32:KERNEL32.dll
 0005:000000c0       __imp_FreeLibrary          00000001800f90c0     kernel32:KERNEL32.dll
 0005:000000c8       __imp_GetProcAddress       00000001800f90c8     kernel32:KERNEL32.dll
 0005:000000d0       __imp_GetCurrentProcess    00000001800f90d0     kernel32:KERNEL32.dll
 0005:000000d8       __imp_TerminateProcess     00000001800f90d8     kernel32:KERNEL32.dll
 0005:000000e0       __imp_RtlUnwindEx          00000001800f90e0     kernel32:KERNEL32.dll
 0005:000000e8       __imp_InterlockedPushEntrySList 00000001800f90e8     kernel32:KERNEL32.dll
 0005:000000f0       __imp_InterlockedFlushSList 00000001800f90f0     kernel32:KERNEL32.dll
 0005:000000f8       __imp_GetModuleFileNameW   00000001800f90f8     kernel32:KERNEL32.dll
 0005:00000100       __imp_LoadLibraryExW       00000001800f9100     kernel32:KERNEL32.dll
 0005:00000108       __imp_SetLastError         00000001800f9108     kernel32:KERNEL32.dll
 0005:00000110       __imp_EnterCriticalSection 00000001800f9110     kernel32:KERNEL32.dll
 0005:00000118       __imp_LeaveCriticalSection 00000001800f9118     kernel32:KERNEL32.dll
 0005:00000120       __imp_DeleteCriticalSection 00000001800f9120     kernel32:KERNEL32.dll
 0005:00000128       __imp_InitializeCriticalSectionAndSpinCount 00000001800f9128     kernel32:KERNEL32.dll
 0005:00000130       __imp_TlsAlloc             00000001800f9130     kernel32:KERNEL32.dll
 0005:00000138       __imp_TlsGetValue          00000001800f9138     kernel32:KERNEL32.dll
 0005:00000140       __imp_TlsSetValue          00000001800f9140     kernel32:KERNEL32.dll
 0005:00000148       __imp_TlsFree              00000001800f9148     kernel32:KERNEL32.dll
 0005:00000150       __imp_GetModuleFileNameA   00000001800f9150     kernel32:KERNEL32.dll
 0005:00000158       __imp_GetModuleHandleExW   00000001800f9158     kernel32:KERNEL32.dll
 0005:00000160       __imp_ExitProcess          00000001800f9160     kernel32:KERNEL32.dll
 0005:00000168       __imp_HeapSize             00000001800f9168     kernel32:KERNEL32.dll
 0005:00000170       __imp_HeapValidate         00000001800f9170     kernel32:KERNEL32.dll
 0005:00000178       __imp_GetSystemInfo        00000001800f9178     kernel32:KERNEL32.dll
 0005:00000180       __imp_GetCurrentThread     00000001800f9180     kernel32:KERNEL32.dll
 0005:00000188       __imp_GetACP               00000001800f9188     kernel32:KERNEL32.dll
 0005:00000190       __imp_GetStdHandle         00000001800f9190     kernel32:KERNEL32.dll
 0005:00000198       __imp_GetFileType          00000001800f9198     kernel32:KERNEL32.dll
 0005:000001a0       __imp_WriteFile            00000001800f91a0     kernel32:KERNEL32.dll
 0005:000001a8       __imp_OutputDebugStringW   00000001800f91a8     kernel32:KERNEL32.dll
 0005:000001b0       __imp_WriteConsoleW        00000001800f91b0     kernel32:KERNEL32.dll
 0005:000001b8       __imp_SetConsoleCtrlHandler 00000001800f91b8     kernel32:KERNEL32.dll
 0005:000001c0       __imp_FindClose            00000001800f91c0     kernel32:KERNEL32.dll
 0005:000001c8       __imp_FindFirstFileExA     00000001800f91c8     kernel32:KERNEL32.dll
 0005:000001d0       __imp_FindFirstFileExW     00000001800f91d0     kernel32:KERNEL32.dll
 0005:000001d8       __imp_FindNextFileA        00000001800f91d8     kernel32:KERNEL32.dll
 0005:000001e0       __imp_FindNextFileW        00000001800f91e0     kernel32:KERNEL32.dll
 0005:000001e8       __imp_IsValidCodePage      00000001800f91e8     kernel32:KERNEL32.dll
 0005:000001f0       __imp_GetOEMCP             00000001800f91f0     kernel32:KERNEL32.dll
 0005:000001f8       __imp_GetCPInfo            00000001800f91f8     kernel32:KERNEL32.dll
 0005:00000200       __imp_GetCommandLineA      00000001800f9200     kernel32:KERNEL32.dll
 0005:00000208       __imp_GetCommandLineW      00000001800f9208     kernel32:KERNEL32.dll
 0005:00000210       __imp_GetEnvironmentStringsW 00000001800f9210     kernel32:KERNEL32.dll
 0005:00000218       __imp_FreeEnvironmentStringsW 00000001800f9218     kernel32:KERNEL32.dll
 0005:00000220       __imp_SetEnvironmentVariableA 00000001800f9220     kernel32:KERNEL32.dll
 0005:00000228       __imp_SetEnvironmentVariableW 00000001800f9228     kernel32:KERNEL32.dll
 0005:00000230       __imp_OutputDebugStringA   00000001800f9230     kernel32:KERNEL32.dll
 0005:00000238       __imp_GetDateFormatW       00000001800f9238     kernel32:KERNEL32.dll
 0005:00000240       __imp_GetTimeFormatW       00000001800f9240     kernel32:KERNEL32.dll
 0005:00000248       __imp_CompareStringW       00000001800f9248     kernel32:KERNEL32.dll
 0005:00000250       __imp_LCMapStringW         00000001800f9250     kernel32:KERNEL32.dll
 0005:00000258       __imp_GetLocaleInfoW       00000001800f9258     kernel32:KERNEL32.dll
 0005:00000260       __imp_IsValidLocale        00000001800f9260     kernel32:KERNEL32.dll
 0005:00000268       __imp_GetUserDefaultLCID   00000001800f9268     kernel32:KERNEL32.dll
 0005:00000270       __imp_EnumSystemLocalesW   00000001800f9270     kernel32:KERNEL32.dll
 0005:00000278       __imp_HeapReAlloc          00000001800f9278     kernel32:KERNEL32.dll
 0005:00000280       __imp_HeapQueryInformation 00000001800f9280     kernel32:KERNEL32.dll
 0005:00000288       __imp_GetStringTypeW       00000001800f9288     kernel32:KERNEL32.dll
 0005:00000290       __imp_SetStdHandle         00000001800f9290     kernel32:KERNEL32.dll
 0005:00000298       __imp_GetConsoleCP         00000001800f9298     kernel32:KERNEL32.dll
 0005:000002a0       __imp_GetConsoleMode       00000001800f92a0     kernel32:KERNEL32.dll
 0005:000002a8       __imp_SetFilePointerEx     00000001800f92a8     kernel32:KERNEL32.dll
 0005:000002b0       __imp_FlushFileBuffers     00000001800f92b0     kernel32:KERNEL32.dll
 0005:000002b8       __imp_CloseHandle          00000001800f92b8     kernel32:KERNEL32.dll
 0005:000002c0       __imp_CreateFileW          00000001800f92c0     kernel32:KERNEL32.dll
 0005:000002c8       __imp_VirtualProtect       00000001800f92c8     kernel32:KERNEL32.dll
 0005:000002d0       __imp_LoadLibraryExA       00000001800f92d0     kernel32:KERNEL32.dll
 0005:000002d8       __imp_RtlPcToFileHeader    00000001800f92d8     kernel32:KERNEL32.dll
 0005:000002e0       \177KERNEL32_NULL_THUNK_DATA 00000001800f92e0     kernel32:KERNEL32.dll
 0005:000003c8       __IMPORT_DESCRIPTOR_KERNEL32 00000001800f93c8     kernel32:KERNEL32.dll
 0005:000003dc       __NULL_IMPORT_DESCRIPTOR   00000001800f93dc     kernel32:KERNEL32.dll
 0006:00000000       __DELAY_IMPORT_DESCRIPTOR_node_exe 00000001800fb000     node:node.exe
 0006:00000020       __NULL_DELAY_IMPORT_DESCRIPTOR 00000001800fb020     node:node.exe
 0006:00000088       \177node_NULL_THUNK_DATA_DLN 00000001800fb088     node:node.exe
 0006:000000e8       __imp_??0HandleScope@v8@@QEAA@PEAVIsolate@1@@Z 00000001800fb0e8     node:node.exe
 0006:000000f0       __imp_?GetCurrent@Isolate@v8@@SAPEAV12@XZ 00000001800fb0f0     node:node.exe
 0006:000000f8       __imp_??1HandleScope@v8@@QEAA@XZ 00000001800fb0f8     node:node.exe
 0006:00000100       __imp_?NewFromUtf8@String@v8@@SA?AV?$Local@VString@v8@@@2@PEAVIsolate@2@PEBDW4NewStringType@12@H@Z 00000001800fb100     node:node.exe
 0006:00000108       __imp_?Set@Object@v8@@QEAA_NV?$Local@VValue@v8@@@2@0@Z 00000001800fb108     node:node.exe
 0006:00000110       __imp_?SetName@Function@v8@@QEAAXV?$Local@VString@v8@@@2@@Z 00000001800fb110     node:node.exe
 0006:00000118       __imp_?New@FunctionTemplate@v8@@SA?AV?$Local@VFunctionTemplate@v8@@@2@PEAVIsolate@2@P6AXAEBV?$FunctionCallbackInfo@VValue@v8@@@2@@ZV?$Local@VValue@v8@@@2@V?$Local@VSignature@v8@@@2@HW4ConstructorBehavior@2@@Z 00000001800fb118     node:node.exe
 0006:00000120       __imp_?GetFunction@FunctionTemplate@v8@@QEAA?AV?$Local@VFunction@v8@@@2@XZ 00000001800fb120     node:node.exe
 0006:00000128       __imp_node_module_register 00000001800fb128     node:node.exe
 0006:00000130       \177node_NULL_THUNK_DATA_DLA 00000001800fb130     node:node.exe
 0006:00000540       \177node_NULL_THUNK_DATA_DLB 00000001800fb540     node:node.exe
 0007:00000000       __guard_check_icall_fptr   00000001800fc000     LIBCMTD:guard_support.obj
 0007:00000010       __guard_dispatch_icall_fptr 00000001800fc010     LIBCMTD:guard_support.obj
 0007:00000020       __guard_ss_verify_failure_fptr 00000001800fc020     LIBCMTD:guard_support.obj
 0007:00000030       __guard_ss_verify_sp_fptr  00000001800fc030     LIBCMTD:guard_support.obj

 Exports

  ordinal    name

        1    _register_addon_
