 addon

 Timestamp is 5ab18ac9 (Wed Mar 21 00:27:21 2018)

 Preferred load address is 0000000180000000

 Start         Length     Name                   Class
 0001:00000000 0000aa30H .text$mn                CODE
 0001:0000aa30 000000e0H .text$mn$00             CODE
 0001:0000ab10 00000240H .text$x                 CODE
 0002:00000000 00000240H .idata$5                DATA
 0002:00000240 00000020H .00cfg                  DATA
 0002:00000260 00000008H .CRT$XCA                DATA
 0002:00000268 00000008H .CRT$XCU                DATA
 0002:00000270 00000008H .CRT$XCZ                DATA
 0002:00000278 00000008H .CRT$XIA                DATA
 0002:00000280 00000018H .CRT$XIC                DATA
 0002:00000298 00000008H .CRT$XIZ                DATA
 0002:000002a0 00000008H .CRT$XPA                DATA
 0002:000002a8 00000010H .CRT$XPX                DATA
 0002:000002b8 00000008H .CRT$XPXA               DATA
 0002:000002c0 00000008H .CRT$XPZ                DATA
 0002:000002c8 00000008H .CRT$XTA                DATA
 0002:000002d0 00000010H .CRT$XTZ                DATA
 0002:000002d8 00000000H .gfids$y                DATA
 0002:000002e0 000070c0H .rdata                  DATA
 0002:000073a0 00000000H .rdata$r                DATA
 0002:000073a0 00000378H .rdata$zzzdbg           DATA
 0002:00007718 00000008H .rtc$IAA                DATA
 0002:00007720 00000008H .rtc$IZZ                DATA
 0002:00007728 00000008H .rtc$TAA                DATA
 0002:00007730 00000008H .rtc$TZZ                DATA
 0002:00007738 00000aa4H .xdata                  DATA
 0002:000081dc 00000020H .didat$2                DATA
 0002:000081fc 00000024H .didat$3                DATA
 0002:00008220 00000050H .didat$4                DATA
 0002:00008270 00000270H .didat$6                DATA
 0002:000084e0 00000050H .didat$7                DATA
 0002:00008530 00000050H .edata                  DATA
 0002:00008580 00000014H .idata$2                DATA
 0002:00008594 00000014H .idata$3                DATA
 0002:000085a8 00000240H .idata$4                DATA
 0002:000087e8 0000053aH .idata$6                DATA
 0003:00000000 00000920H .data                   DATA
 0003:00000920 00000000H .data$r                 DATA
 0003:00000920 00000050H .didat$5                DATA
 0003:00000970 000011e0H .bss                    DATA
 0004:00000000 00000d50H .pdata                  DATA
 0005:00000000 00000060H .rsrc$01                DATA
 0005:00000060 00000180H .rsrc$02                DATA

  Address         Publics by Value              Rva+Base               Lib:Object

 0000:00000000       __guard_iat_count          0000000000000000     <absolute>
 0000:00000000       __dynamic_value_reloc_table 0000000000000000     <absolute>
 0000:00000000       __hybrid_code_map          0000000000000000     <absolute>
 0000:00000000       __hybrid_code_map_count    0000000000000000     <absolute>
 0000:00000000       __guard_iat_table          0000000000000000     <absolute>
 0000:00000000       __hybrid_auxiliary_iat     0000000000000000     <absolute>
 0000:00000000       __guard_longjmp_table      0000000000000000     <absolute>
 0000:00000000       __guard_longjmp_count      0000000000000000     <absolute>
 0000:00000000       __guard_fids_count         0000000000000000     <absolute>
 0000:00000000       __enclave_config           0000000000000000     <absolute>
 0000:00000000       ___safe_se_handler_table   0000000000000000     <absolute>
 0000:00000000       ___safe_se_handler_count   0000000000000000     <absolute>
 0000:00000000       __guard_fids_table         0000000000000000     <absolute>
 0000:00000100       __guard_flags              0000000000000100     <absolute>
 0000:00000000       __ImageBase                0000000180000000     <linker-defined>
 0001:00000000       ?Method@demo@@YAXAEBV?$FunctionCallbackInfo@VValue@v8@@@v8@@@Z 0000000180001000 f   hello.obj
 0001:00000050       ?init@demo@@YAXV?$Local@VObject@v8@@@v8@@@Z 0000000180001050 f   hello.obj
 0001:0000016c       __imp_load_?GetCurrent@Isolate@v8@@SAPEAV12@XZ 000000018000116c f   node:node.exe
 0001:00000178       __tailMerge_node_exe       0000000180001178     node:node.exe
 0001:000001f1       __imp_load_??1HandleScope@v8@@QEAA@XZ 00000001800011f1 f   node:node.exe
 0001:000001fd       __imp_load_??0HandleScope@v8@@QEAA@PEAVIsolate@1@@Z 00000001800011fd f   node:node.exe
 0001:00000209       __imp_load_?GetFunction@FunctionTemplate@v8@@QEAA?AV?$Local@VFunction@v8@@@2@XZ 0000000180001209 f   node:node.exe
 0001:00000215       __imp_load_?New@FunctionTemplate@v8@@SA?AV?$Local@VFunctionTemplate@v8@@@2@PEAVIsolate@2@P6AXAEBV?$FunctionCallbackInfo@VValue@v8@@@2@@ZV?$Local@VValue@v8@@@2@V?$Local@VSignature@v8@@@2@HW4ConstructorBehavior@2@@Z 0000000180001215 f   node:node.exe
 0001:00000221       __imp_load_?NewFromUtf8@String@v8@@SA?AV?$Local@VString@v8@@@2@PEAVIsolate@2@PEBDW4NewStringType@12@H@Z 0000000180001221 f   node:node.exe
 0001:0000022d       __imp_load_?Set@Object@v8@@QEAA_NV?$Local@VValue@v8@@@2@0@Z 000000018000122d f   node:node.exe
 0001:00000239       __imp_load_?SetName@Function@v8@@QEAAXV?$Local@VString@v8@@@2@@Z 0000000180001239 f   node:node.exe
 0001:00000245       __imp_load_node_module_register 0000000180001245 f   node:node.exe
 0001:00000270       __security_check_cookie    0000000180001270 f   LIBCMT:_amdsecgs_.obj
 0001:000005d8       _DllMainCRTStartup         00000001800015d8 f   LIBCMT:dll_dllmain.obj
 0001:00000618       __raise_securityfailure    0000000180001618 f   LIBCMT:gs_report.obj
 0001:0000064c       __report_gsfailure         000000018000164c f   LIBCMT:gs_report.obj
 0001:00000720       __report_rangecheckfailure 0000000180001720 f   LIBCMT:gs_report.obj
 0001:00000734       __report_securityfailure   0000000180001734 f   LIBCMT:gs_report.obj
 0001:000008b4       __security_init_cookie     00000001800018b4 f   LIBCMT:gs_support.obj
 0001:00000964       ?__scrt_initialize_type_info@@YAXXZ 0000000180001964 f   LIBCMT:tncleanup.obj
 0001:00000974       ?__scrt_uninitialize_type_info@@YAXXZ 0000000180001974 f   LIBCMT:tncleanup.obj
 0001:00000980       __local_stdio_printf_options 0000000180001980 f i LIBCMT:default_local_stdio_options.obj
 0001:00000988       __local_stdio_scanf_options 0000000180001988 f i LIBCMT:default_local_stdio_options.obj
 0001:00000990       __scrt_initialize_default_local_stdio_options 0000000180001990 f   LIBCMT:default_local_stdio_options.obj
 0001:000009ac       __scrt_acquire_startup_lock 00000001800019ac f   LIBCMT:utility.obj
 0001:000009e8       __scrt_dllmain_after_initialize_c 00000001800019e8 f   LIBCMT:utility.obj
 0001:00000a1c       __scrt_dllmain_before_initialize_c 0000000180001a1c f   LIBCMT:utility.obj
 0001:00000a34       __scrt_dllmain_crt_thread_attach 0000000180001a34 f   LIBCMT:utility.obj
 0001:00000a5c       __scrt_dllmain_crt_thread_detach 0000000180001a5c f   LIBCMT:utility.obj
 0001:00000a74       __scrt_dllmain_exception_filter 0000000180001a74 f   LIBCMT:utility.obj
 0001:00000ad8       __scrt_dllmain_uninitialize_c 0000000180001ad8 f   LIBCMT:utility.obj
 0001:00000b08       __scrt_dllmain_uninitialize_critical 0000000180001b08 f   LIBCMT:utility.obj
 0001:00000b1c       __scrt_initialize_crt      0000000180001b1c f   LIBCMT:utility.obj
 0001:00000b68       __scrt_initialize_onexit_tables 0000000180001b68 f   LIBCMT:utility.obj
 0001:00000c48       __scrt_is_nonwritable_in_current_image 0000000180001c48 f   LIBCMT:utility.obj
 0001:00000ce4       __scrt_release_startup_lock 0000000180001ce4 f   LIBCMT:utility.obj
 0001:00000d08       __scrt_uninitialize_crt    0000000180001d08 f   LIBCMT:utility.obj
 0001:00000d34       __scrt_get_dyn_tls_init_callback 0000000180001d34 f   LIBCMT:dyn_tls_init.obj
 0001:00000d3c       __crt_debugger_hook        0000000180001d3c f   LIBCMT:utility_desktop.obj
 0001:00000d44       __scrt_fastfail            0000000180001d44 f   LIBCMT:utility_desktop.obj
 0001:00000e90       _RTC_Initialize            0000000180001e90 f   LIBCMT:_initsect_.obj
 0001:00000edc       _RTC_Terminate             0000000180001edc f   LIBCMT:_initsect_.obj
 0001:00000f28       _guard_check_icall         0000000180001f28 f i LIBCMT:checkcfg.obj
 0001:00000f30       __isa_available_init       0000000180001f30 f   LIBCMT:_cpu_disp_.obj
 0001:000010ec       DllMain                    00000001800020ec f   LIBCMT:dll_dllmain_stub.obj
 0001:000010ec       _get_startup_argv_mode     00000001800020ec f   LIBCMT:argv_mode.obj
 0001:000010f4       __scrt_is_ucrt_dll_in_use  00000001800020f4 f   LIBCMT:ucrt_detection.obj
 0001:00001100       _guard_check_icall_nop     0000000180002100 f i LIBCMT:guard_support.obj
 0001:00001110       __C_specific_handler       0000000180002110 f   libvcruntime:_riscchandler_.obj
 0001:0000131c       __std_type_info_destroy_list 000000018000231c f   libvcruntime:std_type_info.obj
 0001:00001348       __vcrt_initialize          0000000180002348 f   libvcruntime:initialization.obj
 0001:0000137c       __vcrt_thread_attach       000000018000237c f   libvcruntime:initialization.obj
 0001:00001390       __vcrt_thread_detach       0000000180002390 f   libvcruntime:initialization.obj
 0001:000013a4       __vcrt_uninitialize        00000001800023a4 f   libvcruntime:initialization.obj
 0001:000013c4       __vcrt_uninitialize_critical 00000001800023c4 f   libvcruntime:initialization.obj
 0001:000013f0       memset                     00000001800023f0 f   libvcruntime:memset.obj
 0001:000015b0       _local_unwind              00000001800025b0 f   libvcruntime:_jmpuwind_.obj
 0001:000015e0       _NLG_Notify                00000001800025e0 f   libvcruntime:_jmpuwind_.obj
 0001:00001600       __NLG_Dispatch2            0000000180002600 f   libvcruntime:_jmpuwind_.obj
 0001:00001610       __NLG_Return2              0000000180002610 f   libvcruntime:_jmpuwind_.obj
 0001:00001614       __except_validate_context_record 0000000180002614 f   libvcruntime:jbcxrval.obj
 0001:0000164c       __vcrt_freefls             000000018000264c f   libvcruntime:per_thread_data.obj
 0001:0000166c       __vcrt_freeptd             000000018000266c f   libvcruntime:per_thread_data.obj
 0001:000016bc       __vcrt_getptd_noexit       00000001800026bc f   libvcruntime:per_thread_data.obj
 0001:00001774       __vcrt_initialize_ptd      0000000180002774 f   libvcruntime:per_thread_data.obj
 0001:000017c8       __vcrt_uninitialize_ptd    00000001800027c8 f   libvcruntime:per_thread_data.obj
 0001:000017ec       __vcrt_initialize_locks    00000001800027ec f   libvcruntime:locks.obj
 0001:00001834       __vcrt_uninitialize_locks  0000000180002834 f   libvcruntime:locks.obj
 0001:00001a44       __vcrt_FlsAlloc            0000000180002a44 f   libvcruntime:winapi_downlevel.obj
 0001:00001a98       __vcrt_FlsFree             0000000180002a98 f   libvcruntime:winapi_downlevel.obj
 0001:00001aec       __vcrt_FlsGetValue         0000000180002aec f   libvcruntime:winapi_downlevel.obj
 0001:00001b40       __vcrt_FlsSetValue         0000000180002b40 f   libvcruntime:winapi_downlevel.obj
 0001:00001ba8       __vcrt_InitializeCriticalSectionEx 0000000180002ba8 f   libvcruntime:winapi_downlevel.obj
 0001:00001c20       __vcrt_initialize_winapi_thunks 0000000180002c20 f   libvcruntime:winapi_downlevel.obj
 0001:00001c64       __vcrt_uninitialize_winapi_thunks 0000000180002c64 f   libvcruntime:winapi_downlevel.obj
 0001:00001ca4       __vcrt_initialize_pure_virtual_call_handler 0000000180002ca4 f   libvcruntime:purevirt_data.obj
 0001:00001cc8       ??0_LocaleUpdate@@QEAA@QEAU__crt_locale_pointers@@@Z 0000000180002cc8 f i libucrt:stricmp.obj
 0001:00001d58       __ascii_stricmp            0000000180002d58 f   libucrt:stricmp.obj
 0001:00001d98       _stricmp                   0000000180002d98 f   libucrt:stricmp.obj
 0001:00001de0       _stricmp_l                 0000000180002de0 f   libucrt:stricmp.obj
 0001:00001e94       _initterm                  0000000180002e94 f   libucrt:initterm.obj
 0001:00001ef8       _initterm_e                0000000180002ef8 f   libucrt:initterm.obj
 0001:00001f38       _seh_filter_dll            0000000180002f38 f   libucrt:exception_filter.obj
 0001:00001f4c       _seh_filter_exe            0000000180002f4c f   libucrt:exception_filter.obj
 0001:00002358       __acrt_initialize_thread_local_exit_callback 0000000180003358 f   libucrt:exit.obj
 0001:00002360       _cexit                     0000000180003360 f   libucrt:exit.obj
 0001:00002370       _exit                      0000000180003370 f   libucrt:exit.obj
 0001:0000237c       _is_c_termination_complete 000000018000337c f   libucrt:exit.obj
 0001:00002540       __acrt_allocate_buffer_for_argv 0000000180003540 f   libucrt:argv_parsing.obj
 0001:000025a0       _configure_narrow_argv     00000001800035a0 f   libucrt:argv_parsing.obj
 0001:0000291c       __dcrt_uninitialize_environments_nolock 000000018000391c f   libucrt:environment_initialization.obj
 0001:00002954       _initialize_narrow_environment 0000000180003954 f   libucrt:environment_initialization.obj
 0001:00002ae4       _execute_onexit_table      0000000180003ae4 f   libucrt:onexit.obj
 0001:00002b20       _initialize_onexit_table   0000000180003b20 f   libucrt:onexit.obj
 0001:00002ba8       __acrt_uninitialize_command_line 0000000180003ba8 f   libucrt:argv_data.obj
 0001:00002ca4       __acrt_initialize          0000000180003ca4 f   libucrt:initialization.obj
 0001:00002cb8       __acrt_thread_attach       0000000180003cb8 f   libucrt:initialization.obj
 0001:00002ccc       __acrt_thread_detach       0000000180003ccc f   libucrt:initialization.obj
 0001:00002cdc       __acrt_uninitialize        0000000180003cdc f   libucrt:initialization.obj
 0001:00002d14       __acrt_uninitialize_critical 0000000180003d14 f   libucrt:initialization.obj
 0001:00002d24       terminate                  0000000180003d24 f   libucrt:terminate.obj
 0001:00002d44       _free_base                 0000000180003d44 f   libucrt:free_base.obj
 0001:00002d84       _malloc_base               0000000180003d84 f   libucrt:malloc_base.obj
 0001:00002de4       strcpy_s                   0000000180003de4 f   libucrt:strcpy_s.obj
 0001:00002e44       abort                      0000000180003e44 f   libucrt:abort.obj
 0001:00002e9c       _calloc_base               0000000180003e9c f   libucrt:calloc_base.obj
 0001:00002f14       wcsncmp                    0000000180003f14 f   libucrt:wcsncmp.obj
 0001:00002f40       __acrt_call_reportfault    0000000180003f40 f   libucrt:invalid_parameter.obj
 0001:0000309c       __acrt_initialize_invalid_parameter_handler 000000018000409c f   libucrt:invalid_parameter.obj
 0001:000030a4       _invalid_parameter         00000001800040a4 f   libucrt:invalid_parameter.obj
 0001:00003154       _invalid_parameter_noinfo  0000000180004154 f   libucrt:invalid_parameter.obj
 0001:00003174       _invoke_watson             0000000180004174 f   libucrt:invalid_parameter.obj
 0001:000031bc       __acrt_errno_from_os_error 00000001800041bc f   libucrt:errno.obj
 0001:00003204       __acrt_errno_map_os_error  0000000180004204 f   libucrt:errno.obj
 0001:00003254       __doserrno                 0000000180004254 f   libucrt:errno.obj
 0001:00003274       _errno                     0000000180004274 f   libucrt:errno.obj
 0001:000032d8       _tolower_l                 00000001800042d8 f   libucrt:tolower_toupper.obj
 0001:00003790       __acrt_freeptd             0000000180004790 f   libucrt:per_thread_data.obj
 0001:000037d4       __acrt_getptd              00000001800047d4 f   libucrt:per_thread_data.obj
 0001:000038a0       __acrt_getptd_head         00000001800048a0 f   libucrt:per_thread_data.obj
 0001:00003948       __acrt_getptd_noexit       0000000180004948 f   libucrt:per_thread_data.obj
 0001:00003a18       __acrt_initialize_ptd      0000000180004a18 f   libucrt:per_thread_data.obj
 0001:00003a54       __acrt_uninitialize_ptd    0000000180004a54 f   libucrt:per_thread_data.obj
 0001:00003a78       __acrt_update_locale_info  0000000180004a78 f   libucrt:locale_update.obj
 0001:00003aac       __acrt_update_multibyte_info 0000000180004aac f   libucrt:locale_update.obj
 0001:00003b50       __acrt_set_locale_changed  0000000180004b50 f   libucrt:wsetlocale.obj
 0001:00003b5c       __acrt_uninitialize_locale 0000000180004b5c f   libucrt:wsetlocale.obj
 0001:00003b8c       __acrt_initialize_locks    0000000180004b8c f   libucrt:locks.obj
 0001:00003bd4       __acrt_lock                0000000180004bd4 f   libucrt:locks.obj
 0001:00003bf0       __acrt_uninitialize_locks  0000000180004bf0 f   libucrt:locks.obj
 0001:00003c28       __acrt_unlock              0000000180004c28 f   libucrt:locks.obj
 0001:00003c44       __acrt_get_process_end_policy 0000000180004c44 f   libucrt:win_policies.obj
 0001:000041e4       __acrt_expand_narrow_argv_wildcards 00000001800051e4 f   libucrt:argv_wildcards.obj
 0001:0000492c       __acrt_initialize_multibyte 000000018000592c f   libucrt:mbctype.obj
 0001:0000498c       __acrt_update_thread_multibyte_data 000000018000598c f   libucrt:mbctype.obj
 0001:000049a8       _setmbcp_nolock            00000001800059a8 f   libucrt:mbctype.obj
 0001:00004ce0       _ismbblead                 0000000180005ce0 f   libucrt:ismbbyte.obj
 0001:00004cf4       __acrt_initialize_command_line 0000000180005cf4 f   libucrt:argv_data.obj
 0001:00004d1c       __dcrt_get_narrow_environment_from_os 0000000180005d1c f   libucrt:get_environment_from_os.obj
 0001:00004e20       _recalloc                  0000000180005e20 f   libucrt:recalloc.obj
 0001:00004e28       _recalloc_base             0000000180005e28 f   libucrt:recalloc.obj
 0001:00005098       __acrt_AppPolicyGetProcessTerminationMethodInternal 0000000180006098 f   libucrt:winapi_thunks.obj
 0001:000050e8       __acrt_FlsAlloc            00000001800060e8 f   libucrt:winapi_thunks.obj
 0001:00005130       __acrt_FlsFree             0000000180006130 f   libucrt:winapi_thunks.obj
 0001:00005178       __acrt_FlsGetValue         0000000180006178 f   libucrt:winapi_thunks.obj
 0001:000051c0       __acrt_FlsSetValue         00000001800061c0 f   libucrt:winapi_thunks.obj
 0001:00005214       __acrt_InitializeCriticalSectionEx 0000000180006214 f   libucrt:winapi_thunks.obj
 0001:00005278       __acrt_LCMapStringEx       0000000180006278 f   libucrt:winapi_thunks.obj
 0001:00005354       __acrt_LocaleNameToLCID    0000000180006354 f   libucrt:winapi_thunks.obj
 0001:000053a4       __acrt_initialize_winapi_thunks 00000001800063a4 f   libucrt:winapi_thunks.obj
 0001:000053ec       __acrt_uninitialize_winapi_thunks 00000001800063ec f   libucrt:winapi_thunks.obj
 0001:00005430       __acrt_initialize_heap     0000000180006430 f   libucrt:heap_handle.obj
 0001:0000544c       __acrt_uninitialize_heap   000000018000644c f   libucrt:heap_handle.obj
 0001:00005640       __acrt_initialize_lowio    0000000180006640 f   libucrt:ioinit.obj
 0001:0000567c       __acrt_uninitialize_lowio  000000018000667c f   libucrt:ioinit.obj
 0001:000056bc       __acrt_execute_initializers 00000001800066bc f   libucrt:shared_initialization.obj
 0001:0000573c       __acrt_execute_uninitializers 000000018000673c f   libucrt:shared_initialization.obj
 0001:00005778       __acrt_initialize_new_handler 0000000180006778 f   libucrt:new_handler.obj
 0001:00005780       _callnewh                  0000000180006780 f   libucrt:new_handler.obj
 0001:000057b0       _query_new_handler         00000001800067b0 f   libucrt:new_handler.obj
 0001:0000582c       __acrt_get_sigabrt_handler 000000018000682c f   libucrt:signal.obj
 0001:0000585c       __acrt_initialize_signal_handlers 000000018000685c f   libucrt:signal.obj
 0001:0000587c       raise                      000000018000687c f   libucrt:signal.obj
 0001:00005af0       __acrt_has_user_matherr    0000000180006af0 f   libucrt:matherr.obj
 0001:00005b10       __acrt_initialize_user_matherr 0000000180006b10 f   libucrt:matherr.obj
 0001:00005b18       __acrt_invoke_user_matherr 0000000180006b18 f   libucrt:matherr.obj
 0001:00005d2c       __acrt_stdio_flush_nolock  0000000180006d2c f   libucrt:fflush.obj
 0001:00005da8       _fflush_nolock             0000000180006da8 f   libucrt:fflush.obj
 0001:00005df4       _flushall                  0000000180006df4 f   libucrt:fflush.obj
 0001:00005dfc       __acrt_initialize_stdio    0000000180006dfc f   libucrt:_file.obj
 0001:00005f1c       __acrt_uninitialize_stdio  0000000180006f1c f   libucrt:_file.obj
 0001:00005f78       _lock_file                 0000000180006f78 f   libucrt:_file.obj
 0001:00005f84       _unlock_file               0000000180006f84 f   libucrt:_file.obj
 0001:00005f90       _query_new_mode            0000000180006f90 f   libucrt:new_mode.obj
 0001:00005f98       _mbtowc_l                  0000000180006f98 f   libucrt:mbtowc.obj
 0001:000060e0       mbtowc                     00000001800070e0 f   libucrt:mbtowc.obj
 0001:000060e8       _fileno                    00000001800070e8 f   libucrt:fileno.obj
 0001:00006110       __pctype_func              0000000180007110 f   libucrt:ctype.obj
 0001:00006140       _isctype_l                 0000000180007140 f   libucrt:isctype.obj
 0001:00006250       _isleadbyte_l              0000000180007250 f i libucrt:_wctype.obj
 0001:000065a8       __acrt_LCMapStringA        00000001800075a8 f   libucrt:lcmapstringa.obj
 0001:00006640       __acrt_add_locale_ref      0000000180007640 f   libucrt:locale_refcounting.obj
 0001:000066cc       __acrt_free_locale         00000001800076cc f   libucrt:locale_refcounting.obj
 0001:00006844       __acrt_locale_add_lc_time_reference 0000000180007844 f   libucrt:locale_refcounting.obj
 0001:0000686c       __acrt_locale_free_lc_time_if_unreferenced 000000018000786c f   libucrt:locale_refcounting.obj
 0001:000068a4       __acrt_locale_release_lc_time_reference 00000001800078a4 f   libucrt:locale_refcounting.obj
 0001:000068cc       __acrt_release_locale_ref  00000001800078cc f   libucrt:locale_refcounting.obj
 0001:00006974       __acrt_update_thread_locale_data 0000000180007974 f   libucrt:locale_refcounting.obj
 0001:000069e4       _updatetlocinfoEx_nolock   00000001800079e4 f   libucrt:locale_refcounting.obj
 0001:00006a4c       __acrt_locale_free_monetary 0000000180007a4c f   libucrt:initmon.obj
 0001:00006b58       __acrt_locale_free_numeric 0000000180007b58 f   libucrt:initnum.obj
 0001:00006c18       __acrt_locale_free_time    0000000180007c18 f   libucrt:inittime.obj
 0001:00006d20       __acrt_GetStringTypeA      0000000180007d20 f   libucrt:getstringtypea.obj
 0001:00006eb0       qsort                      0000000180007eb0 f   libucrt:qsort.obj
 0001:00007260       strncpy_s                  0000000180008260 f   libucrt:strncpy_s.obj
 0001:000073e0       strpbrk                    00000001800083e0 f   libucrt:strpbrk.obj
 0001:000077c0       _mbsdec                    00000001800087c0 f   libucrt:mbsdec.obj
 0001:000077c8       _mbsdec_l                  00000001800087c8 f   libucrt:mbsdec.obj
 0001:00007870       _msize                     0000000180008870 f   libucrt:msize.obj
 0001:00007878       _msize_base                0000000180008878 f   libucrt:msize.obj
 0001:000078b4       _realloc_base              00000001800088b4 f   libucrt:realloc_base.obj
 0001:000079fc       __acrt_DownlevelLocaleNameToLCID 00000001800089fc f   libucrt:lcidtoname_downlevel.obj
 0001:00007a30       __acrt_lowio_create_handle_array 0000000180008a30 f   libucrt:osfinfo.obj
 0001:00007ac8       __acrt_lowio_destroy_handle_array 0000000180008ac8 f   libucrt:osfinfo.obj
 0001:00007b18       __acrt_lowio_ensure_fh_exists 0000000180008b18 f   libucrt:osfinfo.obj
 0001:00007bc0       __acrt_lowio_lock_fh       0000000180008bc0 f   libucrt:osfinfo.obj
 0001:00007be4       __acrt_lowio_unlock_fh     0000000180008be4 f   libucrt:osfinfo.obj
 0001:00007c08       _free_osfhnd               0000000180008c08 f   libucrt:osfinfo.obj
 0001:00007cc4       _get_osfhandle             0000000180008cc4 f   libucrt:osfinfo.obj
 0001:00007dc8       _commit                    0000000180008dc8 f   libucrt:commit.obj
 0001:00008414       _write                     0000000180009414 f   libucrt:write.obj
 0001:00008500       _write_nolock              0000000180009500 f   libucrt:write.obj
 0001:00008844       _fcloseall                 0000000180009844 f   libucrt:closeall.obj
 0001:000088f8       __acrt_stdio_free_buffer_nolock 00000001800098f8 f   libucrt:_freebuf.obj
 0001:00008938       _isatty                    0000000180009938 f   libucrt:isatty.obj
 0001:00008998       __acrt_MultiByteToWideChar 0000000180009998 f   libucrt:multibytetowidechar.obj
 0001:000089a0       __strncnt                  00000001800099a0 f   libucrt:strncnt.obj
 0001:000089b8       _query_app_type            00000001800099b8 f   libucrt:report_runtime_error.obj
 0001:00008a5c       _lseeki64_nolock           0000000180009a5c f   libucrt:lseek.obj
 0001:00008a64       _putwch_nolock             0000000180009a64 f   libucrt:putwch.obj
 0001:00008aa0       _fclose_nolock             0000000180009aa0 f   libucrt:fclose.obj
 0001:00008b24       fclose                     0000000180009b24 f   libucrt:fclose.obj
 0001:00008b90       log10                      0000000180009b90 f   libucrt:log10.obj
 0001:0000913c       __dcrt_lowio_ensure_console_output_initialized 000000018000a13c f   libucrt:initcon.obj
 0001:00009190       __dcrt_terminate_console_output 000000018000a190 f   libucrt:initcon.obj
 0001:000091ac       __dcrt_write_console_w     000000018000a1ac f   libucrt:initcon.obj
 0001:000092e0       _close                     000000018000a2e0 f   libucrt:close.obj
 0001:00009384       _close_nolock              000000018000a384 f   libucrt:close.obj
 0001:00009440       ?__acrt_stdio_free_stream@@YAXV__crt_stdio_stream@@@Z 000000018000a440 f   libucrt:stream.obj
 0001:00009580       _handle_error              000000018000a580 f   libucrt:libm_error.obj
 0001:000096b0       __acrt_initialize_fma3     000000018000a6b0 f   libucrt:fma3_available.obj
 0001:00009720       _log10_special             000000018000a720 f   libucrt:log_special.obj
 0001:000097f0       _get_fpsr                  000000018000a7f0 f   libucrt:fpsr.obj
 0001:00009800       _set_fpsr                  000000018000a800 f   libucrt:fpsr.obj
 0001:0000980a       _fclrf                     000000018000a80a f   libucrt:fpsr.obj
 0001:0000981e       _frnd                      000000018000a81e f   libucrt:fpsr.obj
 0001:00009840       _raise_exc                 000000018000a840 f   libucrt:fpexcept.obj
 0001:00009868       _raise_exc_ex              000000018000a868 f   libucrt:fpexcept.obj
 0001:00009b70       _set_errno_from_matherr    000000018000ab70 f   libucrt:fpexcept.obj
 0001:00009ba0       _clrfp                     000000018000aba0 f   libucrt:fpctrl.obj
 0001:00009bc0       _ctrlfp                    000000018000abc0 f   libucrt:fpctrl.obj
 0001:00009c3c       _set_statfp                000000018000ac3c f   libucrt:fpctrl.obj
 0001:00009c5c       _statfp                    000000018000ac5c f   libucrt:fpctrl.obj
 0001:00009c6d       IsProcessorFeaturePresent  000000018000ac6d f   kernel32:KERNEL32.dll
 0001:00009c73       RtlUnwindEx                000000018000ac73 f   kernel32:KERNEL32.dll
 0001:00009c7c       ?DloadAcquireSectionWriteAccess@@YAXXZ 000000018000ac7c f i DelayImp:delayhlp.obj
 0001:00009d38       ?DloadGetSRWLockFunctionPointers@@YAEXZ 000000018000ad38 f i DelayImp:delayhlp.obj
 0001:00009dd4       ?DloadMakePermanentImageCommit@@YAXPEAX_K@Z 000000018000add4 f i DelayImp:delayhlp.obj
 0001:00009e70       ?DloadObtainSection@@YAPEAXPEAK0@Z 000000018000ae70 f i DelayImp:delayhlp.obj
 0001:00009f04       ?DloadProtectSection@@YAXKPEAK@Z 000000018000af04 f i DelayImp:delayhlp.obj
 0001:00009f94       ?DloadReleaseSectionWriteAccess@@YAXXZ 000000018000af94 f i DelayImp:delayhlp.obj
 0001:0000a038       __delayLoadHelper2         000000018000b038 f   DelayImp:delayhlp.obj
 0001:0000a330       _FindPESection             000000018000b330 f   LIBCMT:pesect.obj
 0001:0000a380       _IsNonwritableInCurrentImage 000000018000b380 f   LIBCMT:pesect.obj
 0001:0000a3d0       _ValidateImageBase         000000018000b3d0 f   LIBCMT:pesect.obj
 0001:0000a400       __GSHandlerCheck           000000018000b400 f   LIBCMT:_gshandler_.obj
 0001:0000a420       __GSHandlerCheckCommon     000000018000b420 f   LIBCMT:_gshandler_.obj
 0001:0000a490       __chkstk                   000000018000b490 f   LIBCMT:_chkstk_.obj
 0001:0000a490       _alloca_probe              000000018000b490 f   LIBCMT:_chkstk_.obj
 0001:0000a500       memmove                    000000018000b500 f   libvcruntime:memcpy.obj
 0001:0000a500       memcpy                     000000018000b500 f   libvcruntime:memcpy.obj
 0001:0000a960       memcmp                     000000018000b960 f   libvcruntime:memcmp.obj
 0001:0000aa40       _guard_dispatch_icall_nop  000000018000ba40 f   LIBCMT:_guard_dispatch_.obj
 0001:0000aa60       __guard_ss_verify_failure  000000018000ba60 f   LIBCMT:_rfgfailure_.obj
 0001:0000aa6b       __guard_ss_verify_failure_rcx 000000018000ba6b     LIBCMT:_rfgfailure_.obj
 0001:0000aa71       __guard_ss_verify_failure_rdx 000000018000ba71     LIBCMT:_rfgfailure_.obj
 0001:0000aa77       __guard_ss_verify_failure_r8 000000018000ba77     LIBCMT:_rfgfailure_.obj
 0001:0000aa7d       __guard_ss_verify_failure_r9 000000018000ba7d     LIBCMT:_rfgfailure_.obj
 0001:0000aa83       __guard_ss_verify_failure_r10 000000018000ba83     LIBCMT:_rfgfailure_.obj
 0001:0000aa90       __guard_ss_verify_failure_default 000000018000ba90 f   LIBCMT:_rfgfailure_.obj
 0001:0000aaf0       __guard_ss_verify_sp       000000018000baf0 f   LIBCMT:_rfgfailure_.obj
 0001:0000ab00       __guard_ss_verify_sp_default 000000018000bb00 f   LIBCMT:_rfgfailure_.obj
 0002:00000000       __imp_GetModuleHandleA     000000018000c000     kernel32:KERNEL32.dll
 0002:00000008       __imp_VirtualQuery         000000018000c008     kernel32:KERNEL32.dll
 0002:00000010       __imp_RtlCaptureContext    000000018000c010     kernel32:KERNEL32.dll
 0002:00000018       __imp_RtlLookupFunctionEntry 000000018000c018     kernel32:KERNEL32.dll
 0002:00000020       __imp_RtlVirtualUnwind     000000018000c020     kernel32:KERNEL32.dll
 0002:00000028       __imp_UnhandledExceptionFilter 000000018000c028     kernel32:KERNEL32.dll
 0002:00000030       __imp_SetUnhandledExceptionFilter 000000018000c030     kernel32:KERNEL32.dll
 0002:00000038       __imp_GetCurrentProcess    000000018000c038     kernel32:KERNEL32.dll
 0002:00000040       __imp_TerminateProcess     000000018000c040     kernel32:KERNEL32.dll
 0002:00000048       __imp_IsProcessorFeaturePresent 000000018000c048     kernel32:KERNEL32.dll
 0002:00000050       __imp_QueryPerformanceCounter 000000018000c050     kernel32:KERNEL32.dll
 0002:00000058       __imp_GetCurrentProcessId  000000018000c058     kernel32:KERNEL32.dll
 0002:00000060       __imp_GetCurrentThreadId   000000018000c060     kernel32:KERNEL32.dll
 0002:00000068       __imp_GetSystemTimeAsFileTime 000000018000c068     kernel32:KERNEL32.dll
 0002:00000070       __imp_InitializeSListHead  000000018000c070     kernel32:KERNEL32.dll
 0002:00000078       __imp_IsDebuggerPresent    000000018000c078     kernel32:KERNEL32.dll
 0002:00000080       __imp_GetStartupInfoW      000000018000c080     kernel32:KERNEL32.dll
 0002:00000088       __imp_GetModuleHandleW     000000018000c088     kernel32:KERNEL32.dll
 0002:00000090       __imp_RtlUnwindEx          000000018000c090     kernel32:KERNEL32.dll
 0002:00000098       __imp_InterlockedFlushSList 000000018000c098     kernel32:KERNEL32.dll
 0002:000000a0       __imp_GetLastError         000000018000c0a0     kernel32:KERNEL32.dll
 0002:000000a8       __imp_SetLastError         000000018000c0a8     kernel32:KERNEL32.dll
 0002:000000b0       __imp_EnterCriticalSection 000000018000c0b0     kernel32:KERNEL32.dll
 0002:000000b8       __imp_LeaveCriticalSection 000000018000c0b8     kernel32:KERNEL32.dll
 0002:000000c0       __imp_DeleteCriticalSection 000000018000c0c0     kernel32:KERNEL32.dll
 0002:000000c8       __imp_InitializeCriticalSectionAndSpinCount 000000018000c0c8     kernel32:KERNEL32.dll
 0002:000000d0       __imp_TlsAlloc             000000018000c0d0     kernel32:KERNEL32.dll
 0002:000000d8       __imp_TlsGetValue          000000018000c0d8     kernel32:KERNEL32.dll
 0002:000000e0       __imp_TlsSetValue          000000018000c0e0     kernel32:KERNEL32.dll
 0002:000000e8       __imp_TlsFree              000000018000c0e8     kernel32:KERNEL32.dll
 0002:000000f0       __imp_FreeLibrary          000000018000c0f0     kernel32:KERNEL32.dll
 0002:000000f8       __imp_GetProcAddress       000000018000c0f8     kernel32:KERNEL32.dll
 0002:00000100       __imp_LoadLibraryExW       000000018000c100     kernel32:KERNEL32.dll
 0002:00000108       __imp_ExitProcess          000000018000c108     kernel32:KERNEL32.dll
 0002:00000110       __imp_GetModuleHandleExW   000000018000c110     kernel32:KERNEL32.dll
 0002:00000118       __imp_GetModuleFileNameA   000000018000c118     kernel32:KERNEL32.dll
 0002:00000120       __imp_MultiByteToWideChar  000000018000c120     kernel32:KERNEL32.dll
 0002:00000128       __imp_WideCharToMultiByte  000000018000c128     kernel32:KERNEL32.dll
 0002:00000130       __imp_HeapFree             000000018000c130     kernel32:KERNEL32.dll
 0002:00000138       __imp_HeapAlloc            000000018000c138     kernel32:KERNEL32.dll
 0002:00000140       __imp_GetACP               000000018000c140     kernel32:KERNEL32.dll
 0002:00000148       __imp_FindClose            000000018000c148     kernel32:KERNEL32.dll
 0002:00000150       __imp_FindFirstFileExA     000000018000c150     kernel32:KERNEL32.dll
 0002:00000158       __imp_FindNextFileA        000000018000c158     kernel32:KERNEL32.dll
 0002:00000160       __imp_IsValidCodePage      000000018000c160     kernel32:KERNEL32.dll
 0002:00000168       __imp_GetOEMCP             000000018000c168     kernel32:KERNEL32.dll
 0002:00000170       __imp_GetCPInfo            000000018000c170     kernel32:KERNEL32.dll
 0002:00000178       __imp_GetCommandLineA      000000018000c178     kernel32:KERNEL32.dll
 0002:00000180       __imp_GetCommandLineW      000000018000c180     kernel32:KERNEL32.dll
 0002:00000188       __imp_GetEnvironmentStringsW 000000018000c188     kernel32:KERNEL32.dll
 0002:00000190       __imp_FreeEnvironmentStringsW 000000018000c190     kernel32:KERNEL32.dll
 0002:00000198       __imp_LCMapStringW         000000018000c198     kernel32:KERNEL32.dll
 0002:000001a0       __imp_GetProcessHeap       000000018000c1a0     kernel32:KERNEL32.dll
 0002:000001a8       __imp_GetStdHandle         000000018000c1a8     kernel32:KERNEL32.dll
 0002:000001b0       __imp_GetFileType          000000018000c1b0     kernel32:KERNEL32.dll
 0002:000001b8       __imp_GetStringTypeW       000000018000c1b8     kernel32:KERNEL32.dll
 0002:000001c0       __imp_HeapSize             000000018000c1c0     kernel32:KERNEL32.dll
 0002:000001c8       __imp_HeapReAlloc          000000018000c1c8     kernel32:KERNEL32.dll
 0002:000001d0       __imp_SetStdHandle         000000018000c1d0     kernel32:KERNEL32.dll
 0002:000001d8       __imp_FlushFileBuffers     000000018000c1d8     kernel32:KERNEL32.dll
 0002:000001e0       __imp_WriteFile            000000018000c1e0     kernel32:KERNEL32.dll
 0002:000001e8       __imp_GetConsoleCP         000000018000c1e8     kernel32:KERNEL32.dll
 0002:000001f0       __imp_GetConsoleMode       000000018000c1f0     kernel32:KERNEL32.dll
 0002:000001f8       __imp_SetFilePointerEx     000000018000c1f8     kernel32:KERNEL32.dll
 0002:00000200       __imp_CreateFileW          000000018000c200     kernel32:KERNEL32.dll
 0002:00000208       __imp_CloseHandle          000000018000c208     kernel32:KERNEL32.dll
 0002:00000210       __imp_WriteConsoleW        000000018000c210     kernel32:KERNEL32.dll
 0002:00000218       __imp_RaiseException       000000018000c218     kernel32:KERNEL32.dll
 0002:00000220       __imp_GetSystemInfo        000000018000c220     kernel32:KERNEL32.dll
 0002:00000228       __imp_VirtualProtect       000000018000c228     kernel32:KERNEL32.dll
 0002:00000230       __imp_LoadLibraryExA       000000018000c230     kernel32:KERNEL32.dll
 0002:00000238       \177KERNEL32_NULL_THUNK_DATA 000000018000c238     kernel32:KERNEL32.dll
 0002:00000240       __guard_check_icall_fptr   000000018000c240     LIBCMT:guard_support.obj
 0002:00000248       __guard_dispatch_icall_fptr 000000018000c248     LIBCMT:guard_support.obj
 0002:00000250       __guard_ss_verify_failure_fptr 000000018000c250     LIBCMT:guard_support.obj
 0002:00000258       __guard_ss_verify_sp_fptr  000000018000c258     LIBCMT:guard_support.obj
 0002:00000260       __xc_a                     000000018000c260     LIBCMT:initializers.obj
 0002:00000268       _register_addon_           000000018000c268     hello.obj
 0002:00000270       __xc_z                     000000018000c270     LIBCMT:initializers.obj
 0002:00000278       __xi_a                     000000018000c278     LIBCMT:initializers.obj
 0002:00000280       __acrt_multibyte_initializer 000000018000c280     libucrt:multibyte_initializer.obj
 0002:00000288       __acrt_stdio_initializer   000000018000c288     libucrt:stdio_initializer.obj
 0002:00000290       __acrt_tran_fma3_initializer 000000018000c290     libucrt:fma3_initializer.obj
 0002:00000298       __xi_z                     000000018000c298     LIBCMT:initializers.obj
 0002:000002a0       __xp_a                     000000018000c2a0     LIBCMT:initializers.obj
 0002:000002a8       __acrt_locale_terminator   000000018000c2a8     libucrt:locale_initializer.obj
 0002:000002b0       __dcrt_console_output_terminator 000000018000c2b0     libucrt:console_output_initializer.obj
 0002:000002b8       __acrt_stdio_terminator    000000018000c2b8     libucrt:stdio_initializer.obj
 0002:000002c0       __xp_z                     000000018000c2c0     LIBCMT:initializers.obj
 0002:000002c8       __xt_a                     000000018000c2c8     LIBCMT:initializers.obj
 0002:000002d0       __xt_z                     000000018000c2d0     LIBCMT:initializers.obj
 0002:000002e0       __sz_node_exe              000000018000c2e0     node:node.exe
 0002:000002f0       _pDefaultRawDllMain        000000018000c2f0     LIBCMT:dll_dllmain.obj
 0002:000002f0       _pRawDllMain               000000018000c2f0     LIBCMT:dll_dllmain.obj
 0002:00000638       ??_C@_08EHJDFFNH@__based?$CI?$AA@ 000000018000c638     libvcruntime:undname.obj
 0002:00000648       ??_C@_07KOLFKCDI@__cdecl?$AA@ 000000018000c648     libvcruntime:undname.obj
 0002:00000650       ??_C@_08GHMPAG@__pascal?$AA@ 000000018000c650     libvcruntime:undname.obj
 0002:00000660       ??_C@_09IFJBGAPI@__stdcall?$AA@ 000000018000c660     libvcruntime:undname.obj
 0002:00000670       ??_C@_0L@NPHFGOKO@__thiscall?$AA@ 000000018000c670     libvcruntime:undname.obj
 0002:00000680       ??_C@_0L@JMKHOMEK@__fastcall?$AA@ 000000018000c680     libvcruntime:undname.obj
 0002:00000690       ??_C@_0N@BCKKPABJ@__vectorcall?$AA@ 000000018000c690     libvcruntime:undname.obj
 0002:000006a0       ??_C@_09HIJEGCPM@__clrcall?$AA@ 000000018000c6a0     libvcruntime:undname.obj
 0002:000006ac       ??_C@_06GHPCKEAG@__eabi?$AA@ 000000018000c6ac     libvcruntime:undname.obj
 0002:000006b8       ??_C@_07JOMMBBKO@__ptr64?$AA@ 000000018000c6b8     libvcruntime:undname.obj
 0002:000006c0       ??_C@_0L@PILCLIHE@__restrict?$AA@ 000000018000c6c0     libvcruntime:undname.obj
 0002:000006d0       ??_C@_0M@GFIIJFMG@__unaligned?$AA@ 000000018000c6d0     libvcruntime:undname.obj
 0002:000006e0       ??_C@_09DHDLOLLB@restrict?$CI?$AA@ 000000018000c6e0     libvcruntime:undname.obj
 0002:000006ea       ??_C@_00CNPNBAHC@?$AA@     000000018000c6ea     libvcruntime:undname.obj
 0002:000006ec       ??_C@_04NIHEBCM@?5new?$AA@ 000000018000c6ec     libvcruntime:undname.obj
 0002:000006f8       ??_C@_07FPCDHGMM@?5delete?$AA@ 000000018000c6f8     libvcruntime:undname.obj
 0002:00000700       ??_C@_01NEMOKFLO@?$DN?$AA@ 000000018000c700     libvcruntime:undname.obj
 0002:00000704       ??_C@_02GPIOPFAK@?$DO?$DO?$AA@ 000000018000c704     libvcruntime:undname.obj
 0002:00000708       ??_C@_02FODMEDOG@?$DM?$DM?$AA@ 000000018000c708     libvcruntime:undname.obj
 0002:0000070c       ??_C@_01DCLJPIOD@?$CB?$AA@ 000000018000c70c     libvcruntime:undname.obj
 0002:00000710       ??_C@_02EGOFBIJA@?$DN?$DN?$AA@ 000000018000c710     libvcruntime:undname.obj
 0002:00000714       ??_C@_02FDNJECIE@?$CB?$DN?$AA@ 000000018000c714     libvcruntime:undname.obj
 0002:00000718       ??_C@_02GPECMEKF@?$FL?$FN?$AA@ 000000018000c718     libvcruntime:undname.obj
 0002:00000720       ??_C@_08LHJFAFGD@operator?$AA@ 000000018000c720     libvcruntime:undname.obj
 0002:0000072c       ??_C@_02HBOOOICD@?9?$DO?$AA@ 000000018000c72c     libvcruntime:undname.obj
 0002:00000730       ??_C@_01NBENCBCI@?$CK?$AA@ 000000018000c730     libvcruntime:undname.obj
 0002:00000734       ??_C@_02ECNGHCIF@?$CL?$CL?$AA@ 000000018000c734     libvcruntime:undname.obj
 0002:00000738       ??_C@_02BAABKJLB@?9?9?$AA@ 000000018000c738     libvcruntime:undname.obj
 0002:0000073c       ??_C@_01JOAMLHOP@?9?$AA@   000000018000c73c     libvcruntime:undname.obj
 0002:00000740       ??_C@_01MIFGBAGJ@?$CL?$AA@ 000000018000c740     libvcruntime:undname.obj
 0002:00000744       ??_C@_01HNPIGOCE@?$CG?$AA@ 000000018000c744     libvcruntime:undname.obj
 0002:00000748       ??_C@_03MNHNFDLC@?9?$DO?$CK?$AA@ 000000018000c748     libvcruntime:undname.obj
 0002:0000074c       ??_C@_01KMDKNFGN@?1?$AA@   000000018000c74c     libvcruntime:undname.obj
 0002:00000750       ??_C@_01FGNFDNOH@?$CF?$AA@ 000000018000c750     libvcruntime:undname.obj
 0002:00000754       ??_C@_01MNNFJEPP@?$DM?$AA@ 000000018000c754     libvcruntime:undname.obj
 0002:00000758       ??_C@_02EHCHHCKH@?$DM?$DN?$AA@ 000000018000c758     libvcruntime:undname.obj
 0002:0000075c       ??_C@_01PPODPGHN@?$DO?$AA@ 000000018000c75c     libvcruntime:undname.obj
 0002:00000760       ??_C@_02EEKDKGMJ@?$DO?$DN?$AA@ 000000018000c760     libvcruntime:undname.obj
 0002:00000764       ??_C@_01IHBHIGKO@?0?$AA@   000000018000c764     libvcruntime:undname.obj
 0002:00000768       ??_C@_02HCKGKOFO@?$CI?$CJ?$AA@ 000000018000c768     libvcruntime:undname.obj
 0002:0000076c       ??_C@_01PJKLJHI@?$HO?$AA@  000000018000c76c     libvcruntime:undname.obj
 0002:00000770       ??_C@_01JKBOJNNK@?$FO?$AA@ 000000018000c770     libvcruntime:undname.obj
 0002:00000774       ??_C@_01DNKMNLPK@?$HM?$AA@ 000000018000c774     libvcruntime:undname.obj
 0002:00000778       ??_C@_02PPKAJPJL@?$CG?$CG?$AA@ 000000018000c778     libvcruntime:undname.obj
 0002:0000077c       ??_C@_02NONPIBCD@?$HM?$HM?$AA@ 000000018000c77c     libvcruntime:undname.obj
 0002:00000780       ??_C@_02FPIMKNGF@?$CK?$DN?$AA@ 000000018000c780     libvcruntime:undname.obj
 0002:00000784       ??_C@_02FOEOMHFC@?$CL?$DN?$AA@ 000000018000c784     libvcruntime:undname.obj
 0002:00000788       ??_C@_02FKMDLLOA@?9?$DN?$AA@ 000000018000c788     libvcruntime:undname.obj
 0002:0000078c       ??_C@_02FJEHGPIO@?1?$DN?$AA@ 000000018000c78c     libvcruntime:undname.obj
 0002:00000790       ??_C@_02FENAOKFI@?$CF?$DN?$AA@ 000000018000c790     libvcruntime:undname.obj
 0002:00000794       ??_C@_03IKFCCPFF@?$DO?$DO?$DN?$AA@ 000000018000c794     libvcruntime:undname.obj
 0002:00000798       ??_C@_03CDNPDDLA@?$DM?$DM?$DN?$AA@ 000000018000c798     libvcruntime:undname.obj
 0002:0000079c       ??_C@_02FGJGFEAB@?$CG?$DN?$AA@ 000000018000c79c     libvcruntime:undname.obj
 0002:000007a0       ??_C@_02DHLNPPGH@?$HM?$DN?$AA@ 000000018000c7a0     libvcruntime:undname.obj
 0002:000007a4       ??_C@_02MHEGNOJ@?$FO?$DN?$AA@ 000000018000c7a4     libvcruntime:undname.obj
 0002:000007a8       ??_C@_09IFPLHPGF@?$GAvftable?8?$AA@ 000000018000c7a8     libvcruntime:undname.obj
 0002:000007b8       ??_C@_09BLBHBJP@?$GAvbtable?8?$AA@ 000000018000c7b8     libvcruntime:undname.obj
 0002:000007c8       ??_C@_07FEEIOKP@?$GAvcall?8?$AA@ 000000018000c7c8     libvcruntime:undname.obj
 0002:000007d0       ??_C@_08LLFFHHDJ@?$GAtypeof?8?$AA@ 000000018000c7d0     libvcruntime:undname.obj
 0002:000007e0       ??_C@_0BF@KDPPACIK@?$GAlocal?5static?5guard?8?$AA@ 000000018000c7e0     libvcruntime:undname.obj
 0002:000007f8       ??_C@_08OBABFOLI@?$GAstring?8?$AA@ 000000018000c7f8     libvcruntime:undname.obj
 0002:00000808       ??_C@_0BD@JDLKDPAB@?$GAvbase?5destructor?8?$AA@ 000000018000c808     libvcruntime:undname.obj
 0002:00000820       ??_C@_0BN@DEGPLNFK@?$GAvector?5deleting?5destructor?8?$AA@ 000000018000c820     libvcruntime:undname.obj
 0002:00000840       ??_C@_0BO@OBMKPJIG@?$GAdefault?5constructor?5closure?8?$AA@ 000000018000c840     libvcruntime:undname.obj
 0002:00000860       ??_C@_0BN@IMDCHIKM@?$GAscalar?5deleting?5destructor?8?$AA@ 000000018000c860     libvcruntime:undname.obj
 0002:00000880       ??_C@_0BO@PFGOCPJJ@?$GAvector?5constructor?5iterator?8?$AA@ 000000018000c880     libvcruntime:undname.obj
 0002:000008a0       ??_C@_0BN@LFPFMEDL@?$GAvector?5destructor?5iterator?8?$AA@ 000000018000c8a0     libvcruntime:undname.obj
 0002:000008c0       ??_C@_0CE@IKBNEHA@?$GAvector?5vbase?5constructor?5iterat@ 000000018000c8c0     libvcruntime:undname.obj
 0002:000008e8       ??_C@_0BL@NILFHHPC@?$GAvirtual?5displacement?5map?8?$AA@ 000000018000c8e8     libvcruntime:undname.obj
 0002:00000908       ??_C@_0CB@JONCMFFK@?$GAeh?5vector?5constructor?5iterator?8@ 000000018000c908     libvcruntime:undname.obj
 0002:00000930       ??_C@_0CA@GCEOPDGL@?$GAeh?5vector?5destructor?5iterator?8?$AA@ 000000018000c930     libvcruntime:undname.obj
 0002:00000950       ??_C@_0CH@OOJPLCPH@?$GAeh?5vector?5vbase?5constructor?5ite@ 000000018000c950     libvcruntime:undname.obj
 0002:00000978       ??_C@_0BL@LLKPOHJI@?$GAcopy?5constructor?5closure?8?$AA@ 000000018000c978     libvcruntime:undname.obj
 0002:00000998       ??_C@_0BA@KBCDOMBN@?$GAudt?5returning?8?$AA@ 000000018000c998     libvcruntime:undname.obj
 0002:000009a8       ??_C@_03KLGMFNMG@?$GAEH?$AA@ 000000018000c9a8     libvcruntime:undname.obj
 0002:000009ac       ??_C@_05KHLCHHI@?$GARTTI?$AA@ 000000018000c9ac     libvcruntime:undname.obj
 0002:000009b8       ??_C@_0BA@KKLDJDLB@?$GAlocal?5vftable?8?$AA@ 000000018000c9b8     libvcruntime:undname.obj
 0002:000009c8       ??_C@_0CE@IIHCMGGL@?$GAlocal?5vftable?5constructor?5closu@ 000000018000c9c8     libvcruntime:undname.obj
 0002:000009ec       ??_C@_06FHBGPFGH@?5new?$FL?$FN?$AA@ 000000018000c9ec     libvcruntime:undname.obj
 0002:000009f8       ??_C@_09LBNFPBCA@?5delete?$FL?$FN?$AA@ 000000018000c9f8     libvcruntime:undname.obj
 0002:00000a08       ??_C@_0P@HJKNJFNN@?$GAomni?5callsig?8?$AA@ 000000018000ca08     libvcruntime:undname.obj
 0002:00000a18       ??_C@_0BL@CNOONJFP@?$GAplacement?5delete?5closure?8?$AA@ 000000018000ca18     libvcruntime:undname.obj
 0002:00000a38       ??_C@_0BN@CKNJLHMB@?$GAplacement?5delete?$FL?$FN?5closure?8?$AA@ 000000018000ca38     libvcruntime:undname.obj
 0002:00000a58       ??_C@_0CG@CFDHKGGD@?$GAmanaged?5vector?5constructor?5iter@ 000000018000ca58     libvcruntime:undname.obj
 0002:00000a80       ??_C@_0CF@IMGKMJNO@?$GAmanaged?5vector?5destructor?5itera@ 000000018000ca80     libvcruntime:undname.obj
 0002:00000aa8       ??_C@_0CG@HLDDJMAG@?$GAeh?5vector?5copy?5constructor?5iter@ 000000018000caa8     libvcruntime:undname.obj
 0002:00000ad0       ??_C@_0CM@FCBBDIGB@?$GAeh?5vector?5vbase?5copy?5constructo@ 000000018000cad0     libvcruntime:undname.obj
 0002:00000b00       ??_C@_0BL@CLIPGLGB@?$GAdynamic?5initializer?5for?5?8?$AA@ 000000018000cb00     libvcruntime:undname.obj
 0002:00000b20       ??_C@_0CB@PDBIFEP@?$GAdynamic?5atexit?5destructor?5for?5?8@ 000000018000cb20     libvcruntime:undname.obj
 0002:00000b48       ??_C@_0CD@CGAJBKEJ@?$GAvector?5copy?5constructor?5iterato@ 000000018000cb48     libvcruntime:undname.obj
 0002:00000b70       ??_C@_0CJ@GJELGAMM@?$GAvector?5vbase?5copy?5constructor?5i@ 000000018000cb70     libvcruntime:undname.obj
 0002:00000ba0       ??_C@_0CL@FGIJHLCE@?$GAmanaged?5vector?5copy?5constructor@ 000000018000cba0     libvcruntime:undname.obj
 0002:00000bd0       ??_C@_0BM@PMGGMLDN@?$GAlocal?5static?5thread?5guard?8?$AA@ 000000018000cbd0     libvcruntime:undname.obj
 0002:00000bf0       ??_C@_0N@BDNMDMOL@operator?5?$CC?$CC?5?$AA@ 000000018000cbf0     libvcruntime:undname.obj
 0002:00000c00       ??_C@_0BC@GGEBGALA@operator?5co_await?$AA@ 000000018000cc00     libvcruntime:undname.obj
 0002:00000c18       ??_C@_0BC@DAFEJGAK@?5Type?5Descriptor?8?$AA@ 000000018000cc18     libvcruntime:undname.obj
 0002:00000c30       ??_C@_0BM@LDKODKLH@?5Base?5Class?5Descriptor?5at?5?$CI?$AA@ 000000018000cc30     libvcruntime:undname.obj
 0002:00000c50       ??_C@_0BD@LGICGFMM@?5Base?5Class?5Array?8?$AA@ 000000018000cc50     libvcruntime:undname.obj
 0002:00000c68       ??_C@_0BN@MECKDCOJ@?5Class?5Hierarchy?5Descriptor?8?$AA@ 000000018000cc68     libvcruntime:undname.obj
 0002:00000c88       ??_C@_0BK@CFCOFLF@?5Complete?5Object?5Locator?8?$AA@ 000000018000cc88     libvcruntime:undname.obj
 0002:00000cc0       ??_C@_1DM@KHCHBNEB@?$AAa?$AAp?$AAi?$AA?9?$AAm?$AAs?$AA?9?$AAw?$AAi?$AAn?$AA?9?$AAc?$AAo?$AAr?$AAe?$AA?9?$AAf?$AAi?$AAb?$AAe?$AAr?$AAs?$AA?9?$AAl?$AA1?$AA?9?$AA1?$AA?9?$AA1?$AA?$AA@ 000000018000ccc0     libvcruntime:winapi_downlevel.obj
 0002:00000d00       ??_C@_1DK@LPPGFMPP@?$AAa?$AAp?$AAi?$AA?9?$AAm?$AAs?$AA?9?$AAw?$AAi?$AAn?$AA?9?$AAc?$AAo?$AAr?$AAe?$AA?9?$AAs?$AAy?$AAn?$AAc?$AAh?$AA?9?$AAl?$AA1?$AA?9?$AA2?$AA?9?$AA0?$AA?$AA@ 000000018000cd00     libvcruntime:winapi_downlevel.obj
 0002:00000d40       ??_C@_1BC@GDMECMAK@?$AAk?$AAe?$AAr?$AAn?$AAe?$AAl?$AA3?$AA2?$AA?$AA@ 000000018000cd40     libvcruntime:winapi_downlevel.obj
 0002:00000d58       ??_C@_1BA@PFFKHIOG@?$AAa?$AAp?$AAi?$AA?9?$AAm?$AAs?$AA?9?$AA?$AA@ 000000018000cd58     libvcruntime:winapi_downlevel.obj
 0002:00000d68       ??_C@_1BA@IAIFMGEF@?$AAe?$AAx?$AAt?$AA?9?$AAm?$AAs?$AA?9?$AA?$AA@ 000000018000cd68     libvcruntime:winapi_downlevel.obj
 0002:00000d80       ??_C@_08KNHFBNJ@FlsAlloc?$AA@ 000000018000cd80     libvcruntime:winapi_downlevel.obj
 0002:00000d98       ??_C@_07PEJMOBNF@FlsFree?$AA@ 000000018000cd98     libvcruntime:winapi_downlevel.obj
 0002:00000da8       ??_C@_0M@GDNOONDI@FlsGetValue?$AA@ 000000018000cda8     libvcruntime:winapi_downlevel.obj
 0002:00000dc0       ??_C@_0M@JCPCPOEF@FlsSetValue?$AA@ 000000018000cdc0     libvcruntime:winapi_downlevel.obj
 0002:00000dd8       ??_C@_0BM@HCFOFFN@InitializeCriticalSectionEx?$AA@ 000000018000cdd8     libvcruntime:winapi_downlevel.obj
 0002:00000e00       __acrt_exception_action_table 000000018000ce00     libucrt:exception_filter.obj
 0002:00000ec0       __acrt_signal_action_table_count 000000018000cec0     libucrt:exception_filter.obj
 0002:00000ec8       __acrt_signal_action_first_fpe_index 000000018000cec8     libucrt:exception_filter.obj
 0002:00000ed0       __acrt_signal_action_fpe_count 000000018000ced0     libucrt:exception_filter.obj
 0002:00000ed8       ??_C@_1BI@BGOHAHKC@?$AAm?$AAs?$AAc?$AAo?$AAr?$AAe?$AAe?$AA?4?$AAd?$AAl?$AAl?$AA?$AA@ 000000018000ced8     libucrt:exit.obj
 0002:00000ef0       ??_C@_0P@MIGLKIOC@CorExitProcess?$AA@ 000000018000cef0     libucrt:exit.obj
 0002:00001160       __lc_time_c                000000018000d160     libucrt:nlsdata.obj
 0002:00001420       ??_C@_03KOEHGMDN@Sun?$AA@  000000018000d420     libucrt:nlsdata.obj
 0002:00001424       ??_C@_03PDAGKDH@Mon?$AA@   000000018000d424     libucrt:nlsdata.obj
 0002:00001428       ??_C@_03NAGEINEP@Tue?$AA@  000000018000d428     libucrt:nlsdata.obj
 0002:0000142c       ??_C@_03MHOMLAJA@Wed?$AA@  000000018000d42c     libucrt:nlsdata.obj
 0002:00001430       ??_C@_03IOFIKPDN@Thu?$AA@  000000018000d430     libucrt:nlsdata.obj
 0002:00001434       ??_C@_03IDIOELNC@Fri?$AA@  000000018000d434     libucrt:nlsdata.obj
 0002:00001438       ??_C@_03FEFJNEK@Sat?$AA@   000000018000d438     libucrt:nlsdata.obj
 0002:0000143c       ??_C@_06OOPIFAJ@Sunday?$AA@ 000000018000d43c     libucrt:nlsdata.obj
 0002:00001444       ??_C@_06JLEDEDGH@Monday?$AA@ 000000018000d444     libucrt:nlsdata.obj
 0002:00001450       ??_C@_07BAAGCFCM@Tuesday?$AA@ 000000018000d450     libucrt:nlsdata.obj
 0002:00001458       ??_C@_09DLIGFAKA@Wednesday?$AA@ 000000018000d458     libucrt:nlsdata.obj
 0002:00001468       ??_C@_08HACCIKIA@Thursday?$AA@ 000000018000d468     libucrt:nlsdata.obj
 0002:00001474       ??_C@_06JECMNKMI@Friday?$AA@ 000000018000d474     libucrt:nlsdata.obj
 0002:00001480       ??_C@_08INBOOONO@Saturday?$AA@ 000000018000d480     libucrt:nlsdata.obj
 0002:0000148c       ??_C@_03JIHJHPIE@Jan?$AA@  000000018000d48c     libucrt:nlsdata.obj
 0002:00001490       ??_C@_03HJBDCHOM@Feb?$AA@  000000018000d490     libucrt:nlsdata.obj
 0002:00001494       ??_C@_03ODNJBKGA@Mar?$AA@  000000018000d494     libucrt:nlsdata.obj
 0002:00001498       ??_C@_03LEOLGMJP@Apr?$AA@  000000018000d498     libucrt:nlsdata.obj
 0002:0000149c       ??_C@_03CNMDKL@May?$AA@    000000018000d49c     libucrt:nlsdata.obj
 0002:000014a0       ??_C@_03IDFGHECI@Jun?$AA@  000000018000d4a0     libucrt:nlsdata.obj
 0002:000014a4       ??_C@_03LBGABGKK@Jul?$AA@  000000018000d4a4     libucrt:nlsdata.obj
 0002:000014a8       ??_C@_03IFJFEIGA@Aug?$AA@  000000018000d4a8     libucrt:nlsdata.obj
 0002:000014ac       ??_C@_03GGCAPAJC@Sep?$AA@  000000018000d4ac     libucrt:nlsdata.obj
 0002:000014b0       ??_C@_03BMAOKBAD@Oct?$AA@  000000018000d4b0     libucrt:nlsdata.obj
 0002:000014b4       ??_C@_03JPJOFNIA@Nov?$AA@  000000018000d4b4     libucrt:nlsdata.obj
 0002:000014b8       ??_C@_03MKABNOCG@Dec?$AA@  000000018000d4b8     libucrt:nlsdata.obj
 0002:000014c0       ??_C@_07CGJPFGJA@January?$AA@ 000000018000d4c0     libucrt:nlsdata.obj
 0002:000014c8       ??_C@_08GNJGEPFN@February?$AA@ 000000018000d4c8     libucrt:nlsdata.obj
 0002:000014d4       ??_C@_05HPCKOFNC@March?$AA@ 000000018000d4d4     libucrt:nlsdata.obj
 0002:000014dc       ??_C@_05DMJDNLEJ@April?$AA@ 000000018000d4dc     libucrt:nlsdata.obj
 0002:000014e4       ??_C@_04CNLMGBGM@June?$AA@ 000000018000d4e4     libucrt:nlsdata.obj
 0002:000014ec       ??_C@_04MIEPOIFP@July?$AA@ 000000018000d4ec     libucrt:nlsdata.obj
 0002:000014f4       ??_C@_06LBBHFDDG@August?$AA@ 000000018000d4f4     libucrt:nlsdata.obj
 0002:00001500       ??_C@_09BHHEALKD@September?$AA@ 000000018000d500     libucrt:nlsdata.obj
 0002:00001510       ??_C@_07JJNFCEND@October?$AA@ 000000018000d510     libucrt:nlsdata.obj
 0002:00001518       ??_C@_08HCHEGEOA@November?$AA@ 000000018000d518     libucrt:nlsdata.obj
 0002:00001528       ??_C@_08EDHMEBNP@December?$AA@ 000000018000d528     libucrt:nlsdata.obj
 0002:00001534       ??_C@_02DEDBPAFC@AM?$AA@   000000018000d534     libucrt:nlsdata.obj
 0002:00001538       ??_C@_02CJNFDJBF@PM?$AA@   000000018000d538     libucrt:nlsdata.obj
 0002:00001540       ??_C@_08BPBNCDIB@MM?1dd?1yy?$AA@ 000000018000d540     libucrt:nlsdata.obj
 0002:00001550       ??_C@_0BE@CKGJFCPC@dddd?0?5MMMM?5dd?0?5yyyy?$AA@ 000000018000d550     libucrt:nlsdata.obj
 0002:00001568       ??_C@_08JCCMCCIL@HH?3mm?3ss?$AA@ 000000018000d568     libucrt:nlsdata.obj
 0002:00001578       ??_C@_17MBGCMIPB@?$AAS?$AAu?$AAn?$AA?$AA@ 000000018000d578     libucrt:nlsdata.obj
 0002:00001580       ??_C@_17KBOMKBF@?$AAM?$AAo?$AAn?$AA?$AA@ 000000018000d580     libucrt:nlsdata.obj
 0002:00001588       ??_C@_17BMKGEGOJ@?$AAT?$AAu?$AAe?$AA?$AA@ 000000018000d588     libucrt:nlsdata.obj
 0002:00001590       ??_C@_17CJEDCEPE@?$AAW?$AAe?$AAd?$AA?$AA@ 000000018000d590     libucrt:nlsdata.obj
 0002:00001598       ??_C@_17PDPHAADD@?$AAT?$AAh?$AAu?$AA?$AA@ 000000018000d598     libucrt:nlsdata.obj
 0002:000015a0       ??_C@_17HFOLPPLP@?$AAF?$AAr?$AAi?$AA?$AA@ 000000018000d5a0     libucrt:nlsdata.obj
 0002:000015a8       ??_C@_17GGIBDPIH@?$AAS?$AAa?$AAt?$AA?$AA@ 000000018000d5a8     libucrt:nlsdata.obj
 0002:000015b0       ??_C@_1O@IHNHDHPB@?$AAS?$AAu?$AAn?$AAd?$AAa?$AAy?$AA?$AA@ 000000018000d5b0     libucrt:nlsdata.obj
 0002:000015c0       ??_C@_1O@MMNBFLIA@?$AAM?$AAo?$AAn?$AAd?$AAa?$AAy?$AA?$AA@ 000000018000d5c0     libucrt:nlsdata.obj
 0002:000015d0       ??_C@_1BA@ENFBFFEK@?$AAT?$AAu?$AAe?$AAs?$AAd?$AAa?$AAy?$AA?$AA@ 000000018000d5d0     libucrt:nlsdata.obj
 0002:000015e0       ??_C@_1BE@EBOGMDOH@?$AAW?$AAe?$AAd?$AAn?$AAe?$AAs?$AAd?$AAa?$AAy?$AA?$AA@ 000000018000d5e0     libucrt:nlsdata.obj
 0002:000015f8       ??_C@_1BC@HHMNLIHE@?$AAT?$AAh?$AAu?$AAr?$AAs?$AAd?$AAa?$AAy?$AA?$AA@ 000000018000d5f8     libucrt:nlsdata.obj
 0002:00001610       ??_C@_1O@PDICJHAG@?$AAF?$AAr?$AAi?$AAd?$AAa?$AAy?$AA?$AA@ 000000018000d610     libucrt:nlsdata.obj
 0002:00001620       ??_C@_1BC@ENMNNPAJ@?$AAS?$AAa?$AAt?$AAu?$AAr?$AAd?$AAa?$AAy?$AA?$AA@ 000000018000d620     libucrt:nlsdata.obj
 0002:00001638       ??_C@_17DKNBKCHM@?$AAJ?$AAa?$AAn?$AA?$AA@ 000000018000d638     libucrt:nlsdata.obj
 0002:00001640       ??_C@_17LMDJEKJN@?$AAF?$AAe?$AAb?$AA?$AA@ 000000018000d640     libucrt:nlsdata.obj
 0002:00001648       ??_C@_17CKNLEDEC@?$AAM?$AAa?$AAr?$AA?$AA@ 000000018000d648     libucrt:nlsdata.obj
 0002:00001650       ??_C@_17LFPOIHDD@?$AAA?$AAp?$AAr?$AA?$AA@ 000000018000d650     libucrt:nlsdata.obj
 0002:00001658       ??_C@_17PNNKMEED@?$AAM?$AAa?$AAy?$AA?$AA@ 000000018000d658     libucrt:nlsdata.obj
 0002:00001660       ??_C@_17KCJGOCPB@?$AAJ?$AAu?$AAn?$AA?$AA@ 000000018000d660     libucrt:nlsdata.obj
 0002:00001668       ??_C@_17IJPCKHK@?$AAJ?$AAu?$AAl?$AA?$AA@ 000000018000d668     libucrt:nlsdata.obj
 0002:00001670       ??_C@_17ICPELBCN@?$AAA?$AAu?$AAg?$AA?$AA@ 000000018000d670     libucrt:nlsdata.obj
 0002:00001678       ??_C@_17HCHCOKMG@?$AAS?$AAe?$AAp?$AA?$AA@ 000000018000d678     libucrt:nlsdata.obj
 0002:00001680       ??_C@_17FNLKOI@?$AAO?$AAc?$AAt?$AA?$AA@ 000000018000d680     libucrt:nlsdata.obj
 0002:00001688       ??_C@_17BBDMLCIG@?$AAN?$AAo?$AAv?$AA?$AA@ 000000018000d688     libucrt:nlsdata.obj
 0002:00001690       ??_C@_17EGKACKIF@?$AAD?$AAe?$AAc?$AA?$AA@ 000000018000d690     libucrt:nlsdata.obj
 0002:00001698       ??_C@_1BA@EFMEIEBA@?$AAJ?$AAa?$AAn?$AAu?$AAa?$AAr?$AAy?$AA?$AA@ 000000018000d698     libucrt:nlsdata.obj
 0002:000016a8       ??_C@_1BC@JGDDFFAM@?$AAF?$AAe?$AAb?$AAr?$AAu?$AAa?$AAr?$AAy?$AA?$AA@ 000000018000d6a8     libucrt:nlsdata.obj
 0002:000016c0       ??_C@_1M@IKEENEDF@?$AAM?$AAa?$AAr?$AAc?$AAh?$AA?$AA@ 000000018000d6c0     libucrt:nlsdata.obj
 0002:000016d0       ??_C@_1M@GJNLMHFD@?$AAA?$AAp?$AAr?$AAi?$AAl?$AA?$AA@ 000000018000d6d0     libucrt:nlsdata.obj
 0002:000016e0       ??_C@_19EPFLPGAP@?$AAJ?$AAu?$AAn?$AAe?$AA?$AA@ 000000018000d6e0     libucrt:nlsdata.obj
 0002:000016f0       ??_C@_19BIFMLPCD@?$AAJ?$AAu?$AAl?$AAy?$AA?$AA@ 000000018000d6f0     libucrt:nlsdata.obj
 0002:00001700       ??_C@_1O@PAHLKOAC@?$AAA?$AAu?$AAg?$AAu?$AAs?$AAt?$AA?$AA@ 000000018000d700     libucrt:nlsdata.obj
 0002:00001710       ??_C@_1BE@DKAAMBJL@?$AAS?$AAe?$AAp?$AAt?$AAe?$AAm?$AAb?$AAe?$AAr?$AA?$AA@ 000000018000d710     libucrt:nlsdata.obj
 0002:00001728       ??_C@_1BA@EPANDLNG@?$AAO?$AAc?$AAt?$AAo?$AAb?$AAe?$AAr?$AA?$AA@ 000000018000d728     libucrt:nlsdata.obj
 0002:00001738       ??_C@_1BC@BGLIFPF@?$AAN?$AAo?$AAv?$AAe?$AAm?$AAb?$AAe?$AAr?$AA?$AA@ 000000018000d738     libucrt:nlsdata.obj
 0002:00001750       ??_C@_1BC@FEMKIFH@?$AAD?$AAe?$AAc?$AAe?$AAm?$AAb?$AAe?$AAr?$AA?$AA@ 000000018000d750     libucrt:nlsdata.obj
 0002:00001764       ??_C@_15ODEHAHHF@?$AAA?$AAM?$AA?$AA@ 000000018000d764     libucrt:nlsdata.obj
 0002:0000176c       ??_C@_15CLMNNGEL@?$AAP?$AAM?$AA?$AA@ 000000018000d76c     libucrt:nlsdata.obj
 0002:00001778       ??_C@_1BC@IEBCMHCM@?$AAM?$AAM?$AA?1?$AAd?$AAd?$AA?1?$AAy?$AAy?$AA?$AA@ 000000018000d778     libucrt:nlsdata.obj
 0002:00001790       ??_C@_1CI@KNAKOEBC@?$AAd?$AAd?$AAd?$AAd?$AA?0?$AA?5?$AAM?$AAM?$AAM?$AAM?$AA?5?$AAd?$AAd?$AA?0?$AA?5?$AAy?$AAy?$AAy?$AAy?$AA?$AA@ 000000018000d790     libucrt:nlsdata.obj
 0002:000017b8       ??_C@_1BC@GDGBMEMK@?$AAH?$AAH?$AA?3?$AAm?$AAm?$AA?3?$AAs?$AAs?$AA?$AA@ 000000018000d7b8     libucrt:nlsdata.obj
 0002:000017d0       ??_C@_1M@BMHNFIME@?$AAe?$AAn?$AA?9?$AAU?$AAS?$AA?$AA@ 000000018000d7d0     libucrt:nlsdata.obj
 0002:00001800       ??_C@_1M@HPNHIDJI@?$AAj?$AAa?$AA?9?$AAJ?$AAP?$AA?$AA@ 000000018000d800     libucrt:mbctype.obj
 0002:00001810       ??_C@_1M@BIBDDEMK@?$AAz?$AAh?$AA?9?$AAC?$AAN?$AA?$AA@ 000000018000d810     libucrt:mbctype.obj
 0002:00001820       ??_C@_1M@JLOOOEGK@?$AAk?$AAo?$AA?9?$AAK?$AAR?$AA?$AA@ 000000018000d820     libucrt:mbctype.obj
 0002:00001830       ??_C@_1M@CLNBBOPM@?$AAz?$AAh?$AA?9?$AAT?$AAW?$AA?$AA@ 000000018000d830     libucrt:mbctype.obj
 0002:000018e0       ??_C@_1EA@JGEFHKEI@?$AAa?$AAp?$AAi?$AA?9?$AAm?$AAs?$AA?9?$AAw?$AAi?$AAn?$AA?9?$AAc?$AAo?$AAr?$AAe?$AA?9?$AAd?$AAa?$AAt?$AAe?$AAt?$AAi?$AAm?$AAe?$AA?9?$AAl?$AA1?$AA?9?$AA1?$AA?9?$AA1?$AA?$AA@ 000000018000d8e0     libucrt:winapi_thunks.obj
 0002:00001920       ??_C@_1DI@IJCEHOCB@?$AAa?$AAp?$AAi?$AA?9?$AAm?$AAs?$AA?9?$AAw?$AAi?$AAn?$AA?9?$AAc?$AAo?$AAr?$AAe?$AA?9?$AAf?$AAi?$AAl?$AAe?$AA?9?$AAl?$AA1?$AA?9?$AA2?$AA?9?$AA2?$AA?$AA@ 000000018000d920     libucrt:winapi_thunks.obj
 0002:00001960       ??_C@_1EI@MPIAOHOC@?$AAa?$AAp?$AAi?$AA?9?$AAm?$AAs?$AA?9?$AAw?$AAi?$AAn?$AA?9?$AAc?$AAo?$AAr?$AAe?$AA?9?$AAl?$AAo?$AAc?$AAa?$AAl?$AAi?$AAz?$AAa?$AAt?$AAi?$AAo?$AAn?$AA?9?$AAl?$AA1?$AA?9@ 000000018000d960     libucrt:winapi_thunks.obj
 0002:000019b0       ??_C@_1FK@FPHCKFIE@?$AAa?$AAp?$AAi?$AA?9?$AAm?$AAs?$AA?9?$AAw?$AAi?$AAn?$AA?9?$AAc?$AAo?$AAr?$AAe?$AA?9?$AAl?$AAo?$AAc?$AAa?$AAl?$AAi?$AAz?$AAa?$AAt?$AAi?$AAo?$AAn?$AA?9?$AAo?$AAb?$AAs@ 000000018000d9b0     libucrt:winapi_thunks.obj
 0002:00001a10       ??_C@_1EM@DILCGIIO@?$AAa?$AAp?$AAi?$AA?9?$AAm?$AAs?$AA?9?$AAw?$AAi?$AAn?$AA?9?$AAc?$AAo?$AAr?$AAe?$AA?9?$AAp?$AAr?$AAo?$AAc?$AAe?$AAs?$AAs?$AAt?$AAh?$AAr?$AAe?$AAa?$AAd?$AAs?$AA?9?$AAl@ 000000018000da10     libucrt:winapi_thunks.obj
 0002:00001a60       ??_C@_1DM@LNCGDDPN@?$AAa?$AAp?$AAi?$AA?9?$AAm?$AAs?$AA?9?$AAw?$AAi?$AAn?$AA?9?$AAc?$AAo?$AAr?$AAe?$AA?9?$AAs?$AAt?$AAr?$AAi?$AAn?$AAg?$AA?9?$AAl?$AA1?$AA?9?$AA1?$AA?9?$AA0?$AA?$AA@ 000000018000da60     libucrt:winapi_thunks.obj
 0002:00001aa0       ??_C@_1DO@FPAPJEMD@?$AAa?$AAp?$AAi?$AA?9?$AAm?$AAs?$AA?9?$AAw?$AAi?$AAn?$AA?9?$AAc?$AAo?$AAr?$AAe?$AA?9?$AAs?$AAy?$AAs?$AAi?$AAn?$AAf?$AAo?$AA?9?$AAl?$AA1?$AA?9?$AA2?$AA?9?$AA1?$AA?$AA@ 000000018000daa0     libucrt:winapi_thunks.obj
 0002:00001ae0       ??_C@_1DK@NDHNAHIO@?$AAa?$AAp?$AAi?$AA?9?$AAm?$AAs?$AA?9?$AAw?$AAi?$AAn?$AA?9?$AAc?$AAo?$AAr?$AAe?$AA?9?$AAw?$AAi?$AAn?$AAr?$AAt?$AA?9?$AAl?$AA1?$AA?9?$AA1?$AA?9?$AA0?$AA?$AA@ 000000018000dae0     libucrt:winapi_thunks.obj
 0002:00001b20       ??_C@_1DM@KGHDGBCM@?$AAa?$AAp?$AAi?$AA?9?$AAm?$AAs?$AA?9?$AAw?$AAi?$AAn?$AA?9?$AAc?$AAo?$AAr?$AAe?$AA?9?$AAx?$AAs?$AAt?$AAa?$AAt?$AAe?$AA?9?$AAl?$AA2?$AA?9?$AA1?$AA?9?$AA0?$AA?$AA@ 000000018000db20     libucrt:winapi_thunks.obj
 0002:00001b60       ??_C@_1EO@IJIOEFOH@?$AAa?$AAp?$AAi?$AA?9?$AAm?$AAs?$AA?9?$AAw?$AAi?$AAn?$AA?9?$AAr?$AAt?$AAc?$AAo?$AAr?$AAe?$AA?9?$AAn?$AAt?$AAu?$AAs?$AAe?$AAr?$AA?9?$AAw?$AAi?$AAn?$AAd?$AAo?$AAw?$AA?9@ 000000018000db60     libucrt:winapi_thunks.obj
 0002:00001bb0       ??_C@_1FG@HHGEKANL@?$AAa?$AAp?$AAi?$AA?9?$AAm?$AAs?$AA?9?$AAw?$AAi?$AAn?$AA?9?$AAs?$AAe?$AAc?$AAu?$AAr?$AAi?$AAt?$AAy?$AA?9?$AAs?$AAy?$AAs?$AAt?$AAe?$AAm?$AAf?$AAu?$AAn?$AAc?$AAt?$AAi@ 000000018000dbb0     libucrt:winapi_thunks.obj
 0002:00001c10       ??_C@_1EG@DBIOJECG@?$AAe?$AAx?$AAt?$AA?9?$AAm?$AAs?$AA?9?$AAw?$AAi?$AAn?$AA?9?$AAn?$AAt?$AAu?$AAs?$AAe?$AAr?$AA?9?$AAd?$AAi?$AAa?$AAl?$AAo?$AAg?$AAb?$AAo?$AAx?$AA?9?$AAl?$AA1?$AA?9?$AA1@ 000000018000dc10     libucrt:winapi_thunks.obj
 0002:00001c60       ??_C@_1EO@FIHMJCLF@?$AAe?$AAx?$AAt?$AA?9?$AAm?$AAs?$AA?9?$AAw?$AAi?$AAn?$AA?9?$AAn?$AAt?$AAu?$AAs?$AAe?$AAr?$AA?9?$AAw?$AAi?$AAn?$AAd?$AAo?$AAw?$AAs?$AAt?$AAa?$AAt?$AAi?$AAo?$AAn?$AA?9@ 000000018000dc60     libucrt:winapi_thunks.obj
 0002:00001cb0       ??_C@_1BC@DNHGCMLG@?$AAa?$AAd?$AAv?$AAa?$AAp?$AAi?$AA3?$AA2?$AA?$AA@ 000000018000dcb0     libucrt:winapi_thunks.obj
 0002:00001cc8       ??_C@_1M@OAIMIKLP@?$AAn?$AAt?$AAd?$AAl?$AAl?$AA?$AA@ 000000018000dcc8     libucrt:winapi_thunks.obj
 0002:00001ce0       ??_C@_1EG@DPGNFKGC@?$AAa?$AAp?$AAi?$AA?9?$AAm?$AAs?$AA?9?$AAw?$AAi?$AAn?$AA?9?$AAa?$AAp?$AAp?$AAm?$AAo?$AAd?$AAe?$AAl?$AA?9?$AAr?$AAu?$AAn?$AAt?$AAi?$AAm?$AAe?$AA?9?$AAl?$AA1?$AA?9?$AA1@ 000000018000dce0     libucrt:winapi_thunks.obj
 0002:00001d28       ??_C@_1O@BCCLBEOE@?$AAu?$AAs?$AAe?$AAr?$AA3?$AA2?$AA?$AA@ 000000018000dd28     libucrt:winapi_thunks.obj
 0002:00001d68       ??_C@_0O@KKBNKAPF@LCMapStringEx?$AA@ 000000018000dd68     libucrt:winapi_thunks.obj
 0002:00001d80       ??_C@_0BB@HBDEELFH@LocaleNameToLCID?$AA@ 000000018000dd80     libucrt:winapi_thunks.obj
 0002:00001d98       ??_C@_0CF@OJOFEIGO@AppPolicyGetProcessTerminationMe@ 000000018000dd98     libucrt:winapi_thunks.obj
 0002:00001dc0       __newctype                 000000018000ddc0     libucrt:ctype.obj
 0002:000020c0       __newclmap                 000000018000e0c0     libucrt:ctype.obj
 0002:00002240       __newcumap                 000000018000e240     libucrt:ctype.obj
 0002:000023c0       ??_C@_15PJPFLCCM@?$AAu?$AAk?$AA?$AA@ 000000018000e3c0     libucrt:get_qualified_locale.obj
 0002:000023c8       ??_C@_1M@BJNKEDC@?$AAc?$AAa?$AA?9?$AAE?$AAS?$AA?$AA@ 000000018000e3c8     libucrt:lcidtoname_downlevel.obj
 0002:000023d8       ??_C@_1M@IJJHFJHA@?$AAc?$AAs?$AA?9?$AAC?$AAZ?$AA?$AA@ 000000018000e3d8     libucrt:lcidtoname_downlevel.obj
 0002:000023e8       ??_C@_1M@CLPEOBGI@?$AAd?$AAa?$AA?9?$AAD?$AAK?$AA?$AA@ 000000018000e3e8     libucrt:lcidtoname_downlevel.obj
 0002:000023f8       ??_C@_1M@MCMADGCB@?$AAd?$AAe?$AA?9?$AAD?$AAE?$AA?$AA@ 000000018000e3f8     libucrt:lcidtoname_downlevel.obj
 0002:00002408       ??_C@_1M@OOCKEMAM@?$AAe?$AAl?$AA?9?$AAG?$AAR?$AA?$AA@ 000000018000e408     libucrt:lcidtoname_downlevel.obj
 0002:00002418       ??_C@_1M@DDNJFGID@?$AAf?$AAi?$AA?9?$AAF?$AAI?$AA?$AA@ 000000018000e418     libucrt:lcidtoname_downlevel.obj
 0002:00002428       ??_C@_1M@GLIPPMAC@?$AAf?$AAr?$AA?9?$AAF?$AAR?$AA?$AA@ 000000018000e428     libucrt:lcidtoname_downlevel.obj
 0002:00002438       ??_C@_1M@GFMCHPE@?$AAh?$AAe?$AA?9?$AAI?$AAL?$AA?$AA@ 000000018000e438     libucrt:lcidtoname_downlevel.obj
 0002:00002448       ??_C@_1M@MHLPGNKM@?$AAh?$AAu?$AA?9?$AAH?$AAU?$AA?$AA@ 000000018000e448     libucrt:lcidtoname_downlevel.obj
 0002:00002458       ??_C@_1M@LPDDNNPN@?$AAi?$AAs?$AA?9?$AAI?$AAS?$AA?$AA@ 000000018000e458     libucrt:lcidtoname_downlevel.obj
 0002:00002468       ??_C@_1M@MADIPODN@?$AAi?$AAt?$AA?9?$AAI?$AAT?$AA?$AA@ 000000018000e468     libucrt:lcidtoname_downlevel.obj
 0002:00002478       ??_C@_1M@IHBJJGG@?$AAn?$AAl?$AA?9?$AAN?$AAL?$AA?$AA@ 000000018000e478     libucrt:lcidtoname_downlevel.obj
 0002:00002488       ??_C@_1M@EANAGDL@?$AAn?$AAb?$AA?9?$AAN?$AAO?$AA?$AA@ 000000018000e488     libucrt:lcidtoname_downlevel.obj
 0002:00002498       ??_C@_1M@NEIEMEGP@?$AAp?$AAl?$AA?9?$AAP?$AAL?$AA?$AA@ 000000018000e498     libucrt:lcidtoname_downlevel.obj
 0002:000024a8       ??_C@_1M@BOCFIGEP@?$AAp?$AAt?$AA?9?$AAB?$AAR?$AA?$AA@ 000000018000e4a8     libucrt:lcidtoname_downlevel.obj
 0002:000024b8       ??_C@_1M@IMPFOPBG@?$AAr?$AAo?$AA?9?$AAR?$AAO?$AA?$AA@ 000000018000e4b8     libucrt:lcidtoname_downlevel.obj
 0002:000024c8       ??_C@_1M@IDNNEJMM@?$AAr?$AAu?$AA?9?$AAR?$AAU?$AA?$AA@ 000000018000e4c8     libucrt:lcidtoname_downlevel.obj
 0002:000024d8       ??_C@_1M@LILEEOGM@?$AAh?$AAr?$AA?9?$AAH?$AAR?$AA?$AA@ 000000018000e4d8     libucrt:lcidtoname_downlevel.obj
 0002:000024e8       ??_C@_1M@FKIFEHPB@?$AAs?$AAk?$AA?9?$AAS?$AAK?$AA?$AA@ 000000018000e4e8     libucrt:lcidtoname_downlevel.obj
 0002:000024f8       ??_C@_1M@LJMAMNPJ@?$AAs?$AAq?$AA?9?$AAA?$AAL?$AA?$AA@ 000000018000e4f8     libucrt:lcidtoname_downlevel.obj
 0002:00002508       ??_C@_1M@GIAKDKJK@?$AAs?$AAv?$AA?9?$AAS?$AAE?$AA?$AA@ 000000018000e508     libucrt:lcidtoname_downlevel.obj
 0002:00002518       ??_C@_1M@MKJKIKCL@?$AAt?$AAh?$AA?9?$AAT?$AAH?$AA?$AA@ 000000018000e518     libucrt:lcidtoname_downlevel.obj
 0002:00002528       ??_C@_1M@MFLCCMPB@?$AAt?$AAr?$AA?9?$AAT?$AAR?$AA?$AA@ 000000018000e528     libucrt:lcidtoname_downlevel.obj
 0002:00002538       ??_C@_1M@OIJHDKJN@?$AAu?$AAr?$AA?9?$AAP?$AAK?$AA?$AA@ 000000018000e538     libucrt:lcidtoname_downlevel.obj
 0002:00002548       ??_C@_1M@LHIPCIEK@?$AAi?$AAd?$AA?9?$AAI?$AAD?$AA?$AA@ 000000018000e548     libucrt:lcidtoname_downlevel.obj
 0002:00002558       ??_C@_1M@MFMOBGI@?$AAu?$AAk?$AA?9?$AAU?$AAA?$AA?$AA@ 000000018000e558     libucrt:lcidtoname_downlevel.obj
 0002:00002568       ??_C@_1M@OBGLJIPL@?$AAb?$AAe?$AA?9?$AAB?$AAY?$AA?$AA@ 000000018000e568     libucrt:lcidtoname_downlevel.obj
 0002:00002578       ??_C@_1M@BCFAJEAD@?$AAs?$AAl?$AA?9?$AAS?$AAI?$AA?$AA@ 000000018000e578     libucrt:lcidtoname_downlevel.obj
 0002:00002588       ??_C@_1M@FKFFEDDN@?$AAe?$AAt?$AA?9?$AAE?$AAE?$AA?$AA@ 000000018000e588     libucrt:lcidtoname_downlevel.obj
 0002:00002598       ??_C@_1M@KGKKAACI@?$AAl?$AAv?$AA?9?$AAL?$AAV?$AA?$AA@ 000000018000e598     libucrt:lcidtoname_downlevel.obj
 0002:000025a8       ??_C@_1M@IFGBIJO@?$AAl?$AAt?$AA?9?$AAL?$AAT?$AA?$AA@ 000000018000e5a8     libucrt:lcidtoname_downlevel.obj
 0002:000025b8       ??_C@_1M@FGEAHEDM@?$AAf?$AAa?$AA?9?$AAI?$AAR?$AA?$AA@ 000000018000e5b8     libucrt:lcidtoname_downlevel.obj
 0002:000025c8       ??_C@_1M@KBMAIBFN@?$AAv?$AAi?$AA?9?$AAV?$AAN?$AA?$AA@ 000000018000e5c8     libucrt:lcidtoname_downlevel.obj
 0002:000025d8       ??_C@_1M@GPCBKDJK@?$AAh?$AAy?$AA?9?$AAA?$AAM?$AA?$AA@ 000000018000e5d8     libucrt:lcidtoname_downlevel.obj
 0002:000025e8       ??_C@_1BG@BECMDDJB@?$AAa?$AAz?$AA?9?$AAA?$AAZ?$AA?9?$AAL?$AAa?$AAt?$AAn?$AA?$AA@ 000000018000e5e8     libucrt:lcidtoname_downlevel.obj
 0002:00002600       ??_C@_1M@MAOFCAEA@?$AAe?$AAu?$AA?9?$AAE?$AAS?$AA?$AA@ 000000018000e600     libucrt:lcidtoname_downlevel.obj
 0002:00002610       ??_C@_1M@IGHABKPI@?$AAm?$AAk?$AA?9?$AAM?$AAK?$AA?$AA@ 000000018000e610     libucrt:lcidtoname_downlevel.obj
 0002:00002620       ??_C@_1M@IAIGNEJG@?$AAt?$AAn?$AA?9?$AAZ?$AAA?$AA?$AA@ 000000018000e620     libucrt:lcidtoname_downlevel.obj
 0002:00002630       ??_C@_1M@IIJCOJFA@?$AAx?$AAh?$AA?9?$AAZ?$AAA?$AA?$AA@ 000000018000e630     libucrt:lcidtoname_downlevel.obj
 0002:00002640       ??_C@_1M@LGPJHNJH@?$AAz?$AAu?$AA?9?$AAZ?$AAA?$AA?$AA@ 000000018000e640     libucrt:lcidtoname_downlevel.obj
 0002:00002650       ??_C@_1M@HOKAOIO@?$AAa?$AAf?$AA?9?$AAZ?$AAA?$AA?$AA@ 000000018000e650     libucrt:lcidtoname_downlevel.obj
 0002:00002660       ??_C@_1M@DPCLHLIE@?$AAk?$AAa?$AA?9?$AAG?$AAE?$AA?$AA@ 000000018000e660     libucrt:lcidtoname_downlevel.obj
 0002:00002670       ??_C@_1M@BLKMHJBI@?$AAf?$AAo?$AA?9?$AAF?$AAO?$AA?$AA@ 000000018000e670     libucrt:lcidtoname_downlevel.obj
 0002:00002680       ??_C@_1M@LGGJAPPB@?$AAh?$AAi?$AA?9?$AAI?$AAN?$AA?$AA@ 000000018000e680     libucrt:lcidtoname_downlevel.obj
 0002:00002690       ??_C@_1M@FIKPIHFE@?$AAm?$AAt?$AA?9?$AAM?$AAT?$AA?$AA@ 000000018000e690     libucrt:lcidtoname_downlevel.obj
 0002:000026a0       ??_C@_1M@HEGGPBFA@?$AAs?$AAe?$AA?9?$AAN?$AAO?$AA?$AA@ 000000018000e6a0     libucrt:lcidtoname_downlevel.obj
 0002:000026b0       ??_C@_1M@EIBJEEPA@?$AAm?$AAs?$AA?9?$AAM?$AAY?$AA?$AA@ 000000018000e6b0     libucrt:lcidtoname_downlevel.obj
 0002:000026c0       ??_C@_1M@FHLBGMPP@?$AAk?$AAk?$AA?9?$AAK?$AAZ?$AA?$AA@ 000000018000e6c0     libucrt:lcidtoname_downlevel.obj
 0002:000026d0       ??_C@_1M@NGJJLCGI@?$AAk?$AAy?$AA?9?$AAK?$AAG?$AA?$AA@ 000000018000e6d0     libucrt:lcidtoname_downlevel.obj
 0002:000026e0       ??_C@_1M@GIENNBFC@?$AAs?$AAw?$AA?9?$AAK?$AAE?$AA?$AA@ 000000018000e6e0     libucrt:lcidtoname_downlevel.obj
 0002:000026f0       ??_C@_1BG@NDGMJIMJ@?$AAu?$AAz?$AA?9?$AAU?$AAZ?$AA?9?$AAL?$AAa?$AAt?$AAn?$AA?$AA@ 000000018000e6f0     libucrt:lcidtoname_downlevel.obj
 0002:00002708       ??_C@_1M@IDCCIHBC@?$AAt?$AAt?$AA?9?$AAR?$AAU?$AA?$AA@ 000000018000e708     libucrt:lcidtoname_downlevel.obj
 0002:00002718       ??_C@_1M@LOICPMOJ@?$AAb?$AAn?$AA?9?$AAI?$AAN?$AA?$AA@ 000000018000e718     libucrt:lcidtoname_downlevel.obj
 0002:00002728       ??_C@_1M@KPKKNEAH@?$AAp?$AAa?$AA?9?$AAI?$AAN?$AA?$AA@ 000000018000e728     libucrt:lcidtoname_downlevel.obj
 0002:00002738       ??_C@_1M@PJGPPBOG@?$AAg?$AAu?$AA?9?$AAI?$AAN?$AA?$AA@ 000000018000e738     libucrt:lcidtoname_downlevel.obj
 0002:00002748       ??_C@_1M@KMKMOPHI@?$AAt?$AAa?$AA?9?$AAI?$AAN?$AA?$AA@ 000000018000e748     libucrt:lcidtoname_downlevel.obj
 0002:00002758       ??_C@_1M@KFEHEPAC@?$AAt?$AAe?$AA?9?$AAI?$AAN?$AA?$AA@ 000000018000e758     libucrt:lcidtoname_downlevel.obj
 0002:00002768       ??_C@_1M@CDCLMGHI@?$AAk?$AAn?$AA?9?$AAI?$AAN?$AA?$AA@ 000000018000e768     libucrt:lcidtoname_downlevel.obj
 0002:00002778       ??_C@_1M@MIODLDKF@?$AAm?$AAl?$AA?9?$AAI?$AAN?$AA?$AA@ 000000018000e778     libucrt:lcidtoname_downlevel.obj
 0002:00002788       ??_C@_1M@PBIEACPO@?$AAm?$AAr?$AA?9?$AAI?$AAN?$AA?$AA@ 000000018000e788     libucrt:lcidtoname_downlevel.obj
 0002:00002798       ??_C@_1M@NIDEAGPH@?$AAs?$AAa?$AA?9?$AAI?$AAN?$AA?$AA@ 000000018000e798     libucrt:lcidtoname_downlevel.obj
 0002:000027a8       ??_C@_1M@FHIHCBIO@?$AAm?$AAn?$AA?9?$AAM?$AAN?$AA?$AA@ 000000018000e7a8     libucrt:lcidtoname_downlevel.obj
 0002:000027b8       ??_C@_1M@JAIJPENP@?$AAc?$AAy?$AA?9?$AAG?$AAB?$AA?$AA@ 000000018000e7b8     libucrt:lcidtoname_downlevel.obj
 0002:000027c8       ??_C@_1M@PHGFBEPN@?$AAg?$AAl?$AA?9?$AAE?$AAS?$AA?$AA@ 000000018000e7c8     libucrt:lcidtoname_downlevel.obj
 0002:000027d8       ??_C@_1O@KPIPDNCP@?$AAk?$AAo?$AAk?$AA?9?$AAI?$AAN?$AA?$AA@ 000000018000e7d8     libucrt:lcidtoname_downlevel.obj
 0002:000027e8       ??_C@_1O@KNHJLDJA@?$AAs?$AAy?$AAr?$AA?9?$AAS?$AAY?$AA?$AA@ 000000018000e7e8     libucrt:lcidtoname_downlevel.obj
 0002:000027f8       ??_C@_1O@MKEKBLAH@?$AAd?$AAi?$AAv?$AA?9?$AAM?$AAV?$AA?$AA@ 000000018000e7f8     libucrt:lcidtoname_downlevel.obj
 0002:00002808       ??_C@_1O@OHDCKDDF@?$AAq?$AAu?$AAz?$AA?9?$AAB?$AAO?$AA?$AA@ 000000018000e808     libucrt:lcidtoname_downlevel.obj
 0002:00002818       ??_C@_1M@LEPJNLFD@?$AAn?$AAs?$AA?9?$AAZ?$AAA?$AA?$AA@ 000000018000e818     libucrt:lcidtoname_downlevel.obj
 0002:00002828       ??_C@_1M@OMLEIIJB@?$AAm?$AAi?$AA?9?$AAN?$AAZ?$AA?$AA@ 000000018000e828     libucrt:lcidtoname_downlevel.obj
 0002:00002838       ??_C@_1M@PMPEAILG@?$AAa?$AAr?$AA?9?$AAI?$AAQ?$AA?$AA@ 000000018000e838     libucrt:lcidtoname_downlevel.obj
 0002:00002848       ??_C@_1M@CNKPNOEE@?$AAd?$AAe?$AA?9?$AAC?$AAH?$AA?$AA@ 000000018000e848     libucrt:lcidtoname_downlevel.obj
 0002:00002858       ??_C@_1M@LKMGMLKO@?$AAe?$AAn?$AA?9?$AAG?$AAB?$AA?$AA@ 000000018000e858     libucrt:lcidtoname_downlevel.obj
 0002:00002868       ??_C@_1M@PGKJFFGL@?$AAe?$AAs?$AA?9?$AAM?$AAX?$AA?$AA@ 000000018000e868     libucrt:lcidtoname_downlevel.obj
 0002:00002878       ??_C@_1M@DNNANBDC@?$AAf?$AAr?$AA?9?$AAB?$AAE?$AA?$AA@ 000000018000e878     libucrt:lcidtoname_downlevel.obj
 0002:00002888       ??_C@_1M@HLGMDFHM@?$AAi?$AAt?$AA?9?$AAC?$AAH?$AA?$AA@ 000000018000e888     libucrt:lcidtoname_downlevel.obj
 0002:00002898       ??_C@_1M@CLLBGJH@?$AAn?$AAl?$AA?9?$AAB?$AAE?$AA?$AA@ 000000018000e898     libucrt:lcidtoname_downlevel.obj
 0002:000028a8       ??_C@_1M@BODBOGLF@?$AAn?$AAn?$AA?9?$AAN?$AAO?$AA?$AA@ 000000018000e8a8     libucrt:lcidtoname_downlevel.obj
 0002:000028b8       ??_C@_1M@HFFAHKAD@?$AAp?$AAt?$AA?9?$AAP?$AAT?$AA?$AA@ 000000018000e8b8     libucrt:lcidtoname_downlevel.obj
 0002:000028c8       ??_C@_1BG@LNOAKHIE@?$AAs?$AAr?$AA?9?$AAS?$AAP?$AA?9?$AAL?$AAa?$AAt?$AAn?$AA?$AA@ 000000018000e8c8     libucrt:lcidtoname_downlevel.obj
 0002:000028e0       ??_C@_1M@HBMHBGAK@?$AAs?$AAv?$AA?9?$AAF?$AAI?$AA?$AA@ 000000018000e8e0     libucrt:lcidtoname_downlevel.obj
 0002:000028f0       ??_C@_1BG@DGCJGJBE@?$AAa?$AAz?$AA?9?$AAA?$AAZ?$AA?9?$AAC?$AAy?$AAr?$AAl?$AA?$AA@ 000000018000e8f0     libucrt:lcidtoname_downlevel.obj
 0002:00002908       ??_C@_1M@KEJDAAHB@?$AAs?$AAe?$AA?9?$AAS?$AAE?$AA?$AA@ 000000018000e908     libucrt:lcidtoname_downlevel.obj
 0002:00002918       ??_C@_1M@HEIBJJAD@?$AAm?$AAs?$AA?9?$AAB?$AAN?$AA?$AA@ 000000018000e918     libucrt:lcidtoname_downlevel.obj
 0002:00002928       ??_C@_1BG@PBGJMCEM@?$AAu?$AAz?$AA?9?$AAU?$AAZ?$AA?9?$AAC?$AAy?$AAr?$AAl?$AA?$AA@ 000000018000e928     libucrt:lcidtoname_downlevel.obj
 0002:00002940       ??_C@_1O@LAOBCMDF@?$AAq?$AAu?$AAz?$AA?9?$AAE?$AAC?$AA?$AA@ 000000018000e940     libucrt:lcidtoname_downlevel.obj
 0002:00002950       ??_C@_1M@POEEMAIO@?$AAa?$AAr?$AA?9?$AAE?$AAG?$AA?$AA@ 000000018000e950     libucrt:lcidtoname_downlevel.obj
 0002:00002960       ??_C@_1M@EFAKDEDL@?$AAz?$AAh?$AA?9?$AAH?$AAK?$AA?$AA@ 000000018000e960     libucrt:lcidtoname_downlevel.obj
 0002:00002970       ??_C@_1M@HKKIJHGI@?$AAd?$AAe?$AA?9?$AAA?$AAT?$AA?$AA@ 000000018000e970     libucrt:lcidtoname_downlevel.obj
 0002:00002980       ??_C@_1M@KBFBEHJF@?$AAe?$AAn?$AA?9?$AAA?$AAU?$AA?$AA@ 000000018000e980     libucrt:lcidtoname_downlevel.obj
 0002:00002990       ??_C@_1M@MNPLFAAH@?$AAe?$AAs?$AA?9?$AAE?$AAS?$AA?$AA@ 000000018000e990     libucrt:lcidtoname_downlevel.obj
 0002:000029a0       ??_C@_1M@HJOOJFMA@?$AAf?$AAr?$AA?9?$AAC?$AAA?$AA?$AA@ 000000018000e9a0     libucrt:lcidtoname_downlevel.obj
 0002:000029b0       ??_C@_1BG@JPOFPNAB@?$AAs?$AAr?$AA?9?$AAS?$AAP?$AA?9?$AAC?$AAy?$AAr?$AAl?$AA?$AA@ 000000018000e9b0     libucrt:lcidtoname_downlevel.obj
 0002:000029c8       ??_C@_1M@LNFOCMOB@?$AAs?$AAe?$AA?9?$AAF?$AAI?$AA?$AA@ 000000018000e9c8     libucrt:lcidtoname_downlevel.obj
 0002:000029d8       ??_C@_1O@MGJBOAMB@?$AAq?$AAu?$AAz?$AA?9?$AAP?$AAE?$AA?$AA@ 000000018000e9d8     libucrt:lcidtoname_downlevel.obj
 0002:000029e8       ??_C@_1M@GJINLBOK@?$AAa?$AAr?$AA?9?$AAL?$AAY?$AA?$AA@ 000000018000e9e8     libucrt:lcidtoname_downlevel.obj
 0002:000029f8       ??_C@_1M@GGMNHJNL@?$AAz?$AAh?$AA?9?$AAS?$AAG?$AA?$AA@ 000000018000e9f8     libucrt:lcidtoname_downlevel.obj
 0002:00002a08       ??_C@_1M@HOIKODND@?$AAd?$AAe?$AA?9?$AAL?$AAU?$AA?$AA@ 000000018000ea08     libucrt:lcidtoname_downlevel.obj
 0002:00002a18       ??_C@_1M@DDOCCGFG@?$AAe?$AAn?$AA?9?$AAC?$AAA?$AA?$AA@ 000000018000ea18     libucrt:lcidtoname_downlevel.obj
 0002:00002a28       ??_C@_1M@BNOEMJLF@?$AAe?$AAs?$AA?9?$AAG?$AAT?$AA?$AA@ 000000018000ea28     libucrt:lcidtoname_downlevel.obj
 0002:00002a38       ??_C@_1M@EOGNKEK@?$AAf?$AAr?$AA?9?$AAC?$AAH?$AA?$AA@ 000000018000ea38     libucrt:lcidtoname_downlevel.obj
 0002:00002a48       ??_C@_1M@FLIDJFHL@?$AAh?$AAr?$AA?9?$AAB?$AAA?$AA?$AA@ 000000018000ea48     libucrt:lcidtoname_downlevel.obj
 0002:00002a58       ??_C@_1O@FMCELNAJ@?$AAs?$AAm?$AAj?$AA?9?$AAN?$AAO?$AA?$AA@ 000000018000ea58     libucrt:lcidtoname_downlevel.obj
 0002:00002a68       ??_C@_1M@JHGLJMGJ@?$AAa?$AAr?$AA?9?$AAD?$AAZ?$AA?$AA@ 000000018000ea68     libucrt:lcidtoname_downlevel.obj
 0002:00002a78       ??_C@_1M@JKKFDCNP@?$AAz?$AAh?$AA?9?$AAM?$AAO?$AA?$AA@ 000000018000ea78     libucrt:lcidtoname_downlevel.obj
 0002:00002a88       ??_C@_1M@GEEFALPE@?$AAd?$AAe?$AA?9?$AAL?$AAI?$AA?$AA@ 000000018000ea88     libucrt:lcidtoname_downlevel.obj
 0002:00002a98       ??_C@_1M@IGEOFBG@?$AAe?$AAn?$AA?9?$AAN?$AAZ?$AA?$AA@ 000000018000ea98     libucrt:lcidtoname_downlevel.obj
 0002:00002aa8       ??_C@_1M@KDBONEHP@?$AAe?$AAs?$AA?9?$AAC?$AAR?$AA?$AA@ 000000018000eaa8     libucrt:lcidtoname_downlevel.obj
 0002:00002ab8       ??_C@_1M@FHMDOHNN@?$AAf?$AAr?$AA?9?$AAL?$AAU?$AA?$AA@ 000000018000eab8     libucrt:lcidtoname_downlevel.obj
 0002:00002ac8       ??_C@_1BG@NFKKMAFG@?$AAb?$AAs?$AA?9?$AAB?$AAA?$AA?9?$AAL?$AAa?$AAt?$AAn?$AA?$AA@ 000000018000eac8     libucrt:lcidtoname_downlevel.obj
 0002:00002ae0       ??_C@_1O@IMNBEMCI@?$AAs?$AAm?$AAj?$AA?9?$AAS?$AAE?$AA?$AA@ 000000018000eae0     libucrt:lcidtoname_downlevel.obj
[...]
 0004:000006a8       $pdata$?x_ismbbtype_l@@YAHPEAU__crt_locale_pointers@@IHH@Z 00000001800176a8     libucrt:ismbbyte.obj
 0004:000006b4       $pdata$__acrt_initialize_command_line 00000001800176b4     libucrt:argv_data.obj
 0004:000006c0       $pdata$__dcrt_get_narrow_environment_from_os 00000001800176c0     libucrt:get_environment_from_os.obj
 0004:000006cc       $pdata$_recalloc_base      00000001800176cc     libucrt:recalloc.obj
 0004:000006d8       $pdata$?try_get_function@@YAPEAXW4function_id@?A0x391cf84c@@QEBDQEBW4module_id@2@2@Z 00000001800176d8     libucrt:winapi_thunks.obj
 0004:000006e4       $pdata$__acrt_AppPolicyGetProcessTerminationMethodInternal 00000001800176e4     libucrt:winapi_thunks.obj
 0004:000006f0       $pdata$__acrt_FlsAlloc     00000001800176f0     libucrt:winapi_thunks.obj
 0004:000006fc       $pdata$__acrt_FlsFree      00000001800176fc     libucrt:winapi_thunks.obj
 0004:00000708       $pdata$__acrt_FlsGetValue  0000000180017708     libucrt:winapi_thunks.obj
 0004:00000714       $pdata$__acrt_FlsSetValue  0000000180017714     libucrt:winapi_thunks.obj
 0004:00000720       $pdata$__acrt_InitializeCriticalSectionEx 0000000180017720     libucrt:winapi_thunks.obj
 0004:0000072c       $pdata$__acrt_LCMapStringEx 000000018001772c     libucrt:winapi_thunks.obj
 0004:00000738       $pdata$__acrt_LocaleNameToLCID 0000000180017738     libucrt:winapi_thunks.obj
 0004:00000744       $pdata$__acrt_initialize_winapi_thunks 0000000180017744     libucrt:winapi_thunks.obj
 0004:00000750       $pdata$__acrt_uninitialize_winapi_thunks 0000000180017750     libucrt:winapi_thunks.obj
 0004:0000075c       $pdata$__acrt_initialize_heap 000000018001775c     libucrt:heap_handle.obj
 0004:00000768       $pdata$?initialize_inherited_file_handles_nolock@@YAXXZ 0000000180017768     libucrt:ioinit.obj
 0004:00000774       $pdata$?initialize_stdio_handles_nolock@@YAXXZ 0000000180017774     libucrt:ioinit.obj
 0004:00000780       $pdata$__acrt_initialize_lowio 0000000180017780     libucrt:ioinit.obj
 0004:0000078c       $pdata$__acrt_uninitialize_lowio 000000018001778c     libucrt:ioinit.obj
 0004:00000798       $pdata$__acrt_execute_initializers 0000000180017798     libucrt:shared_initialization.obj
 0004:000007a4       $pdata$__acrt_execute_uninitializers 00000001800177a4     libucrt:shared_initialization.obj
 0004:000007b0       $pdata$_callnewh           00000001800177b0     libucrt:new_handler.obj
 0004:000007bc       $pdata$_query_new_handler  00000001800177bc     libucrt:new_handler.obj
 0004:000007c8       $pdata$??$?RV<lambda_450d765d439847d4c735a33c368b5fc0>@@AEAV<lambda_44731a7d0e6d81c3e6aa82d741081786>@@V<lambda_601a2a7da3b7a96e9554ac7215c4b07c>@@@?$__crt_seh_guarded_call@P6AXH@Z@@QEAAP6AXH@Z$$QEAV<lambda_450d765d439847d4c735a33c368b5fc0>@@AEAV<lambda_44731a7d0e6d81c3e6aa82d741081786>@@$$QEAV<lambda_601a2a7da3b7a96e9554ac7215c4b07c>@@@Z 00000001800177c8     libucrt:signal.obj
 0004:000007d4       $pdata$__acrt_get_sigabrt_handler 00000001800177d4     libucrt:signal.obj
 0004:000007e0       $pdata$raise               00000001800177e0     libucrt:signal.obj
 0004:000007ec       $pdata$??$?RV<lambda_842d9ff0dc9ef11c61343bbaebe7f885>@@AEAV<lambda_c5860995281e5c4ce005b3de8f5874ee>@@V<lambda_d90129c13df834fdcbf8d2b88dafcf2d>@@@?$__crt_seh_guarded_call@X@@QEAAX$$QEAV<lambda_842d9ff0dc9ef11c61343bbaebe7f885>@@AEAV<lambda_c5860995281e5c4ce005b3de8f5874ee>@@$$QEAV<lambda_d90129c13df834fdcbf8d2b88dafcf2d>@@@Z 00000001800177ec     libucrt:fflush.obj
 0004:000007f8       $pdata$??$?RV<lambda_886d6c58226a84441f68b9f2b8217b83>@@AEAV<lambda_ab61a845afdef5b7c387490eaf3616ee>@@V<lambda_f7f22ab5edc0698d5f6905b0d3f44752>@@@?$__crt_seh_guarded_call@X@@QEAAX$$QEAV<lambda_886d6c58226a84441f68b9f2b8217b83>@@AEAV<lambda_ab61a845afdef5b7c387490eaf3616ee>@@$$QEAV<lambda_f7f22ab5edc0698d5f6905b0d3f44752>@@@Z 00000001800177f8     libucrt:fflush.obj
 0004:00000804       $pdata$?common_flush_all@@YAH_N@Z 0000000180017804     libucrt:fflush.obj
 0004:00000810       $pdata$__acrt_stdio_flush_nolock 0000000180017810     libucrt:fflush.obj
 0004:0000081c       $pdata$_fflush_nolock      000000018001781c     libucrt:fflush.obj
 0004:00000828       $pdata$__acrt_initialize_stdio 0000000180017828     libucrt:_file.obj
 0004:00000834       $pdata$__acrt_uninitialize_stdio 0000000180017834     libucrt:_file.obj
 0004:00000840       $pdata$_mbtowc_l           0000000180017840     libucrt:mbtowc.obj
 0004:0000084c       $pdata$_fileno             000000018001784c     libucrt:fileno.obj
 0004:00000858       $pdata$__pctype_func       0000000180017858     libucrt:ctype.obj
 0004:00000864       $pdata$_isctype_l          0000000180017864     libucrt:isctype.obj
 0004:00000870       $pdata$_isleadbyte_l       0000000180017870     libucrt:_wctype.obj
 0004:0000087c       $pdata$?__acrt_LCMapStringA_stat@@YAHPEAU__crt_locale_pointers@@PEB_WKPEBDHPEADHHH@Z 000000018001787c     libucrt:lcmapstringa.obj
 0004:00000888       $pdata$__acrt_LCMapStringA 0000000180017888     libucrt:lcmapstringa.obj
 0004:00000894       $pdata$__acrt_free_locale  0000000180017894     libucrt:locale_refcounting.obj
 0004:000008a0       $pdata$__acrt_locale_free_lc_time_if_unreferenced 00000001800178a0     libucrt:locale_refcounting.obj
 0004:000008ac       $pdata$__acrt_release_locale_ref 00000001800178ac     libucrt:locale_refcounting.obj
 0004:000008b8       $pdata$__acrt_update_thread_locale_data 00000001800178b8     libucrt:locale_refcounting.obj
 0004:000008c4       $pdata$_updatetlocinfoEx_nolock 00000001800178c4     libucrt:locale_refcounting.obj
 0004:000008d0       $pdata$__acrt_locale_free_monetary 00000001800178d0     libucrt:initmon.obj
 0004:000008dc       $pdata$__acrt_locale_free_numeric 00000001800178dc     libucrt:initnum.obj
 0004:000008e8       $pdata$?free_crt_array_internal@@YAXQEAPEBX_K@Z 00000001800178e8     libucrt:inittime.obj
 0004:000008f4       $pdata$__acrt_locale_free_time 00000001800178f4     libucrt:inittime.obj
 0004:00000900       $pdata$__acrt_GetStringTypeA 0000000180017900     libucrt:getstringtypea.obj
 0004:0000090c       $pdata$qsort               000000018001790c     libucrt:qsort.obj
 0004:00000918       $pdata$4$qsort             0000000180017918     libucrt:qsort.obj
 0004:00000924       $pdata$5$qsort             0000000180017924     libucrt:qsort.obj
 0004:00000930       $pdata$strncpy_s           0000000180017930     libucrt:strncpy_s.obj
 0004:0000093c       $pdata$fallbackMethod      000000018001793c     libucrt:strpbrk.obj
 0004:00000948       $pdata$strpbrk             0000000180017948     libucrt:strpbrk.obj
 0004:00000954       $pdata$_mbsdec_l           0000000180017954     libucrt:mbsdec.obj
 0004:00000960       $pdata$?initialize_multibyte@@YAHXZ 0000000180017960     libucrt:multibyte_initializer.obj
 0004:0000096c       $pdata$_msize_base         000000018001796c     libucrt:msize.obj
 0004:00000978       $pdata$_realloc_base       0000000180017978     libucrt:realloc_base.obj
 0004:00000984       $pdata$?GetTableIndexFromLocaleName@@YAHPEB_W@Z 0000000180017984     libucrt:lcidtoname_downlevel.obj
 0004:00000990       $pdata$__acrt_DownlevelLocaleNameToLCID 0000000180017990     libucrt:lcidtoname_downlevel.obj
 0004:0000099c       $pdata$__acrt_lowio_create_handle_array 000000018001799c     libucrt:osfinfo.obj
 0004:000009a8       $pdata$__acrt_lowio_destroy_handle_array 00000001800179a8     libucrt:osfinfo.obj
 0004:000009b4       $pdata$__acrt_lowio_ensure_fh_exists 00000001800179b4     libucrt:osfinfo.obj
 0004:000009c0       $pdata$_free_osfhnd        00000001800179c0     libucrt:osfinfo.obj
 0004:000009cc       $pdata$_get_osfhandle      00000001800179cc     libucrt:osfinfo.obj
 0004:000009d8       $pdata$??$?RV<lambda_a37b2b86f63e897a80ea819b0eb08c01>@@AEAV<lambda_38ce7e780aa69e748d6df282ebc68efe>@@V<lambda_99fb1378e971ab6e7edea83e3a7a83a2>@@@?$__crt_seh_guarded_call@H@@QEAAH$$QEAV<lambda_a37b2b86f63e897a80ea819b0eb08c01>@@AEAV<lambda_38ce7e780aa69e748d6df282ebc68efe>@@$$QEAV<lambda_99fb1378e971ab6e7edea83e3a7a83a2>@@@Z 00000001800179d8     libucrt:commit.obj
 0004:000009e4       $pdata$_commit             00000001800179e4     libucrt:commit.obj
 0004:000009f0       $pdata$?write_double_translated_ansi_nolock@@YA?AUwrite_result@?A0x17268360@@HQEBDI@Z 00000001800179f0     libucrt:write.obj
 0004:000009fc       $pdata$?write_text_ansi_nolock@@YA?AUwrite_result@?A0x17268360@@HQEBDI@Z 00000001800179fc     libucrt:write.obj
 0004:00000a08       $pdata$?write_text_utf16le_nolock@@YA?AUwrite_result@?A0x17268360@@HQEBDI@Z 0000000180017a08     libucrt:write.obj
 0004:00000a14       $pdata$?write_text_utf8_nolock@@YA?AUwrite_result@?A0x17268360@@HQEBDI@Z 0000000180017a14     libucrt:write.obj
 0004:00000a20       $pdata$_write              0000000180017a20     libucrt:write.obj
 0004:00000a2c       $pdata$_write_nolock       0000000180017a2c     libucrt:write.obj
 0004:00000a38       $pdata$_fcloseall          0000000180017a38     libucrt:closeall.obj
 0004:00000a44       $pdata$__acrt_stdio_free_buffer_nolock 0000000180017a44     libucrt:_freebuf.obj
 0004:00000a50       $pdata$_isatty             0000000180017a50     libucrt:isatty.obj
 0004:00000a5c       $pdata$??$common_lseek_nolock@_J@@YA_JH_JH@Z 0000000180017a5c     libucrt:lseek.obj
 0004:00000a68       $pdata$_putwch_nolock      0000000180017a68     libucrt:putwch.obj
 0004:00000a74       $pdata$_fclose_nolock      0000000180017a74     libucrt:fclose.obj
 0004:00000a80       $pdata$fclose              0000000180017a80     libucrt:fclose.obj
 0004:00000a98       $pdata$__dcrt_lowio_ensure_console_output_initialized 0000000180017a98     libucrt:initcon.obj
 0004:00000aa4       $pdata$__dcrt_terminate_console_output 0000000180017aa4     libucrt:initcon.obj
 0004:00000ab0       $pdata$__dcrt_write_console_w 0000000180017ab0     libucrt:initcon.obj
 0004:00000abc       $pdata$??$?RV<lambda_751a882b2c74d4b022dec766aa51a29a>@@AEAV<lambda_628dfdc04ba53c8bfc02c9951375f3f5>@@V<lambda_f6c7be5f7998530c34de24c7437d6b54>@@@?$__crt_seh_guarded_call@H@@QEAAH$$QEAV<lambda_751a882b2c74d4b022dec766aa51a29a>@@AEAV<lambda_628dfdc04ba53c8bfc02c9951375f3f5>@@$$QEAV<lambda_f6c7be5f7998530c34de24c7437d6b54>@@@Z 0000000180017abc     libucrt:close.obj
 0004:00000ac8       $pdata$_close              0000000180017ac8     libucrt:close.obj
 0004:00000ad4       $pdata$_close_nolock       0000000180017ad4     libucrt:close.obj
 0004:00000ae0       $pdata$_call_matherr       0000000180017ae0     libucrt:libm_error.obj
 0004:00000aec       $pdata$_exception_enabled  0000000180017aec     libucrt:libm_error.obj
 0004:00000af8       $pdata$_handle_error       0000000180017af8     libucrt:libm_error.obj
 0004:00000b04       $pdata$__acrt_initialize_fma3 0000000180017b04     libucrt:fma3_available.obj
 0004:00000b10       $pdata$_log10_special      0000000180017b10     libucrt:log_special.obj
 0004:00000b1c       $pdata$_log_special_common 0000000180017b1c     libucrt:log_special.obj
 0004:00000b34       $pdata$_raise_exc          0000000180017b34     libucrt:fpexcept.obj
 0004:00000b40       $pdata$_raise_exc_ex       0000000180017b40     libucrt:fpexcept.obj
 0004:00000b4c       $pdata$_set_errno_from_matherr 0000000180017b4c     libucrt:fpexcept.obj
 0004:00000b58       $pdata$_clrfp              0000000180017b58     libucrt:fpctrl.obj
 0004:00000b64       $pdata$_ctrlfp             0000000180017b64     libucrt:fpctrl.obj
 0004:00000b70       $pdata$_set_statfp         0000000180017b70     libucrt:fpctrl.obj
 0004:00000b7c       $pdata$_statfp             0000000180017b7c     libucrt:fpctrl.obj
 0004:00000b88       $pdata$?DloadAcquireSectionWriteAccess@@YAXXZ 0000000180017b88     DelayImp:delayhlp.obj
 0004:00000b94       $pdata$?DloadGetSRWLockFunctionPointers@@YAEXZ 0000000180017b94     DelayImp:delayhlp.obj
 0004:00000ba0       $pdata$?DloadMakePermanentImageCommit@@YAXPEAX_K@Z 0000000180017ba0     DelayImp:delayhlp.obj
 0004:00000bac       $pdata$?DloadObtainSection@@YAPEAXPEAK0@Z 0000000180017bac     DelayImp:delayhlp.obj
 0004:00000bb8       $pdata$?DloadProtectSection@@YAXKPEAK@Z 0000000180017bb8     DelayImp:delayhlp.obj
 0004:00000bc4       $pdata$?DloadReleaseSectionWriteAccess@@YAXXZ 0000000180017bc4     DelayImp:delayhlp.obj
 0004:00000bd0       $pdata$__delayLoadHelper2  0000000180017bd0     DelayImp:delayhlp.obj
 0004:00000bdc       $pdata$_IsNonwritableInCurrentImage 0000000180017bdc     LIBCMT:pesect.obj
 0004:00000be8       $pdata$__GSHandlerCheck    0000000180017be8     LIBCMT:_gshandler_.obj
 0004:00000bf4       $pdata$__GSHandlerCheckCommon 0000000180017bf4     LIBCMT:_gshandler_.obj
 0004:00000c60       $pdata$?fin$0@?0??dllmain_crt_process_attach@@YAHQEAUHINSTANCE__@@QEAX@Z@4HA 0000000180017c60     LIBCMT:dll_dllmain.obj
 0004:00000c6c       $pdata$?fin$0@?0??dllmain_crt_process_detach@@YAH_N@Z@4HA 0000000180017c6c     LIBCMT:dll_dllmain.obj
 0004:00000c78       $pdata$?filt$0@?0??dllmain_dispatch@@YAHQEAUHINSTANCE__@@KQEAX@Z@4HA 0000000180017c78     LIBCMT:dll_dllmain.obj
 0004:00000c84       $pdata$__scrt_is_nonwritable_in_current_image$filt$0 0000000180017c84     LIBCMT:utility.obj
 0004:00000c90       $pdata$?filt$0@?0???R<lambda_6e4b09c48022b2350581041d5f6b0c4c>@@QEBA@XZ@4HA 0000000180017c90     libucrt:exit.obj
 0004:00000c9c       $pdata$?fin$0@?0???$?RV<lambda_410d79af7f07d98d83a3f525b3859a53>@@AEAV<lambda_3e16ef9562a7dcce91392c22ab16ea36>@@V<lambda_38119f0e861e05405d8a144b9b982f0a>@@@?$__crt_seh_guarded_call@X@@QEAAX$$QEAV<lambda_410d79af7f07d98d83a3f525b3859a53>@@AEAV<lambda_3e16ef9562a7dcce91392c22ab16ea36>@@$$QEAV<lambda_38119f0e861e05405d8a144b9b982f0a>@@@Z@4HA 0000000180017c9c     libucrt:wsetlocale.obj
 0004:00000ca8       $pdata$?fin$0@?0???$?RV<lambda_efdfa57d1f175319df784efa44bb7b81>@@AEAV<lambda_5f0a4c1567f8adc6734073e5d1e1b35c>@@V<lambda_2e8a7d3640ea6ccb4c2413664c2db6fd>@@@?$__crt_seh_guarded_call@X@@QEAAX$$QEAV<lambda_efdfa57d1f175319df784efa44bb7b81>@@AEAV<lambda_5f0a4c1567f8adc6734073e5d1e1b35c>@@$$QEAV<lambda_2e8a7d3640ea6ccb4c2413664c2db6fd>@@@Z@4HA 0000000180017ca8     libucrt:mbctype.obj
 0004:00000ca8       $pdata$?fin$0@?0???$?RV<lambda_0ae27a3a962d80f24befdcbee591983d>@@AEAV<lambda_8d0ee55de4b1038c4002e0adecdf1839>@@V<lambda_dc504788e8f1664fe9b84e20bfb512f2>@@@?$__crt_seh_guarded_call@X@@QEAAX$$QEAV<lambda_0ae27a3a962d80f24befdcbee591983d>@@AEAV<lambda_8d0ee55de4b1038c4002e0adecdf1839>@@$$QEAV<lambda_dc504788e8f1664fe9b84e20bfb512f2>@@@Z@4HA 0000000180017ca8     libucrt:per_thread_data.obj
 0004:00000ca8       $pdata$?fin$0@?0???$?RV<lambda_450d765d439847d4c735a33c368b5fc0>@@AEAV<lambda_44731a7d0e6d81c3e6aa82d741081786>@@V<lambda_601a2a7da3b7a96e9554ac7215c4b07c>@@@?$__crt_seh_guarded_call@P6AXH@Z@@QEAAP6AXH@Z$$QEAV<lambda_450d765d439847d4c735a33c368b5fc0>@@AEAV<lambda_44731a7d0e6d81c3e6aa82d741081786>@@$$QEAV<lambda_601a2a7da3b7a96e9554ac7215c4b07c>@@@Z@4HA 0000000180017ca8     libucrt:signal.obj
 0004:00000ca8       $pdata$?fin$0@?0???$?RV<lambda_aa87e3671a710a21b5dc78c0bdf72e11>@@AEAV<lambda_92619d2358a28f41a33ba319515a20b9>@@V<lambda_6992ecaafeb10aed2b74cb1fae11a551>@@@?$__crt_seh_guarded_call@X@@QEAAX$$QEAV<lambda_aa87e3671a710a21b5dc78c0bdf72e11>@@AEAV<lambda_92619d2358a28f41a33ba319515a20b9>@@$$QEAV<lambda_6992ecaafeb10aed2b74cb1fae11a551>@@@Z@4HA 0000000180017ca8     libucrt:per_thread_data.obj
 0004:00000ca8       $pdata$?fin$0@?0???$?RV<lambda_d80eeec6fff315bfe5c115232f3240e3>@@AEAV<lambda_6e4b09c48022b2350581041d5f6b0c4c>@@V<lambda_2358e3775559c9db80273638284d5e45>@@@?$__crt_seh_guarded_call@X@@QEAAX$$QEAV<lambda_d80eeec6fff315bfe5c115232f3240e3>@@AEAV<lambda_6e4b09c48022b2350581041d5f6b0c4c>@@$$QEAV<lambda_2358e3775559c9db80273638284d5e45>@@@Z@4HA 0000000180017ca8     libucrt:exit.obj
 0004:00000ca8       $pdata$?fin$0@?0???$?RV<lambda_7777bce6b2f8c936911f934f8298dc43>@@AEAV<lambda_f03950bc5685219e0bcd2087efbe011e>@@V<lambda_3883c3dff614d5e0c5f61bb1ac94921c>@@@?$__crt_seh_guarded_call@H@@QEAAH$$QEAV<lambda_7777bce6b2f8c936911f934f8298dc43>@@AEAV<lambda_f03950bc5685219e0bcd2087efbe011e>@@$$QEAV<lambda_3883c3dff614d5e0c5f61bb1ac94921c>@@@Z@4HA 0000000180017ca8     libucrt:onexit.obj
 0004:00000ca8       $pdata$?fin$0@?0???$?RV<lambda_f2e299630e499de9f9a165e60fcd3db5>@@AEAV<lambda_2ae9d31cdba2644fcbeaf08da7c24588>@@V<lambda_40d01ff24d0e7b3814fdbdcee8eab3c7>@@@?$__crt_seh_guarded_call@X@@QEAAX$$QEAV<lambda_f2e299630e499de9f9a165e60fcd3db5>@@AEAV<lambda_2ae9d31cdba2644fcbeaf08da7c24588>@@$$QEAV<lambda_40d01ff24d0e7b3814fdbdcee8eab3c7>@@@Z@4HA 0000000180017ca8     libucrt:per_thread_data.obj
 0004:00000ca8       $pdata$?fin$0@?0???$?RV<lambda_2d41944a1d46af3157314b8a01080d33>@@AEAV<lambda_8f455de75cd7d7f24b4096f044d8b9e6>@@V<lambda_aa500f224e6afead328df44964fe2772>@@@?$__crt_seh_guarded_call@X@@QEAAX$$QEAV<lambda_2d41944a1d46af3157314b8a01080d33>@@AEAV<lambda_8f455de75cd7d7f24b4096f044d8b9e6>@@$$QEAV<lambda_aa500f224e6afead328df44964fe2772>@@@Z@4HA 0000000180017ca8     libucrt:per_thread_data.obj
 0004:00000cb4       $pdata$?fin$0@?0??update_thread_multibyte_data_internal@@YAPEAU__crt_multibyte_data@@QEAU__acrt_ptd@@QEAPEAU1@@Z@4HA 0000000180017cb4     libucrt:mbctype.obj
 0004:00000cc0       $pdata$__acrt_lowio_ensure_fh_exists$fin$0 0000000180017cc0     libucrt:osfinfo.obj
 0004:00000cc0       $pdata$__acrt_initialize_lowio$fin$0 0000000180017cc0     libucrt:ioinit.obj
 0004:00000ccc       $pdata$_query_new_handler$fin$0 0000000180017ccc     libucrt:new_handler.obj
 0004:00000cd8       $pdata$raise$fin$0         0000000180017cd8     libucrt:signal.obj
 0004:00000ce4       $pdata$?fin$0@?0???$?RV<lambda_842d9ff0dc9ef11c61343bbaebe7f885>@@AEAV<lambda_c5860995281e5c4ce005b3de8f5874ee>@@V<lambda_d90129c13df834fdcbf8d2b88dafcf2d>@@@?$__crt_seh_guarded_call@X@@QEAAX$$QEAV<lambda_842d9ff0dc9ef11c61343bbaebe7f885>@@AEAV<lambda_c5860995281e5c4ce005b3de8f5874ee>@@$$QEAV<lambda_d90129c13df834fdcbf8d2b88dafcf2d>@@@Z@4HA 0000000180017ce4     libucrt:fflush.obj
 0004:00000cf0       $pdata$?fin$0@?0???$?RV<lambda_886d6c58226a84441f68b9f2b8217b83>@@AEAV<lambda_ab61a845afdef5b7c387490eaf3616ee>@@V<lambda_f7f22ab5edc0698d5f6905b0d3f44752>@@@?$__crt_seh_guarded_call@X@@QEAAX$$QEAV<lambda_886d6c58226a84441f68b9f2b8217b83>@@AEAV<lambda_ab61a845afdef5b7c387490eaf3616ee>@@$$QEAV<lambda_f7f22ab5edc0698d5f6905b0d3f44752>@@@Z@4HA 0000000180017cf0     libucrt:fflush.obj
 0004:00000cfc       $pdata$__acrt_update_thread_locale_data$fin$0 0000000180017cfc     libucrt:locale_refcounting.obj
 0004:00000d08       $pdata$_write$fin$0        0000000180017d08     libucrt:write.obj
 0004:00000d14       $pdata$_fcloseall$fin$0    0000000180017d14     libucrt:closeall.obj
 0004:00000d20       $pdata$fclose$fin$0        0000000180017d20     libucrt:fclose.obj
 0004:00000d2c       $pdata$?fin$0@?0???$?RV<lambda_a37b2b86f63e897a80ea819b0eb08c01>@@AEAV<lambda_38ce7e780aa69e748d6df282ebc68efe>@@V<lambda_99fb1378e971ab6e7edea83e3a7a83a2>@@@?$__crt_seh_guarded_call@H@@QEAAH$$QEAV<lambda_a37b2b86f63e897a80ea819b0eb08c01>@@AEAV<lambda_38ce7e780aa69e748d6df282ebc68efe>@@$$QEAV<lambda_99fb1378e971ab6e7edea83e3a7a83a2>@@@Z@4HA 0000000180017d2c     libucrt:commit.obj
 0004:00000d2c       $pdata$?fin$0@?0???$?RV<lambda_751a882b2c74d4b022dec766aa51a29a>@@AEAV<lambda_628dfdc04ba53c8bfc02c9951375f3f5>@@V<lambda_f6c7be5f7998530c34de24c7437d6b54>@@@?$__crt_seh_guarded_call@H@@QEAAH$$QEAV<lambda_751a882b2c74d4b022dec766aa51a29a>@@AEAV<lambda_628dfdc04ba53c8bfc02c9951375f3f5>@@$$QEAV<lambda_f6c7be5f7998530c34de24c7437d6b54>@@@Z@4HA 0000000180017d2c     libucrt:close.obj
 0004:00000d38       $pdata$_ctrlfp$filt$0      0000000180017d38     libucrt:fpctrl.obj
 0004:00000d44       $pdata$_IsNonwritableInCurrentImage$filt$0 0000000180017d44     LIBCMT:pesect.obj
 0005:00000060       $R000000                   0000000180018060     * linker generated manifest res *

 Exports

  ordinal    name

        1    _register_addon_
